2025-03-18 16:17:16 - __main__ - ERROR - Error in pipeline: 'NoneType' object is not subscriptable
Traceback (most recent call last):
  File "/home/slouviot/01_projects/eeg_brain_state_prediction/src/eeg_brain_state_prediction/data_pipeline/tools/utils.py", line 78, in wrapper
    result = func(*args, **kwargs)
             ^^^^^^^^^^^^^^^^^^^^^
  File "/home/slouviot/01_projects/eeg_brain_state_prediction/src/eeg_brain_state_prediction/data_pipeline/feature_extraction.py", line 83, in pipeline
    eeg_features = crop(
                   ^^^^^
  File "/home/slouviot/01_projects/eeg_brain_state_prediction/src/eeg_brain_state_prediction/data_pipeline/tools/utils.py", line 78, in wrapper
    result = func(*args, **kwargs)
             ^^^^^^^^^^^^^^^^^^^^^
  File "/home/slouviot/01_projects/eeg_brain_state_prediction/src/eeg_brain_state_prediction/data_pipeline/tools/eeg.py", line 60, in crop
    eeg_features.mask = eeg_features.mask[tmin:]
                        ~~~~~~~~~~~~~~~~~^^^^^^^
TypeError: 'NoneType' object is not subscriptable
2025-03-18 16:39:57 - __main__ - ERROR - Error in pipeline: 'NoneType' object is not subscriptable
Traceback (most recent call last):
  File "/home/slouviot/01_projects/eeg_brain_state_prediction/src/eeg_brain_state_prediction/data_pipeline/tools/utils.py", line 78, in wrapper
    result = func(*args, **kwargs)
             ^^^^^^^^^^^^^^^^^^^^^
  File "/home/slouviot/01_projects/eeg_brain_state_prediction/src/eeg_brain_state_prediction/data_pipeline/feature_extraction.py", line 83, in pipeline
    eeg_features = crop(
                   ^^^^^
  File "/home/slouviot/01_projects/eeg_brain_state_prediction/src/eeg_brain_state_prediction/data_pipeline/tools/utils.py", line 78, in wrapper
    result = func(*args, **kwargs)
             ^^^^^^^^^^^^^^^^^^^^^
  File "/home/slouviot/01_projects/eeg_brain_state_prediction/src/eeg_brain_state_prediction/data_pipeline/tools/eeg.py", line 60, in crop
    eeg_features.mask = eeg_features.mask[tmin:]
                        ~~~~~~~~~~~~~~~~~^^^^^^^
TypeError: 'NoneType' object is not subscriptable
2025-03-18 17:05:32 - __main__ - ERROR - Error in pipeline: 'NoneType' object is not subscriptable
Traceback (most recent call last):
  File "/home/slouviot/01_projects/eeg_brain_state_prediction/src/eeg_brain_state_prediction/data_pipeline/tools/utils.py", line 78, in wrapper
    result = func(*args, **kwargs)
             ^^^^^^^^^^^^^^^^^^^^^
  File "/home/slouviot/01_projects/eeg_brain_state_prediction/src/eeg_brain_state_prediction/data_pipeline/feature_extraction.py", line 83, in pipeline
    eeg_features = crop(
                   ^^^^^
  File "/home/slouviot/01_projects/eeg_brain_state_prediction/src/eeg_brain_state_prediction/data_pipeline/tools/utils.py", line 78, in wrapper
    result = func(*args, **kwargs)
             ^^^^^^^^^^^^^^^^^^^^^
  File "/home/slouviot/01_projects/eeg_brain_state_prediction/src/eeg_brain_state_prediction/data_pipeline/tools/eeg.py", line 60, in crop
    eeg_features.mask = eeg_features.mask[tmin:]
                        ~~~~~~~~~~~~~~~~~^^^^^^^
TypeError: 'NoneType' object is not subscriptable
2025-03-26 11:03:22 - __main__ - ERROR - Error in pipeline: Wrongly specified frequency bands!
The signal band-pass must be within the noise band-pass!
Traceback (most recent call last):
  File "/home/slouviot/01_projects/eeg_brain_state_prediction/src/eeg_brain_state_prediction/data_pipeline/tools/utils.py", line 78, in wrapper
    result = func(*args, **kwargs)
             ^^^^^^^^^^^^^^^^^^^^^
  File "/home/slouviot/01_projects/eeg_brain_state_prediction/src/eeg_brain_state_prediction/data_pipeline/feature_extraction.py", line 95, in pipeline
    eeg_features = ssd_low_rank_factorization(eeg_features)
                   ^^^^^^^^^^^^^^^^^^^^^^^^^^^^^^^^^^^^^^^^
  File "/home/slouviot/01_projects/eeg_brain_state_prediction/src/eeg_brain_state_prediction/data_pipeline/tools/eeg.py", line 114, in ssd_low_rank_factorization
    ssd = SSD(
          ^^^^
  File "/home/slouviot/miniconda3/envs/mne/lib/python3.12/site-packages/mne/decoding/ssd.py", line 123, in __init__
    raise ValueError(
ValueError: Wrongly specified frequency bands!
The signal band-pass must be within the noise band-pass!
2025-03-26 11:04:01 - __main__ - ERROR - Error in pipeline: Filter specification invalid: Lower stop frequency negative (-0.50 Hz). Increase pass frequency or reduce the transition bandwidth (l_trans_bandwidth)
Traceback (most recent call last):
  File "/home/slouviot/01_projects/eeg_brain_state_prediction/src/eeg_brain_state_prediction/data_pipeline/tools/utils.py", line 78, in wrapper
    result = func(*args, **kwargs)
             ^^^^^^^^^^^^^^^^^^^^^
  File "/home/slouviot/01_projects/eeg_brain_state_prediction/src/eeg_brain_state_prediction/data_pipeline/feature_extraction.py", line 95, in pipeline
    eeg_features = ssd_low_rank_factorization(eeg_features)
                   ^^^^^^^^^^^^^^^^^^^^^^^^^^^^^^^^^^^^^^^^
  File "/home/slouviot/01_projects/eeg_brain_state_prediction/src/eeg_brain_state_prediction/data_pipeline/tools/eeg.py", line 135, in ssd_low_rank_factorization
    ssd.fit(X)
  File "/home/slouviot/miniconda3/envs/mne/lib/python3.12/site-packages/mne/decoding/ssd.py", line 189, in fit
    X_signal = filter_data(X_aux, self.info["sfreq"], **self.filt_params_signal)
               ^^^^^^^^^^^^^^^^^^^^^^^^^^^^^^^^^^^^^^^^^^^^^^^^^^^^^^^^^^^^^^^^^
  File "<decorator-gen-82>", line 12, in filter_data
  File "/home/slouviot/miniconda3/envs/mne/lib/python3.12/site-packages/mne/filter.py", line 1012, in filter_data
    filt = create_filter(
           ^^^^^^^^^^^^^^
  File "<decorator-gen-83>", line 12, in create_filter
  File "/home/slouviot/miniconda3/envs/mne/lib/python3.12/site-packages/mne/filter.py", line 1308, in create_filter
    ) = _triage_filter_params(
        ^^^^^^^^^^^^^^^^^^^^^^
  File "/home/slouviot/miniconda3/envs/mne/lib/python3.12/site-packages/mne/filter.py", line 2259, in _triage_filter_params
    raise ValueError(
ValueError: Filter specification invalid: Lower stop frequency negative (-0.50 Hz). Increase pass frequency or reduce the transition bandwidth (l_trans_bandwidth)
2025-03-26 11:05:59 - __main__ - ERROR - Error in pipeline: Filter specification invalid: Lower stop frequency negative (-0.50 Hz). Increase pass frequency or reduce the transition bandwidth (l_trans_bandwidth)
Traceback (most recent call last):
  File "/home/slouviot/01_projects/eeg_brain_state_prediction/src/eeg_brain_state_prediction/data_pipeline/tools/utils.py", line 78, in wrapper
    result = func(*args, **kwargs)
             ^^^^^^^^^^^^^^^^^^^^^
  File "/home/slouviot/01_projects/eeg_brain_state_prediction/src/eeg_brain_state_prediction/data_pipeline/feature_extraction.py", line 95, in pipeline
    eeg_features = ssd_low_rank_factorization(eeg_features)
                   ^^^^^^^^^^^^^^^^^^^^^^^^^^^^^^^^^^^^^^^^
  File "/home/slouviot/01_projects/eeg_brain_state_prediction/src/eeg_brain_state_prediction/data_pipeline/tools/eeg.py", line 135, in ssd_low_rank_factorization
    ssd.fit(X)
  File "/home/slouviot/miniconda3/envs/mne/lib/python3.12/site-packages/mne/decoding/ssd.py", line 189, in fit
    X_signal = filter_data(X_aux, self.info["sfreq"], **self.filt_params_signal)
               ^^^^^^^^^^^^^^^^^^^^^^^^^^^^^^^^^^^^^^^^^^^^^^^^^^^^^^^^^^^^^^^^^
  File "<decorator-gen-82>", line 12, in filter_data
  File "/home/slouviot/miniconda3/envs/mne/lib/python3.12/site-packages/mne/filter.py", line 1012, in filter_data
    filt = create_filter(
           ^^^^^^^^^^^^^^
  File "<decorator-gen-83>", line 12, in create_filter
  File "/home/slouviot/miniconda3/envs/mne/lib/python3.12/site-packages/mne/filter.py", line 1308, in create_filter
    ) = _triage_filter_params(
        ^^^^^^^^^^^^^^^^^^^^^^
  File "/home/slouviot/miniconda3/envs/mne/lib/python3.12/site-packages/mne/filter.py", line 2259, in _triage_filter_params
    raise ValueError(
ValueError: Filter specification invalid: Lower stop frequency negative (-0.50 Hz). Increase pass frequency or reduce the transition bandwidth (l_trans_bandwidth)
2025-03-26 11:08:34 - __main__ - ERROR - Error in pipeline: 'tuple' object is not callable
Traceback (most recent call last):
  File "/home/slouviot/01_projects/eeg_brain_state_prediction/src/eeg_brain_state_prediction/data_pipeline/tools/utils.py", line 78, in wrapper
    result = func(*args, **kwargs)
             ^^^^^^^^^^^^^^^^^^^^^
  File "/home/slouviot/01_projects/eeg_brain_state_prediction/src/eeg_brain_state_prediction/data_pipeline/feature_extraction.py", line 95, in pipeline
    eeg_features = ssd_low_rank_factorization(eeg_features)
                   ^^^^^^^^^^^^^^^^^^^^^^^^^^^^^^^^^^^^^^^^
  File "/home/slouviot/01_projects/eeg_brain_state_prediction/src/eeg_brain_state_prediction/data_pipeline/tools/eeg.py", line 141, in ssd_low_rank_factorization
    f"{extracted_features.shape(2)} low rank factorisation through SSD"/
      ^^^^^^^^^^^^^^^^^^^^^^^^^^^
TypeError: 'tuple' object is not callable
2025-03-26 11:09:09 - __main__ - ERROR - Error in pipeline: unsupported operand type(s) for /: 'str' and 'str'
Traceback (most recent call last):
  File "/home/slouviot/01_projects/eeg_brain_state_prediction/src/eeg_brain_state_prediction/data_pipeline/tools/utils.py", line 78, in wrapper
    result = func(*args, **kwargs)
             ^^^^^^^^^^^^^^^^^^^^^
  File "/home/slouviot/01_projects/eeg_brain_state_prediction/src/eeg_brain_state_prediction/data_pipeline/feature_extraction.py", line 95, in pipeline
    eeg_features = ssd_low_rank_factorization(eeg_features)
                   ^^^^^^^^^^^^^^^^^^^^^^^^^^^^^^^^^^^^^^^^
  File "/home/slouviot/01_projects/eeg_brain_state_prediction/src/eeg_brain_state_prediction/data_pipeline/tools/eeg.py", line 141, in ssd_low_rank_factorization
    f"{extracted_features.shape[2]} low rank factorisation through SSD"/
TypeError: unsupported operand type(s) for /: 'str' and 'str'
2025-03-26 11:10:22 - __main__ - ERROR - Error in pipeline: unsupported operand type(s) for /: 'str' and 'str'
Traceback (most recent call last):
  File "/home/slouviot/01_projects/eeg_brain_state_prediction/src/eeg_brain_state_prediction/data_pipeline/tools/utils.py", line 78, in wrapper
    result = func(*args, **kwargs)
             ^^^^^^^^^^^^^^^^^^^^^
  File "/home/slouviot/01_projects/eeg_brain_state_prediction/src/eeg_brain_state_prediction/data_pipeline/feature_extraction.py", line 95, in pipeline
    eeg_features = ssd_low_rank_factorization(eeg_features)
                   ^^^^^^^^^^^^^^^^^^^^^^^^^^^^^^^^^^^^^^^^
  File "/home/slouviot/01_projects/eeg_brain_state_prediction/src/eeg_brain_state_prediction/data_pipeline/tools/eeg.py", line 141, in ssd_low_rank_factorization
    f"{extracted_features.shape[2]} low rank factorisation through SSD"/
TypeError: unsupported operand type(s) for /: 'str' and 'str'
