No EOG channel found.
Fp1 and Fp2 will be used for EOG signal detection

saving into /data2/Projects/eeg_fmri_natview/chang_data/derivatives/sub-0010/ses-01/eeg/sub-0010_ses-01_task-MeRest_acq-mr0009_desc-SSDbands_eeg.pkl
{'time': array([0.000000e+00, 4.000000e-03, 8.000000e-03, ..., 1.469988e+03,
       1.469992e+03, 1.469996e+03]), 'labels': {'channels_info': {'index': [0, 1, 2, 3, 4, 5, 6, 7, 8, 9, 10, 11, 12, 13, 14, 15, 16, 17, 18, 19, 20, 21, 22, 23, 24, 25, 26, 27, 28], 'channel_name': ['Fp1', 'Fp2', 'F3', 'F4', 'C3', 'C4', 'P3', 'P4', 'O1', 'O2', 'F7', 'F8', 'T7', 'T8', 'Fz', 'Cz', 'Pz', 'Oz', 'FC1', 'FC2', 'CP1', 'CP2', 'FC5', 'FC6', 'CP5', 'CP6', 'TP9', 'TP10', 'POz'], 'anatomy': ['frontopolar', 'frontopolar', 'frontal', 'frontal', 'central', 'central', 'parietal', 'parietal', 'occipital', 'occipital', 'frontal', 'frontal', 'temporal', 'temporal', 'frontal', 'central', 'parietal', 'occipital', 'fronto-central', 'fronto-central', 'centro-parietal', 'centro-parietal', 'fronto-central', 'fronto-central', 'centro-parietal', 'centro-parietal', 'temporo-parietal', 'temporo-parietal', 'parieto-occipital'], 'laterality': ['left', 'right', 'left', 'right', 'left', 'right', 'left', 'right', 'left', 'right', 'left', 'right', 'left', 'right', 'midline', 'midline', 'midline', 'midline', 'left', 'right', 'left', 'right', 'left', 'right', 'left', 'right', 'left', 'right', 'midline']}, 'frequencies': [(0.5, 4), (4, 8), (8, 13), (13, 30), (30, 40)]}, 'feature': array([[[ 2.93891738e-20, -1.15412500e-20, -1.26581548e-20,
          2.55922481e-20,  2.73255891e-21],
        [-5.72675632e-07, -2.13353264e-06, -1.87761394e-07,
         -4.46561419e-05, -2.26401988e-06],
        [-1.14424803e-06, -4.23331786e-06, -3.51982426e-07,
         -7.56252768e-05, -2.89426216e-06],
        ...,
        [-5.59190153e-06,  1.43682074e-06,  9.28010091e-06,
          5.58980677e-05, -2.48802330e-06],
        [-2.80383645e-06,  7.27275875e-07,  4.80933036e-06,
          3.28897205e-05, -2.00923216e-06],
        [ 4.54773540e-21, -1.16857301e-21, -1.20107453e-20,
          4.10001755e-21,  2.50173133e-20]],

       [[ 9.45464864e-21, -7.19126580e-21, -1.10211532e-20,
          1.63483049e-20,  6.53557528e-22],
        [ 7.77773972e-07, -3.67225003e-06,  1.21548500e-06,
         -4.03764299e-05, -5.29650673e-06],
        [ 1.55210648e-06, -7.29621875e-06,  2.34421300e-06,
         -6.83499990e-05, -6.91370829e-06],
        ...,
        [ 2.36084110e-06, -4.31291172e-06,  6.86164513e-06,
          5.45160009e-05,  2.06435467e-06],
        [ 1.18272487e-06, -2.17851429e-06,  3.55547472e-06,
          3.20519722e-05,  1.56444796e-06],
        [ 8.66474048e-21,  3.41689895e-21, -7.85782124e-21,
          6.82366151e-21,  8.65202280e-21]],

       [[ 1.17958784e-20, -4.34168818e-21, -9.37643661e-21,
          1.57642934e-20,  9.41281375e-21],
        [-1.93621156e-07, -7.51828280e-07, -4.91213422e-07,
         -3.62771340e-05, -1.94694019e-06],
        [-3.87072680e-07, -1.47450593e-06, -9.40842543e-07,
         -6.14843301e-05, -2.47169743e-06],
        ...,
        [-2.69954180e-06,  2.37785973e-06,  5.46975513e-06,
          5.21397477e-05, -8.15767288e-07],
        [-1.35379292e-06,  1.20103865e-06,  2.83598257e-06,
          3.06646645e-05, -6.64669718e-07],
        [ 1.51400063e-20, -1.13598757e-21, -6.37750917e-21,
          9.11601087e-23,  1.75554262e-20]],

       ...,

       [[-5.27067358e-21,  8.99839924e-21, -1.04917005e-20,
         -3.08993194e-20,  1.74212504e-20],
        [-1.69779409e-07,  4.73098696e-06, -4.47271451e-06,
          4.18848942e-05,  7.05754951e-07],
        [-3.38655457e-07,  9.41564748e-06, -8.59954683e-06,
          7.07315198e-05,  9.84195972e-07],
        ...,
        [-2.35390025e-07,  7.04880301e-06,  2.01694185e-05,
         -6.33779301e-05, -2.69158663e-06],
        [-1.17999565e-07,  3.55918935e-06,  1.04600192e-05,
         -3.71293199e-05, -2.18323080e-06],
        [ 8.84131441e-21,  1.25155350e-20, -2.84795566e-20,
         -2.03577536e-20,  8.57842397e-21]],

       [[-1.97522331e-20,  1.04952394e-20,  8.29968429e-21,
         -4.94984932e-20,  1.53389011e-20],
        [-4.24685627e-07, -3.60613630e-06,  8.90822508e-06,
          3.79914404e-05, -4.97318300e-06],
        [-8.46518252e-07, -7.13131883e-06,  1.70926010e-05,
          6.40653142e-05, -6.48857794e-06],
        ...,
        [ 1.90650606e-06, -1.24226224e-05, -6.86774852e-06,
         -5.69510017e-05,  5.73739468e-06],
        [ 9.56888370e-07, -6.28308879e-06, -3.55038683e-06,
         -3.32989549e-05,  4.38844691e-06],
        [-1.50342284e-20,  1.51570999e-20,  2.02288204e-20,
         -2.12360221e-20, -1.14343592e-20]],

       [[-7.00836254e-21,  1.50880995e-20,  2.83855512e-20,
         -5.22687457e-20,  6.93696778e-21],
        [ 1.17985415e-07,  9.91561557e-07, -9.09197407e-08,
          4.30279019e-05, -7.29572324e-07],
        [ 2.35866099e-07,  1.98252974e-06, -2.11274845e-07,
          7.26863962e-05, -9.31870276e-07],
        ...,
        [ 1.54407024e-06, -1.43368945e-06, -2.90830046e-06,
         -6.18905948e-05,  1.19142376e-06],
        [ 7.74159203e-07, -7.26872003e-07, -1.50063680e-06,
         -3.62352999e-05,  8.80723915e-07],
        [-6.99948825e-22,  2.48477872e-21,  2.12015202e-20,
         -2.65987737e-20, -1.47524648e-21]]]), 'feature_info': ['Resampled from 250.0 Hz to 250 Hz', 'Cropped from 0.0s to 1469.924s', 'Reset time: 0.0s to 1469.924s', '5 low rank factorisation through SSD from 0.5 to 40 Hz'], 'mask': array([ True,  True,  True, ...,  True,  True,  True])}
No EOG channel found.
Fp1 and Fp2 will be used for EOG signal detection

saving into /data2/Projects/eeg_fmri_natview/chang_data/derivatives/sub-0010/ses-01/eeg/sub-0010_ses-01_task-MeRest_acq-mr0015_desc-SSDbands_eeg.pkl
{'time': array([0.000000e+00, 4.000000e-03, 8.000000e-03, ..., 1.469988e+03,
       1.469992e+03, 1.469996e+03]), 'labels': {'channels_info': {'index': [0, 1, 2, 3, 4, 5, 6, 7, 8, 9, 10, 11, 12, 13, 14, 15, 16, 17, 18, 19, 20, 21, 22, 23, 24, 25, 26, 27, 28], 'channel_name': ['Fp1', 'Fp2', 'F3', 'F4', 'C3', 'C4', 'P3', 'P4', 'O1', 'O2', 'F7', 'F8', 'T7', 'T8', 'Fz', 'Cz', 'Pz', 'Oz', 'FC1', 'FC2', 'CP1', 'CP2', 'FC5', 'FC6', 'CP5', 'CP6', 'TP9', 'TP10', 'POz'], 'anatomy': ['frontopolar', 'frontopolar', 'frontal', 'frontal', 'central', 'central', 'parietal', 'parietal', 'occipital', 'occipital', 'frontal', 'frontal', 'temporal', 'temporal', 'frontal', 'central', 'parietal', 'occipital', 'fronto-central', 'fronto-central', 'centro-parietal', 'centro-parietal', 'fronto-central', 'fronto-central', 'centro-parietal', 'centro-parietal', 'temporo-parietal', 'temporo-parietal', 'parieto-occipital'], 'laterality': ['left', 'right', 'left', 'right', 'left', 'right', 'left', 'right', 'left', 'right', 'left', 'right', 'left', 'right', 'midline', 'midline', 'midline', 'midline', 'left', 'right', 'left', 'right', 'left', 'right', 'left', 'right', 'left', 'right', 'midline']}, 'frequencies': [(0.5, 4), (4, 8), (8, 13), (13, 30), (30, 40)]}, 'feature': array([[[ 1.88785185e-20, -2.09003509e-20, -9.42023984e-21,
         -6.36927131e-21, -2.65934555e-20],
        [ 6.21173144e-07,  1.45956071e-06,  1.29417346e-06,
         -2.38147581e-05, -1.86340251e-06],
        [ 1.24067269e-06,  2.87027926e-06,  2.50447969e-06,
         -4.04390047e-05, -2.36746105e-06],
        ...,
        [ 3.54318845e-06,  1.49141650e-05,  3.81305844e-06,
         -1.54126547e-05,  1.53109394e-06],
        [ 1.77509796e-06,  7.53854517e-06,  1.96730756e-06,
         -9.07742261e-06,  1.19509621e-06],
        [ 9.33248632e-21, -6.12502246e-22,  2.28614679e-21,
          6.18429391e-21, -1.10962434e-20]],

       [[ 3.11876593e-21, -1.71117297e-20, -1.16756137e-20,
          6.43671937e-23, -3.99813726e-20],
        [ 7.29996474e-07,  2.65438754e-07,  1.34837578e-06,
         -3.03606068e-05, -6.94661411e-06],
        [ 1.45797781e-06,  5.31693260e-07,  2.60906520e-06,
         -5.16913729e-05, -8.85851413e-06],
        ...,
        [ 3.24014562e-06,  7.42182195e-06,  3.96900653e-06,
         -3.02271588e-05,  6.43997721e-06],
        [ 1.62318699e-06,  3.76039665e-06,  2.04857100e-06,
         -1.76651200e-05,  4.98887673e-06],
        [ 5.06366498e-21, -2.30517178e-21,  1.77981265e-21,
          8.06699592e-21, -1.34356001e-20]],

       [[-1.00830961e-21, -1.10310161e-20, -4.10198874e-21,
          2.69653349e-21, -4.90814685e-20],
        [-2.25606142e-08,  2.32520026e-06,  7.49146028e-07,
         -1.32553316e-05, -4.02112122e-06],
        [-4.46960704e-08,  4.57302462e-06,  1.45081791e-06,
         -2.24150430e-05, -5.21443743e-06],
        ...,
        [ 4.07322270e-07,  1.08306275e-05,  2.42329991e-06,
          1.42467136e-05, -1.10332245e-06],
        [ 2.04285564e-07,  5.46655435e-06,  1.25026001e-06,
          8.27097230e-06, -8.12804382e-07],
        [-4.11594278e-21, -2.58214090e-21,  3.01981123e-21,
          7.93952722e-21, -6.92308467e-21]],

       ...,

       [[ 4.46337876e-22,  1.91036120e-20,  7.99790608e-21,
         -1.60718731e-20,  2.70904199e-20],
        [-7.18460889e-08,  3.80499665e-06,  6.34247933e-07,
          3.96982631e-05, -4.28064295e-07],
        [-1.43637240e-07,  7.49619221e-06,  1.25897838e-06,
          6.76386437e-05, -4.99098398e-07],
        ...,
        [-9.51955727e-07,  5.08489230e-07,  7.96518343e-06,
          5.88124263e-05, -7.20179585e-06],
        [-4.76841669e-07,  2.42333472e-07,  4.11295045e-06,
          3.43797799e-05, -5.45973832e-06],
        [ 4.54095776e-21, -1.03831326e-20,  6.53595608e-21,
         -2.11368538e-20,  2.29649852e-20]],

       [[ 1.69523797e-21,  6.68331682e-21, -1.01488556e-20,
         -1.40994754e-20,  1.16356240e-20],
        [-2.04289795e-09,  1.52550577e-06,  1.62045975e-06,
          2.78177436e-05, -8.37376052e-06],
        [-4.25223056e-09,  3.04011056e-06,  3.16294517e-06,
          4.72586482e-05, -1.05704747e-05],
        ...,
        [-7.40379095e-07, -1.13967861e-05,  6.14917822e-06,
          3.43390085e-05,  8.40568816e-06],
        [-3.70824577e-07, -5.75357763e-06,  3.16457354e-06,
          2.01755080e-05,  6.53710604e-06],
        [ 6.08220266e-21, -8.35963759e-21,  5.41792567e-21,
         -1.57021217e-20,  5.83723165e-21]],

       [[ 4.81217420e-21,  4.66241223e-21,  1.23628263e-20,
         -8.40602501e-21,  2.05918350e-20],
        [ 9.25875491e-08,  1.78994422e-06, -4.24425951e-06,
          3.01128965e-05, -3.30094425e-06],
        [ 1.84748965e-07,  3.53933543e-06, -8.13106644e-06,
          5.11374723e-05, -4.14949697e-06],
        ...,
        [ 8.27854844e-08, -4.06108238e-06, -5.87075337e-06,
          2.67153107e-05,  1.43031163e-06],
        [ 4.14976450e-08, -2.05530791e-06, -3.03319360e-06,
          1.56999123e-05,  1.15493692e-06],
        [ 4.35612901e-21, -8.88074229e-22,  1.72311601e-20,
         -1.76838983e-20,  1.32210983e-20]]]), 'feature_info': ['Resampled from 250.0 Hz to 250 Hz', 'Cropped from 0.0s to 1469.924s', 'Reset time: 0.0s to 1469.924s', '5 low rank factorisation through SSD from 0.5 to 40 Hz'], 'mask': array([ True,  True,  True, ...,  True,  True,  True])}
No EOG channel found.
Fp1 and Fp2 will be used for EOG signal detection

saving into /data2/Projects/eeg_fmri_natview/chang_data/derivatives/sub-0012/ses-01/eeg/sub-0012_ses-01_task-MeRest_acq-mr0012_desc-SSDbands_eeg.pkl
{'time': array([0.000000e+00, 4.000000e-03, 8.000000e-03, ..., 1.470988e+03,
       1.470992e+03, 1.470996e+03]), 'labels': {'channels_info': {'index': [0, 1, 2, 3, 4, 5, 6, 7, 8, 9, 10, 11, 12, 13, 14, 15, 16, 17, 18, 19, 20, 21, 22, 23, 24, 25, 26, 27, 28], 'channel_name': ['Fp1', 'Fp2', 'F3', 'F4', 'C3', 'C4', 'P3', 'P4', 'O1', 'O2', 'F7', 'F8', 'T7', 'T8', 'Fz', 'Cz', 'Pz', 'Oz', 'FC1', 'FC2', 'CP1', 'CP2', 'FC5', 'FC6', 'CP5', 'CP6', 'TP9', 'TP10', 'POz'], 'anatomy': ['frontopolar', 'frontopolar', 'frontal', 'frontal', 'central', 'central', 'parietal', 'parietal', 'occipital', 'occipital', 'frontal', 'frontal', 'temporal', 'temporal', 'frontal', 'central', 'parietal', 'occipital', 'fronto-central', 'fronto-central', 'centro-parietal', 'centro-parietal', 'fronto-central', 'fronto-central', 'centro-parietal', 'centro-parietal', 'temporo-parietal', 'temporo-parietal', 'parieto-occipital'], 'laterality': ['left', 'right', 'left', 'right', 'left', 'right', 'left', 'right', 'left', 'right', 'left', 'right', 'left', 'right', 'midline', 'midline', 'midline', 'midline', 'left', 'right', 'left', 'right', 'left', 'right', 'left', 'right', 'left', 'right', 'midline']}, 'frequencies': [(0.5, 4), (4, 8), (8, 13), (13, 30), (30, 40)]}, 'feature': array([[[-3.13282896e-20,  2.84787049e-20, -2.40493093e-20,
         -2.42102991e-20, -2.54401475e-20],
        [ 3.00825861e-07, -7.79594284e-06,  1.82668366e-06,
         -3.07582354e-06,  7.15477167e-06],
        [ 6.01933929e-07, -1.53911900e-05,  3.56519902e-06,
         -4.85768159e-06,  9.24177301e-06],
        ...,
        [-5.92318781e-08,  3.31702396e-07, -2.48475972e-08,
          1.30688412e-07, -2.49815812e-07],
        [-2.90223236e-08,  1.68188564e-07, -1.32330603e-08,
          7.13965558e-08, -1.96021153e-07],
        [ 2.15986012e-21,  1.44226696e-20, -2.60438456e-21,
         -5.11106355e-21, -1.96226078e-20]],

       [[-3.13440024e-20,  4.38568534e-20, -2.42515614e-20,
         -4.69337534e-20, -2.15550701e-20],
        [ 3.05425447e-07, -4.43754406e-06,  1.89090970e-06,
         -2.79935674e-06,  5.19450008e-06],
        [ 6.11728257e-07, -8.77743373e-06,  3.68242810e-06,
         -4.41519790e-06,  6.79273157e-06],
        ...,
        [-6.96542797e-08,  7.46186080e-08, -3.21735808e-08,
          1.96539811e-07, -9.94499196e-08],
        [-3.40398133e-08,  3.80391948e-08, -1.70683073e-08,
          1.08561758e-07, -7.55314341e-08],
        [ 6.71412580e-21,  1.05977182e-20, -1.62133835e-21,
         -9.57624211e-21, -5.73910420e-21]],

       [[-1.67968604e-20,  1.35025306e-21, -7.74915810e-21,
          1.71154636e-20, -1.24125082e-20],
        [ 1.58278682e-07, -4.14404681e-06, -5.05939436e-07,
         -6.89356199e-06,  3.94091448e-06],
        [ 3.15693481e-07, -8.16451455e-06, -9.42941851e-07,
         -1.13932024e-05,  5.02375214e-06],
        ...,
        [-2.29687932e-08,  2.98745684e-07,  1.11926506e-07,
          1.34795644e-07, -2.05885135e-07],
        [-1.12651385e-08,  1.51341115e-07,  5.79812119e-08,
          7.96768172e-08, -1.63125400e-07],
        [ 2.26260189e-21,  1.08481378e-20, -3.65387465e-21,
          6.19914934e-21, -1.09308523e-20]],

       ...,

       [[ 2.86473484e-20, -1.25020064e-20,  1.07397811e-19,
         -1.24330079e-21,  1.14498815e-20],
        [-3.36005635e-08,  3.73537965e-06, -3.29430158e-05,
          1.95320310e-05,  4.49813214e-06],
        [-6.46164002e-08,  7.41765500e-06, -6.34903729e-05,
          3.30295934e-05,  5.69470114e-06],
        ...,
        [ 8.95530555e-09,  4.00266068e-07,  2.26731704e-06,
         -5.70531546e-07, -3.66228503e-07],
        [ 4.36933181e-09,  2.02531471e-07,  1.17808112e-06,
         -3.42385637e-07, -2.91559899e-07],
        [-1.75514482e-20,  2.35311424e-20, -3.81225213e-20,
         -4.02204857e-21, -1.15797969e-20]],

       [[ 4.99888937e-20, -1.93804070e-20,  1.09787537e-22,
          4.76828687e-20,  1.32269361e-20],
        [-3.92926236e-07,  6.20034253e-06,  1.43488679e-06,
          1.42729476e-06,  2.85710111e-07],
        [-7.80088921e-07,  1.22296449e-05,  2.75125048e-06,
          2.21892228e-06,  4.86956883e-07],
        ...,
        [ 2.98022347e-08, -6.24738287e-07, -1.40008575e-07,
         -2.11790831e-07,  4.30208616e-08],
        [ 1.48008138e-08, -3.16350576e-07, -7.29373017e-08,
         -1.16870406e-07,  4.11636666e-08],
        [-2.05770706e-20, -2.12743034e-20, -1.20125593e-21,
          3.34853357e-20,  2.09454265e-20]],

       [[ 2.78871706e-20, -3.33617106e-20,  6.04809908e-20,
          2.77688046e-20,  2.56014377e-20],
        [-2.84283817e-07,  3.74597245e-06, -4.72170194e-06,
          8.32463371e-06,  1.60062017e-07],
        [-5.64086234e-07,  7.40605347e-06, -9.13778638e-06,
          1.39703739e-05,  1.84745844e-07],
        ...,
        [ 3.99358851e-08,  3.58221853e-09,  2.19187321e-07,
         -4.00624099e-07, -6.40179847e-08],
        [ 2.00423938e-08,  1.64498877e-09,  1.14049158e-07,
         -2.32299556e-07, -4.86500173e-08],
        [-3.28405648e-20,  3.54716878e-21, -1.92097230e-20,
          2.33874275e-20,  3.29901930e-21]]]), 'feature_info': ['Resampled from 250.0 Hz to 250 Hz', 'Cropped from 0.0s to 1469.928s', 'Reset time: 0.0s to 1469.928s', '5 low rank factorisation through SSD from 0.5 to 40 Hz'], 'mask': array([ True,  True,  True, ...,  True,  True,  True])}
No EOG channel found.
Fp1 and Fp2 will be used for EOG signal detection

saving into /data2/Projects/eeg_fmri_natview/chang_data/derivatives/sub-0012/ses-01/eeg/sub-0012_ses-01_task-MeRest_acq-mr0018_desc-SSDbands_eeg.pkl
{'time': array([0.000000e+00, 4.000000e-03, 8.000000e-03, ..., 1.470988e+03,
       1.470992e+03, 1.470996e+03]), 'labels': {'channels_info': {'index': [0, 1, 2, 3, 4, 5, 6, 7, 8, 9, 10, 11, 12, 13, 14, 15, 16, 17, 18, 19, 20, 21, 22, 23, 24, 25, 26, 27, 28], 'channel_name': ['Fp1', 'Fp2', 'F3', 'F4', 'C3', 'C4', 'P3', 'P4', 'O1', 'O2', 'F7', 'F8', 'T7', 'T8', 'Fz', 'Cz', 'Pz', 'Oz', 'FC1', 'FC2', 'CP1', 'CP2', 'FC5', 'FC6', 'CP5', 'CP6', 'TP9', 'TP10', 'POz'], 'anatomy': ['frontopolar', 'frontopolar', 'frontal', 'frontal', 'central', 'central', 'parietal', 'parietal', 'occipital', 'occipital', 'frontal', 'frontal', 'temporal', 'temporal', 'frontal', 'central', 'parietal', 'occipital', 'fronto-central', 'fronto-central', 'centro-parietal', 'centro-parietal', 'fronto-central', 'fronto-central', 'centro-parietal', 'centro-parietal', 'temporo-parietal', 'temporo-parietal', 'parieto-occipital'], 'laterality': ['left', 'right', 'left', 'right', 'left', 'right', 'left', 'right', 'left', 'right', 'left', 'right', 'left', 'right', 'midline', 'midline', 'midline', 'midline', 'left', 'right', 'left', 'right', 'left', 'right', 'left', 'right', 'left', 'right', 'midline']}, 'frequencies': [(0.5, 4), (4, 8), (8, 13), (13, 30), (30, 40)]}, 'feature': array([[[-2.18960889e-20,  8.73283754e-21, -2.56196063e-21,
         -4.68948852e-21, -1.43143814e-20],
        [ 1.71102632e-08,  1.12752952e-06,  6.93811469e-07,
          2.02325533e-06,  3.35038960e-06],
        [ 3.37302949e-08,  2.22461192e-06,  1.31337780e-06,
          2.87643640e-06,  4.08142553e-06],
        ...,
        [ 8.42778137e-09, -8.62796849e-08, -1.22011567e-07,
          2.26981451e-07, -9.42549154e-08],
        [ 4.22296897e-09, -4.35153981e-08, -6.37568114e-08,
          1.41111046e-07, -7.45492069e-08],
        [ 1.44788190e-20, -1.90999493e-20,  1.52392677e-20,
          1.17039755e-20, -1.49730979e-21]],

       [[-1.02817385e-20,  2.45990007e-20, -8.68052670e-21,
         -2.72650765e-20, -4.16338267e-21],
        [ 5.89356852e-07,  2.85769331e-06,  5.66290578e-07,
          1.17017018e-06, -1.32255807e-06],
        [ 1.17563588e-06,  5.63733459e-06,  1.06515083e-06,
          1.58400077e-06, -1.93313203e-06],
        ...,
        [ 1.26045288e-08, -3.08946030e-07, -9.55072720e-08,
          2.34816665e-07,  2.48086930e-07],
        [ 6.49615161e-09, -1.56271285e-07, -5.04309616e-08,
          1.44224774e-07,  1.96880671e-07],
        [ 2.72314366e-20, -3.43718233e-20,  9.89611712e-21,
          1.34095971e-20, -5.70874409e-21]],

       [[-2.67977175e-21,  9.78076165e-22, -8.41925662e-22,
         -1.42004589e-20, -2.04055416e-20],
        [ 8.27186391e-08, -1.14275009e-06,  8.99674897e-07,
         -1.04888611e-06,  4.57782041e-06],
        [ 1.64799472e-07, -2.25370877e-06,  1.72259848e-06,
         -2.13262811e-06,  5.86849494e-06],
        ...,
        [ 2.13253913e-08,  1.77410980e-07, -1.21972949e-07,
          2.84372044e-07, -2.88971214e-07],
        [ 1.07468945e-08,  8.99294011e-08, -6.31878341e-08,
          1.73359725e-07, -2.29128450e-07],
        [ 1.21249730e-21,  4.44543447e-21,  1.12798979e-20,
          7.14169819e-21, -4.55145264e-21]],

       ...,

       [[ 2.20518167e-20,  1.77208946e-21,  1.40492598e-20,
          1.73725086e-20, -2.95655311e-20],
        [-3.21619165e-08, -3.65674412e-06, -1.43473832e-06,
          7.85769341e-06,  5.54389315e-06],
        [-6.35986091e-08, -7.20979491e-06, -2.76878942e-06,
          1.34898707e-05,  7.02908150e-06],
        ...,
        [-1.00555900e-08,  6.89218930e-07, -1.99721232e-07,
         -3.87688963e-07, -3.17552494e-07],
        [-5.09591092e-09,  3.48792035e-07, -9.95495643e-08,
         -2.36423743e-07, -2.50389690e-07],
        [-8.52994650e-21, -2.46153530e-20,  1.00256780e-20,
         -4.22011575e-21, -2.09863111e-20]],

       [[ 3.99349663e-21,  2.84555155e-21,  1.11565009e-20,
          2.34420086e-20, -4.77639604e-21],
        [-2.76801610e-07, -3.78488134e-07, -3.14678417e-06,
          8.20240889e-06, -9.20942237e-06],
        [-5.51930854e-07, -7.50808603e-07, -6.05852355e-06,
          1.40548541e-05, -1.20191111e-05],
        ...,
        [-1.62718809e-08, -3.48620498e-07, -3.26497810e-08,
         -4.34543543e-07,  7.55347210e-07],
        [-8.27341154e-09, -1.76045444e-07, -1.66046943e-08,
         -2.62851609e-07,  6.01660725e-07],
        [-8.76954769e-21,  4.91142168e-20, -1.33781289e-21,
         -4.14216161e-21, -4.10905260e-20]],

       [[ 4.86972349e-20, -5.01095037e-21,  5.52772825e-20,
          2.96219944e-20, -1.44033180e-20],
        [-1.32011142e-08, -2.11505976e-06, -7.41471067e-06,
          8.03862386e-06, -1.75720993e-06],
        [-2.49592320e-08, -4.17229217e-06, -1.41321999e-05,
          1.37969152e-05, -2.30031001e-06],
        ...,
        [-5.84675522e-08,  2.15383065e-07,  4.63342441e-07,
         -4.31927890e-07,  1.48153431e-07],
        [-2.94765358e-08,  1.09121666e-07,  2.48756585e-07,
         -2.61968387e-07,  1.19297937e-07],
        [-2.75572400e-20,  1.32225244e-20, -3.47980858e-20,
         -6.40243549e-21, -2.85155074e-20]]]), 'feature_info': ['Resampled from 250.0 Hz to 250 Hz', 'Cropped from 0.0s to 1469.928s', 'Reset time: 0.0s to 1469.928s', '5 low rank factorisation through SSD from 0.5 to 40 Hz'], 'mask': array([ True,  True,  True, ...,  True,  True,  True])}
No EOG channel found.
Fp1 and Fp2 will be used for EOG signal detection

saving into /data2/Projects/eeg_fmri_natview/chang_data/derivatives/sub-0014/ses-01/eeg/sub-0014_ses-01_task-MeRest_acq-mr0012_desc-SSDbands_eeg.pkl
{'time': array([0.000000e+00, 4.000000e-03, 8.000000e-03, ..., 1.470988e+03,
       1.470992e+03, 1.470996e+03]), 'labels': {'channels_info': {'index': [0, 1, 2, 3, 4, 5, 6, 7, 8, 9, 10, 11, 12, 13, 14, 15, 16, 17, 18, 19, 20, 21, 22, 23, 24, 25, 26, 27, 28], 'channel_name': ['Fp1', 'Fp2', 'F3', 'F4', 'C3', 'C4', 'P3', 'P4', 'O1', 'O2', 'F7', 'F8', 'T7', 'T8', 'Fz', 'Cz', 'Pz', 'Oz', 'FC1', 'FC2', 'CP1', 'CP2', 'FC5', 'FC6', 'CP5', 'CP6', 'TP9', 'TP10', 'POz'], 'anatomy': ['frontopolar', 'frontopolar', 'frontal', 'frontal', 'central', 'central', 'parietal', 'parietal', 'occipital', 'occipital', 'frontal', 'frontal', 'temporal', 'temporal', 'frontal', 'central', 'parietal', 'occipital', 'fronto-central', 'fronto-central', 'centro-parietal', 'centro-parietal', 'fronto-central', 'fronto-central', 'centro-parietal', 'centro-parietal', 'temporo-parietal', 'temporo-parietal', 'parieto-occipital'], 'laterality': ['left', 'right', 'left', 'right', 'left', 'right', 'left', 'right', 'left', 'right', 'left', 'right', 'left', 'right', 'midline', 'midline', 'midline', 'midline', 'left', 'right', 'left', 'right', 'left', 'right', 'left', 'right', 'left', 'right', 'midline']}, 'frequencies': [(0.5, 4), (4, 8), (8, 13), (13, 30), (30, 40)]}, 'feature': array([[[-1.51758608e-20,  3.33150851e-21, -4.80491305e-21,
         -1.40301349e-20,  8.26780787e-21],
        [ 2.30459426e-06,  1.33775616e-06, -5.61350641e-07,
          6.77480178e-06,  2.01851138e-05],
        [ 4.59928230e-06,  2.64452236e-06, -1.10454858e-06,
          1.08145996e-05,  2.59841866e-05],
        ...,
        [ 3.52565893e-08,  6.37146411e-08,  6.76332520e-08,
         -6.41886572e-07, -1.21941917e-06],
        [ 1.71158956e-08,  3.22096463e-08,  3.40976142e-08,
         -3.90987666e-07, -9.58087993e-07],
        [-5.30247238e-20, -7.46740443e-20, -1.15351712e-20,
         -2.92340732e-20, -1.32315028e-20]],

       [[-1.62699774e-20,  1.25622514e-20, -5.54774134e-22,
         -1.53926674e-20,  3.71426364e-20],
        [ 3.25384956e-06,  3.96784150e-07,  2.14603947e-07,
          2.96170576e-06,  2.96413459e-05],
        [ 6.49337762e-06,  7.88826383e-07,  3.92030936e-07,
          4.30164274e-06,  3.81039631e-05],
        ...,
        [ 2.28508262e-08,  2.92048819e-07,  1.05196614e-07,
         -4.00314292e-07, -1.69501154e-06],
        [ 1.08693184e-08,  1.47954184e-07,  5.39454624e-08,
         -2.46463343e-07, -1.33188826e-06],
        [-4.24280942e-20, -4.94881522e-20, -1.99442733e-20,
         -2.38683160e-20, -6.18784791e-21]],

       [[-8.77627715e-21,  4.65232442e-21, -8.23611135e-21,
         -2.15757951e-20,  1.09975188e-20],
        [ 9.37238128e-07,  6.39002503e-07, -1.04412004e-06,
         -9.84863895e-06, -2.32206838e-05],
        [ 1.87064171e-06,  1.26351576e-06, -2.01715649e-06,
         -1.74094016e-05, -2.97528414e-05],
        ...,
        [ 3.82354975e-08,  1.13002519e-07, -1.30412623e-08,
         -7.42453795e-09,  1.36315563e-06],
        [ 1.88574777e-08,  5.71999822e-08, -7.35403555e-09,
         -4.54223103e-09,  1.07619816e-06],
        [-4.50102624e-20, -5.68186334e-20,  2.30946549e-21,
         -1.10656205e-20, -3.34944051e-20]],

       ...,

       [[ 2.93286869e-21,  5.02805572e-20, -6.30023917e-20,
         -1.98205131e-20, -1.37486487e-20],
        [-1.26313196e-06, -4.60266800e-06, -1.14736458e-06,
          3.03085358e-05, -5.06974581e-05],
        [-2.52034451e-06, -9.08428194e-06, -2.24835456e-06,
          5.25809022e-05, -6.50968105e-05],
        ...,
        [ 1.75038396e-08,  9.18131228e-07, -7.40009521e-08,
         -1.39820121e-06,  2.98791801e-06],
        [ 8.49693083e-09,  4.65425962e-07, -3.97200479e-08,
         -8.37203402e-07,  2.35412368e-06],
        [ 4.68489291e-21, -1.82568434e-20, -7.62399174e-20,
         -2.47768422e-22, -2.29052362e-20]],

       [[ 2.33028725e-20,  1.68897209e-20,  2.14657174e-20,
         -4.10314366e-20, -1.41186200e-20],
        [-1.28018848e-06, -5.37829627e-06,  5.13903897e-06,
         -7.61710911e-06, -9.41399670e-06],
        [-2.55546805e-06, -1.06112307e-05,  9.93052839e-06,
         -1.22463156e-05, -1.21860299e-05],
        ...,
        [ 3.63127130e-08,  8.57662102e-07,  1.23065295e-07,
          5.63048196e-07,  6.37191072e-07],
        [ 1.89809042e-08,  4.35068121e-07,  6.68754890e-08,
          3.39926378e-07,  5.07452094e-07],
        [ 2.53259638e-20, -5.77092082e-20, -7.10774656e-20,
          4.66591645e-20,  3.28934629e-20]],

       [[ 4.21458284e-20,  2.89805321e-20, -7.42788070e-20,
         -7.40968937e-21,  6.45104315e-21],
        [-2.78455168e-07, -2.50000178e-06, -2.84957852e-07,
          3.39809602e-05, -8.44708831e-06],
        [-5.55451848e-07, -4.93029615e-06, -5.18434444e-07,
          5.89228673e-05, -1.08572192e-05],
        ...,
        [ 7.00643103e-09,  5.21000486e-07,  2.25722545e-07,
         -1.17436667e-06,  5.27830678e-07],
        [ 3.40619468e-09,  2.64136912e-07,  1.18113710e-07,
         -7.07040257e-07,  4.14837801e-07],
        [ 6.00536888e-20,  7.78636022e-20, -1.33586000e-19,
          3.07433962e-21,  3.54600136e-21]]]), 'feature_info': ['Resampled from 250.0 Hz to 250 Hz', 'Cropped from 0.0s to 1469.928s', 'Reset time: 0.0s to 1469.928s', '5 low rank factorisation through SSD from 0.5 to 40 Hz'], 'mask': array([ True,  True,  True, ...,  True,  True,  True])}
No EOG channel found.
Fp1 and Fp2 will be used for EOG signal detection

saving into /data2/Projects/eeg_fmri_natview/chang_data/derivatives/sub-0014/ses-01/eeg/sub-0014_ses-01_task-MeRest_acq-mr0018_desc-SSDbands_eeg.pkl
{'time': array([0.000000e+00, 4.000000e-03, 8.000000e-03, ..., 1.470988e+03,
       1.470992e+03, 1.470996e+03]), 'labels': {'channels_info': {'index': [0, 1, 2, 3, 4, 5, 6, 7, 8, 9, 10, 11, 12, 13, 14, 15, 16, 17, 18, 19, 20, 21, 22, 23, 24, 25, 26, 27, 28], 'channel_name': ['Fp1', 'Fp2', 'F3', 'F4', 'C3', 'C4', 'P3', 'P4', 'O1', 'O2', 'F7', 'F8', 'T7', 'T8', 'Fz', 'Cz', 'Pz', 'Oz', 'FC1', 'FC2', 'CP1', 'CP2', 'FC5', 'FC6', 'CP5', 'CP6', 'TP9', 'TP10', 'POz'], 'anatomy': ['frontopolar', 'frontopolar', 'frontal', 'frontal', 'central', 'central', 'parietal', 'parietal', 'occipital', 'occipital', 'frontal', 'frontal', 'temporal', 'temporal', 'frontal', 'central', 'parietal', 'occipital', 'fronto-central', 'fronto-central', 'centro-parietal', 'centro-parietal', 'fronto-central', 'fronto-central', 'centro-parietal', 'centro-parietal', 'temporo-parietal', 'temporo-parietal', 'parieto-occipital'], 'laterality': ['left', 'right', 'left', 'right', 'left', 'right', 'left', 'right', 'left', 'right', 'left', 'right', 'left', 'right', 'midline', 'midline', 'midline', 'midline', 'left', 'right', 'left', 'right', 'left', 'right', 'left', 'right', 'left', 'right', 'midline']}, 'frequencies': [(0.5, 4), (4, 8), (8, 13), (13, 30), (30, 40)]}, 'feature': array([[[ 9.01702619e-21,  5.30023726e-20, -1.54707341e-20,
          1.49790083e-20,  8.54496993e-21],
        [-7.43484452e-07, -1.47699971e-06,  1.38068861e-06,
         -5.25879468e-05,  6.50196893e-06],
        [-1.48370957e-06, -2.92067487e-06,  2.64409965e-06,
         -8.92246231e-05,  8.32533229e-06],
        ...,
        [ 1.44268476e-08,  8.77530364e-08,  4.81790040e-07,
          1.75499692e-06, -2.91879535e-07],
        [ 7.36996530e-09,  4.38123374e-08,  2.48050795e-07,
          1.07028509e-06, -2.23191812e-07],
        [ 9.78864722e-21,  1.65681007e-20, -1.94392643e-20,
          4.40264791e-20, -6.51708756e-21]],

       [[ 3.69651793e-21,  8.93263957e-20, -1.01715735e-20,
          1.13969145e-20,  1.36092593e-20],
        [-1.96621674e-06,  5.73793966e-07,  1.57870849e-07,
         -4.58678256e-05,  6.16996752e-06],
        [-3.92449576e-06,  1.13903312e-06,  2.93764019e-07,
         -7.77258564e-05,  7.80801370e-06],
        ...,
        [-5.66094917e-08,  4.36621385e-08,  4.90805608e-07,
          1.56948369e-06, -1.66513257e-07],
        [-2.75414661e-08,  2.15969814e-08,  2.52334406e-07,
          9.58939267e-07, -1.26663677e-07],
        [ 9.06457020e-21, -9.87332964e-21, -1.37365256e-20,
          3.51433744e-20, -2.88102683e-20]],

       [[ 2.90553038e-20,  3.78623884e-20, -7.47652082e-21,
          8.07251216e-21,  5.35222188e-21],
        [-2.19742773e-05, -2.13607240e-06,  7.81911913e-07,
         -5.60229670e-05,  4.35030792e-06],
        [-4.38586167e-05, -4.22662110e-06,  1.49887371e-06,
         -9.51387202e-05,  5.59396414e-06],
        ...,
        [-7.55313726e-09,  1.64319473e-07,  5.96230821e-07,
          1.85835184e-06, -2.21463688e-07],
        [-1.09086490e-10,  8.27816698e-08,  3.05626722e-07,
          1.13251957e-06, -1.68954648e-07],
        [ 3.08698943e-20,  2.12118440e-20, -1.80021312e-20,
          4.92765856e-20,  3.21022950e-21]],

       ...,

       [[ 1.66811642e-21, -1.39915600e-19, -8.27643883e-21,
          8.28054051e-21, -3.67236879e-21],
        [-7.13003876e-07, -3.26399193e-06,  4.30742515e-06,
          8.20165424e-06, -4.00719747e-06],
        [-1.42529986e-06, -6.46553492e-06,  8.27039413e-06,
          1.39979513e-05, -4.93900336e-06],
        ...,
        [-8.80293271e-08,  6.06031666e-08,  4.39672951e-07,
         -1.91870688e-07,  1.38024761e-07],
        [-4.40649773e-08,  3.05317213e-08,  2.27079222e-07,
         -1.15820859e-07,  1.09810920e-07],
        [ 6.97147981e-21,  5.91572111e-20, -1.23328803e-20,
          7.65742034e-21,  1.00319708e-20]],

       [[ 1.46156034e-20,  1.92036693e-19, -1.72443438e-20,
          4.68564066e-21,  1.24094994e-20],
        [-1.58973147e-05,  9.93822737e-06, -4.18760671e-06,
          1.09122041e-05, -6.92352606e-06],
        [-3.17289724e-05,  1.96729253e-05, -8.07835822e-06,
          1.87784749e-05, -8.73020601e-06],
        ...,
        [ 3.27090128e-08, -6.56409695e-08,  6.33784248e-07,
         -2.15520336e-07,  5.90202476e-07],
        [ 1.99207854e-08, -3.24900932e-08,  3.25359441e-07,
         -1.27480902e-07,  4.65456134e-07],
        [ 2.94076154e-20, -1.23325977e-19, -1.88590714e-20,
         -5.89669435e-21, -4.43262319e-20]],

       [[ 2.03356047e-20,  4.39686876e-20,  8.66522454e-21,
          9.59526231e-21,  7.33628509e-21],
        [-4.29229014e-06,  1.12634495e-06, -3.75861061e-07,
         -9.11966859e-08, -6.07098973e-06],
        [-8.56567680e-06,  2.22860697e-06, -7.53483361e-07,
         -1.57026395e-07, -7.59983363e-06],
        ...,
        [-1.06554119e-07,  9.97749829e-08,  3.85091556e-07,
          1.01021995e-07,  4.47950702e-07],
        [-5.25566923e-08,  5.02132155e-08,  1.94005368e-07,
          6.21158643e-08,  3.52709985e-07],
        [-5.25694452e-21,  7.29364255e-21, -2.22144227e-20,
          8.49073026e-21, -2.50678323e-20]]]), 'feature_info': ['Resampled from 250.0 Hz to 250 Hz', 'Cropped from 0.0s to 1469.928s', 'Reset time: 0.0s to 1469.928s', '5 low rank factorisation through SSD from 0.5 to 40 Hz'], 'mask': array([ True,  True,  True, ...,  True,  True,  True])}
No EOG channel found.
Fp1 and Fp2 will be used for EOG signal detection

saving into /data2/Projects/eeg_fmri_natview/chang_data/derivatives/sub-0016/ses-01/eeg/sub-0016_ses-01_task-MeRest_acq-mr0015_desc-SSDbands_eeg.pkl
{'time': array([0.000000e+00, 4.000000e-03, 8.000000e-03, ..., 1.469988e+03,
       1.469992e+03, 1.469996e+03]), 'labels': {'channels_info': {'index': [0, 1, 2, 3, 4, 5, 6, 7, 8, 9, 10, 11, 12, 13, 14, 15, 16, 17, 18, 19, 20, 21, 22, 23, 24, 25, 26, 27, 28], 'channel_name': ['Fp1', 'Fp2', 'F3', 'F4', 'C3', 'C4', 'P3', 'P4', 'O1', 'O2', 'F7', 'F8', 'T7', 'T8', 'Fz', 'Cz', 'Pz', 'Oz', 'FC1', 'FC2', 'CP1', 'CP2', 'FC5', 'FC6', 'CP5', 'CP6', 'TP9', 'TP10', 'POz'], 'anatomy': ['frontopolar', 'frontopolar', 'frontal', 'frontal', 'central', 'central', 'parietal', 'parietal', 'occipital', 'occipital', 'frontal', 'frontal', 'temporal', 'temporal', 'frontal', 'central', 'parietal', 'occipital', 'fronto-central', 'fronto-central', 'centro-parietal', 'centro-parietal', 'fronto-central', 'fronto-central', 'centro-parietal', 'centro-parietal', 'temporo-parietal', 'temporo-parietal', 'parieto-occipital'], 'laterality': ['left', 'right', 'left', 'right', 'left', 'right', 'left', 'right', 'left', 'right', 'left', 'right', 'left', 'right', 'midline', 'midline', 'midline', 'midline', 'left', 'right', 'left', 'right', 'left', 'right', 'left', 'right', 'left', 'right', 'midline']}, 'frequencies': [(0.5, 4), (4, 8), (8, 13), (13, 30), (30, 40)]}, 'feature': array([[[ 2.69113550e-20,  1.58165574e-20, -6.56928512e-21,
         -9.14962477e-21,  6.43722572e-21],
        [ 5.07609952e-07,  4.25766528e-07, -2.71730786e-06,
         -1.49851682e-05, -8.22260389e-07],
        [ 1.01330109e-06,  8.40930911e-07, -5.24578146e-06,
         -2.60953030e-05, -9.44266498e-07],
        ...,
        [-9.31630027e-07,  6.38128765e-06, -5.71809033e-06,
          1.77198088e-05,  2.87646988e-06],
        [-4.65931529e-07,  3.22624621e-06, -2.96339189e-06,
          1.05196416e-05,  2.24128272e-06],
        [ 1.16522331e-20,  1.55810155e-21,  3.36577090e-21,
         -2.58332729e-21,  2.26589825e-21]],

       [[ 2.92272882e-20, -5.17747441e-21, -7.91103187e-21,
         -8.67096067e-21,  2.07440154e-20],
        [-1.78825643e-07,  1.86427561e-07, -2.81906157e-06,
         -1.03159883e-05, -3.04708894e-06],
        [-3.57189133e-07,  3.70029852e-07, -5.44111546e-06,
         -1.80920173e-05, -3.78726725e-06],
        ...,
        [ 6.15322972e-06,  1.39531535e-05, -4.35956257e-06,
          1.49747124e-05,  1.89516021e-06],
        [ 3.08344064e-06,  7.05831393e-06, -2.25961268e-06,
          8.92532718e-06,  1.50176324e-06],
        [ 8.79280524e-21, -4.12837330e-22,  2.52983506e-21,
         -3.35122792e-21,  6.53611761e-21]],

       [[ 1.03911607e-20,  2.51568013e-20, -6.08320875e-21,
         -8.10054080e-21,  2.62375301e-21],
        [ 1.09976142e-07,  3.43173216e-07, -3.79784449e-06,
         -1.56510586e-05, -5.75354283e-06],
        [ 2.19484600e-07,  6.75929269e-07, -7.32976034e-06,
         -2.71706716e-05, -7.27046937e-06],
        ...,
        [-1.21370285e-06, -3.41608458e-06,  4.44825299e-08,
          1.85308051e-05,  2.77716387e-06],
        [-6.07596365e-07, -1.73077757e-06,  2.37735623e-08,
          1.09636279e-05,  2.22788794e-06],
        [ 8.69160500e-22,  2.70325548e-21,  8.03215757e-22,
         -2.52475293e-21,  3.51806960e-21]],

       ...,

       [[-3.55251554e-21,  4.31189313e-20, -7.87449199e-21,
          1.57811351e-20, -9.12432169e-21],
        [ 1.97417816e-07,  3.46614397e-06, -5.56600577e-06,
          3.17918679e-05,  1.76322438e-06],
        [ 3.94134648e-07,  6.84556867e-06, -1.07433371e-05,
          5.47310590e-05,  2.29863983e-06],
        ...,
        [-3.96116704e-06,  6.27147160e-06, -3.36167596e-06,
         -1.04126579e-05,  8.40308599e-07],
        [-1.98429044e-06,  3.18543921e-06, -1.74312043e-06,
         -6.19660320e-06,  6.31357875e-07],
        [-3.80651004e-21,  9.54110759e-21,  4.37322295e-21,
         -8.13526132e-22,  1.79160752e-21]],

       [[ 3.27110863e-21, -4.18772232e-20,  1.48781673e-20,
          6.62394879e-21,  2.19937186e-20],
        [ 1.24604142e-07,  1.59722177e-06, -1.41998524e-05,
          3.59790330e-05, -4.43671323e-06],
        [ 2.48754668e-07,  3.15833460e-06, -2.74007563e-05,
          6.18022031e-05, -5.54513998e-06],
        ...,
        [-2.27498336e-06,  2.74185635e-05,  6.30342208e-06,
         -1.57454167e-05,  3.24778036e-06],
        [-1.13963934e-06,  1.38811481e-05,  3.26785931e-06,
         -9.34449365e-06,  2.55845418e-06],
        [-1.97231712e-21,  2.09687106e-21, -5.89235450e-21,
          1.56487864e-22,  5.07986390e-21]],

       [[ 6.50012165e-21,  2.33338758e-22,  1.65295163e-20,
          9.03885257e-21,  1.72567936e-20],
        [ 1.14401389e-07,  7.74473774e-07,  1.03561034e-07,
          3.59058056e-05,  8.04214672e-06],
        [ 2.28369154e-07,  1.52999719e-06,  1.93418984e-07,
          6.17330736e-05,  1.02467601e-05],
        ...,
        [-2.03548246e-06,  5.99666680e-06,  4.70063942e-06,
         -1.59809284e-05, -4.39918137e-06],
        [-1.01958591e-06,  3.03407588e-06,  2.43768583e-06,
         -9.49065860e-06, -3.49765987e-06],
        [-1.59800203e-21,  4.13115683e-21,  9.21790472e-22,
         -2.00610888e-21,  4.88142094e-21]]]), 'feature_info': ['Resampled from 250.0 Hz to 250 Hz', 'Cropped from 0.0s to 1469.924s', 'Reset time: 0.0s to 1469.924s', '5 low rank factorisation through SSD from 0.5 to 40 Hz'], 'mask': array([ True,  True,  True, ...,  True,  True,  True])}
No EOG channel found.
Fp1 and Fp2 will be used for EOG signal detection

saving into /data2/Projects/eeg_fmri_natview/chang_data/derivatives/sub-0016/ses-01/eeg/sub-0016_ses-01_task-MeRest_acq-mr0006_desc-SSDbands_eeg.pkl
{'time': array([0.000000e+00, 4.000000e-03, 8.000000e-03, ..., 1.470988e+03,
       1.470992e+03, 1.470996e+03]), 'labels': {'channels_info': {'index': [0, 1, 2, 3, 4, 5, 6, 7, 8, 9, 10, 11, 12, 13, 14, 15, 16, 17, 18, 19, 20, 21, 22, 23, 24, 25, 26, 27, 28], 'channel_name': ['Fp1', 'Fp2', 'F3', 'F4', 'C3', 'C4', 'P3', 'P4', 'O1', 'O2', 'F7', 'F8', 'T7', 'T8', 'Fz', 'Cz', 'Pz', 'Oz', 'FC1', 'FC2', 'CP1', 'CP2', 'FC5', 'FC6', 'CP5', 'CP6', 'TP9', 'TP10', 'POz'], 'anatomy': ['frontopolar', 'frontopolar', 'frontal', 'frontal', 'central', 'central', 'parietal', 'parietal', 'occipital', 'occipital', 'frontal', 'frontal', 'temporal', 'temporal', 'frontal', 'central', 'parietal', 'occipital', 'fronto-central', 'fronto-central', 'centro-parietal', 'centro-parietal', 'fronto-central', 'fronto-central', 'centro-parietal', 'centro-parietal', 'temporo-parietal', 'temporo-parietal', 'parieto-occipital'], 'laterality': ['left', 'right', 'left', 'right', 'left', 'right', 'left', 'right', 'left', 'right', 'left', 'right', 'left', 'right', 'midline', 'midline', 'midline', 'midline', 'left', 'right', 'left', 'right', 'left', 'right', 'left', 'right', 'left', 'right', 'midline']}, 'frequencies': [(0.5, 4), (4, 8), (8, 13), (13, 30), (30, 40)]}, 'feature': array([[[-9.57603861e-21,  6.09251233e-21,  5.98440754e-21,
          8.22309681e-21,  1.00033321e-20],
        [ 7.18096076e-07, -7.30386199e-07,  1.83391999e-06,
         -2.15330482e-05,  6.17877431e-07],
        [ 1.43242599e-06, -1.43880734e-06,  3.50742929e-06,
         -3.67578443e-05,  8.16749160e-07],
        ...,
        [ 1.93681277e-07,  2.66097528e-08, -7.76969324e-08,
          5.50320520e-07, -2.68511953e-07],
        [ 9.79158185e-08,  1.34233969e-08, -3.96447606e-08,
          3.30875135e-07, -2.16404056e-07],
        [ 2.51928486e-20,  2.00311497e-20, -6.73118932e-21,
          4.59997738e-20,  7.06271739e-21]],

       [[ 4.28269387e-20, -1.15254580e-21,  5.58757036e-21,
         -5.17621662e-21, -1.41440509e-20],
        [ 7.43980307e-07, -1.58468149e-07,  1.91978513e-06,
         -2.52185839e-05, -2.54861099e-06],
        [ 1.48532426e-06, -3.07113229e-07,  3.68781758e-06,
         -4.28320122e-05, -3.30229859e-06],
        ...,
        [ 1.15857891e-07,  9.05039168e-08,  1.07712847e-07,
          4.55732692e-07, -2.08909243e-07],
        [ 5.86812021e-08,  4.60847896e-08,  5.69133400e-08,
          2.75664399e-07, -1.73220158e-07],
        [-2.47446868e-20, -6.06321710e-21, -8.55183039e-21,
         -1.74981758e-20,  2.65690930e-20]],

       [[-3.21329875e-20,  1.58090041e-20,  3.70391271e-21,
         -5.30234039e-22,  1.61004693e-20],
        [ 4.11282207e-07, -6.96955686e-07, -1.57988518e-06,
         -2.02294393e-05, -7.05698817e-07],
        [ 8.20434998e-07, -1.37767341e-06, -3.05698474e-06,
         -3.45710808e-05, -7.65391014e-07],
        ...,
        [ 3.13332986e-08, -1.16092208e-07,  1.68863790e-07,
          3.73197814e-07, -2.99677520e-07],
        [ 1.60235161e-08, -5.91682802e-08,  8.80472312e-08,
          2.24471232e-07, -2.40562839e-07],
        [-7.44476604e-21,  1.98457514e-20,  2.63528737e-21,
          2.01322904e-20,  1.65972827e-21]],

       ...,

       [[-2.32119297e-20,  5.76889773e-20, -2.96401016e-20,
          3.47942503e-20,  3.69979496e-20],
        [-7.98485298e-09, -3.39729884e-06,  2.46161658e-06,
          1.71747746e-05, -7.35455706e-06],
        [-1.59095182e-08, -6.71829668e-06,  4.71910119e-06,
          2.93681426e-05, -9.09483635e-06],
        ...,
        [-7.29567191e-08, -7.50995264e-07, -2.02968004e-07,
         -7.94900780e-07, -5.76397261e-07],
        [-3.67201880e-08, -3.81135214e-07, -1.05620877e-07,
         -4.75038131e-07, -4.72930478e-07],
        [-2.12586147e-20,  1.09707139e-20,  8.73807711e-21,
         -6.10451036e-20, -1.05385062e-20]],

       [[ 2.66479848e-20,  6.85195883e-21, -3.79962082e-20,
          5.20208385e-21, -2.60127647e-20],
        [-4.99870524e-07, -1.95583905e-06, -2.83749214e-06,
          2.88319817e-05,  1.69056717e-06],
        [-9.97176492e-07, -3.86093009e-06, -5.48483119e-06,
          4.90510563e-05,  1.94578732e-06],
        ...,
        [-1.17697280e-07, -1.81298568e-07, -2.35192448e-07,
         -9.50848267e-07, -1.68046078e-07],
        [-5.95418467e-08, -9.17292757e-08, -1.23724566e-07,
         -5.72676137e-07, -1.37103215e-07],
        [-8.57505840e-21,  7.41886662e-21,  4.16314080e-20,
         -5.61120603e-20,  4.44736375e-20]],

       [[-6.69936504e-22,  3.31002104e-20, -5.80703278e-21,
          2.31615508e-20,  4.31578901e-22],
        [-1.64490420e-07, -1.25649071e-06, -1.16602491e-06,
          2.25319902e-05,  5.67531227e-07],
        [-3.28091794e-07, -2.48789097e-06, -2.26406166e-06,
          3.84015844e-05,  7.63505327e-07],
        ...,
        [-7.43174609e-08, -2.81945760e-07, -1.57504765e-07,
         -9.45172287e-07, -4.09330128e-07],
        [-3.75034261e-08, -1.43121823e-07, -8.24163704e-08,
         -5.66063535e-07, -3.28204266e-07],
        [-1.14738324e-20,  1.45151382e-20,  5.76815603e-21,
         -5.68851101e-20,  2.85903845e-20]]]), 'feature_info': ['Resampled from 250.0 Hz to 250 Hz', 'Cropped from 0.0s to 1469.928s', 'Reset time: 0.0s to 1469.928s', '5 low rank factorisation through SSD from 0.5 to 40 Hz'], 'mask': array([ True,  True,  True, ...,  True,  True,  True])}
No EOG channel found.
Fp1 and Fp2 will be used for EOG signal detection

saving into /data2/Projects/eeg_fmri_natview/chang_data/derivatives/sub-0021/ses-01/eeg/sub-0021_ses-01_task-MeRest_acq-mr0012_desc-SSDbands_eeg.pkl
{'time': array([0.000000e+00, 4.000000e-03, 8.000000e-03, ..., 1.470988e+03,
       1.470992e+03, 1.470996e+03]), 'labels': {'channels_info': {'index': [0, 1, 2, 3, 4, 5, 6, 7, 8, 9, 10, 11, 12, 13, 14, 15, 16, 17, 18, 19, 20, 21, 22, 23, 24, 25, 26, 27, 28], 'channel_name': ['Fp1', 'Fp2', 'F3', 'F4', 'C3', 'C4', 'P3', 'P4', 'O1', 'O2', 'F7', 'F8', 'T7', 'T8', 'Fz', 'Cz', 'Pz', 'Oz', 'FC1', 'FC2', 'CP1', 'CP2', 'FC5', 'FC6', 'CP5', 'CP6', 'TP9', 'TP10', 'POz'], 'anatomy': ['frontopolar', 'frontopolar', 'frontal', 'frontal', 'central', 'central', 'parietal', 'parietal', 'occipital', 'occipital', 'frontal', 'frontal', 'temporal', 'temporal', 'frontal', 'central', 'parietal', 'occipital', 'fronto-central', 'fronto-central', 'centro-parietal', 'centro-parietal', 'fronto-central', 'fronto-central', 'centro-parietal', 'centro-parietal', 'temporo-parietal', 'temporo-parietal', 'parieto-occipital'], 'laterality': ['left', 'right', 'left', 'right', 'left', 'right', 'left', 'right', 'left', 'right', 'left', 'right', 'left', 'right', 'midline', 'midline', 'midline', 'midline', 'left', 'right', 'left', 'right', 'left', 'right', 'left', 'right', 'left', 'right', 'midline']}, 'frequencies': [(0.5, 4), (4, 8), (8, 13), (13, 30), (30, 40)]}, 'feature': array([[[-3.30540350e-20,  3.79167151e-20,  4.74549418e-20,
         -5.17931520e-19,  6.04954111e-20],
        [ 2.27481977e-06,  4.14985174e-07,  3.75019294e-06,
          1.00794332e-05,  2.24223307e-06],
        [ 4.53952243e-06,  8.17938915e-07,  7.21551033e-06,
          1.70337840e-05,  3.03196846e-06],
        ...,
        [ 6.17833307e-08, -3.92189613e-08, -1.57171818e-07,
         -2.67919778e-07, -4.71417216e-07],
        [ 3.07464456e-08, -2.01352829e-08, -8.40912843e-08,
         -1.63985048e-07, -3.34516998e-07],
        [ 6.95742965e-21, -7.47465596e-20,  3.10524689e-20,
         -4.67660384e-20, -3.15542047e-20]],

       [[-1.13960426e-19,  1.45484123e-19,  6.18787280e-20,
         -6.10282565e-19, -4.85610772e-20],
        [ 1.74680572e-06,  1.14735592e-06,  9.22107229e-07,
          8.72766305e-06,  3.21083283e-06],
        [ 3.48507624e-06,  2.26820998e-06,  1.76950738e-06,
          1.47440082e-05,  4.18319166e-06],
        ...,
        [ 4.63615258e-08, -2.24395060e-07,  1.57664142e-07,
         -6.09461431e-09, -2.10001376e-07],
        [ 2.29624140e-08, -1.13795593e-07,  8.09714842e-08,
         -2.12084357e-09, -1.75666944e-07],
        [ 4.35171636e-20, -3.26691284e-19, -1.32516859e-20,
         -4.84914307e-20, -4.93088161e-20]],

       [[ 2.77342663e-20, -3.15328453e-20,  6.93172590e-21,
         -1.91964795e-19,  2.43775805e-20],
        [ 1.40121808e-06, -2.90377900e-07,  1.77310864e-06,
         -6.63391865e-06,  1.50262117e-08],
        [ 2.79659109e-06, -5.74961748e-07,  3.41237684e-06,
         -1.12706478e-05,  2.83913077e-08],
        ...,
        [ 1.88519595e-08,  1.06797416e-07, -1.20641478e-07,
          9.77024535e-08, -6.73900038e-08],
        [ 9.35552022e-09,  5.39677067e-08, -6.36777667e-08,
          5.69978084e-08, -3.91102705e-08],
        [-1.60751473e-20,  8.27353209e-20,  2.07737494e-20,
         -1.38258635e-20,  4.13720856e-22]],

       ...,

       [[ 3.02274473e-20,  1.50510238e-21, -1.68795131e-20,
         -2.26645637e-18,  5.17155003e-20],
        [-4.42881461e-06, -2.74080001e-06,  3.77821112e-06,
         -2.58655654e-05, -3.21144072e-06],
        [-8.83876371e-06, -5.41231248e-06,  7.20032274e-06,
         -4.41937434e-05, -4.15608629e-06],
        ...,
        [-3.08791033e-08,  5.55346573e-07, -2.51030610e-07,
          8.42085034e-07, -1.28583584e-07],
        [-1.47663440e-08,  2.81670138e-07, -1.32677156e-07,
          5.12174640e-07, -3.42191958e-08],
        [ 4.48394289e-21,  2.31385144e-19, -1.99703211e-20,
         -1.43323937e-19,  2.18016018e-20]],

       [[-5.75934711e-20,  1.99007239e-19, -3.78645327e-20,
         -1.84803743e-18, -3.10454748e-20],
        [-4.04342004e-06, -1.48830413e-06, -3.08458498e-07,
         -2.76609387e-05, -1.98606760e-06],
        [-8.06992950e-06, -2.93355919e-06, -6.17285131e-07,
         -4.73295061e-05, -2.57443784e-06],
        ...,
        [-1.60588844e-08, -7.04643202e-08, -7.29762274e-08,
          9.67542047e-07,  2.13502222e-07],
        [-7.48955419e-09, -3.49238210e-08, -3.71332085e-08,
          5.86649350e-07,  1.61843434e-07],
        [ 2.50595847e-20, -7.80502248e-20, -1.57548234e-20,
         -1.19783767e-19,  2.48262191e-20]],

       [[ 7.34629740e-22,  2.37000576e-20,  7.63670359e-21,
         -1.20019465e-18,  7.30355085e-20],
        [-3.19434314e-06, -8.09479200e-07,  1.27039979e-06,
         -1.73603533e-05, -1.45001986e-06],
        [-6.37513650e-06, -1.59010419e-06,  2.42143167e-06,
         -2.96759710e-05, -1.80934109e-06],
        ...,
        [-1.21511856e-08,  9.79140141e-08, -9.11879822e-08,
          5.94298137e-07, -2.83193870e-08],
        [-5.64147914e-09,  4.99929407e-08, -4.77421623e-08,
          3.61268511e-07,  5.76462543e-09],
        [ 1.03449218e-20,  1.92789756e-19, -2.00502849e-20,
         -7.54008974e-20,  3.37761065e-20]]]), 'feature_info': ['Resampled from 250.0 Hz to 250 Hz', 'Cropped from 0.0s to 1469.928s', 'Reset time: 0.0s to 1469.928s', '5 low rank factorisation through SSD from 0.5 to 40 Hz'], 'mask': array([ True,  True,  True, ...,  True,  True,  True])}
No EOG channel found.
Fp1 and Fp2 will be used for EOG signal detection

saving into /data2/Projects/eeg_fmri_natview/chang_data/derivatives/sub-0027/ses-01/eeg/sub-0027_ses-01_task-MeRest_acq-mr0009_desc-SSDbands_eeg.pkl
{'time': array([0.000000e+00, 4.000000e-03, 8.000000e-03, ..., 1.469988e+03,
       1.469992e+03, 1.469996e+03]), 'labels': {'channels_info': {'index': [0, 1, 2, 3, 4, 5, 6, 7, 8, 9, 10, 11, 12, 13, 14, 15, 16, 17, 18, 19, 20, 21, 22, 23, 24, 25, 26, 27, 28], 'channel_name': ['Fp1', 'Fp2', 'F3', 'F4', 'C3', 'C4', 'P3', 'P4', 'O1', 'O2', 'F7', 'F8', 'T7', 'T8', 'Fz', 'Cz', 'Pz', 'Oz', 'FC1', 'FC2', 'CP1', 'CP2', 'FC5', 'FC6', 'CP5', 'CP6', 'TP9', 'TP10', 'POz'], 'anatomy': ['frontopolar', 'frontopolar', 'frontal', 'frontal', 'central', 'central', 'parietal', 'parietal', 'occipital', 'occipital', 'frontal', 'frontal', 'temporal', 'temporal', 'frontal', 'central', 'parietal', 'occipital', 'fronto-central', 'fronto-central', 'centro-parietal', 'centro-parietal', 'fronto-central', 'fronto-central', 'centro-parietal', 'centro-parietal', 'temporo-parietal', 'temporo-parietal', 'parieto-occipital'], 'laterality': ['left', 'right', 'left', 'right', 'left', 'right', 'left', 'right', 'left', 'right', 'left', 'right', 'left', 'right', 'midline', 'midline', 'midline', 'midline', 'left', 'right', 'left', 'right', 'left', 'right', 'left', 'right', 'left', 'right', 'midline']}, 'frequencies': [(0.5, 4), (4, 8), (8, 13), (13, 30), (30, 40)]}, 'feature': array([[[ 3.94234956e-21,  1.03952060e-20, -8.46162789e-21,
          1.44706324e-21,  8.63807203e-21],
        [ 7.86173374e-07, -2.95864211e-06, -1.73051671e-06,
         -6.11763703e-05, -8.67928486e-06],
        [ 1.56960313e-06, -5.84644016e-06, -3.31062362e-06,
         -1.04714876e-04, -1.10468660e-05],
        ...,
        [-1.19962543e-06,  1.10759434e-06,  1.06140720e-05,
         -2.24734312e-04, -4.87702855e-05],
        [-6.01194420e-07,  5.60205955e-07,  5.51211493e-06,
         -1.34765573e-04, -3.83184215e-05],
        [-3.12818134e-20, -2.04541672e-20, -4.31140434e-20,
         -3.81040973e-21,  2.01022342e-20]],

       [[ 1.79825061e-20,  1.44421902e-20, -1.53540274e-20,
         -3.36614222e-21,  7.50030211e-22],
        [-4.10135640e-06,  2.49819552e-07,  4.94525408e-07,
         -2.76177258e-05, -8.46442805e-06],
        [-8.18609799e-06,  4.96180970e-07,  9.91237659e-07,
         -4.73656802e-05, -1.08333861e-05],
        ...,
        [ 7.56582651e-06,  2.03014615e-06,  1.41085428e-05,
         -1.21931417e-04, -6.32504159e-05],
        [ 3.79039311e-06,  1.02570330e-06,  7.33095305e-06,
         -7.29177560e-05, -4.96228563e-05],
        [-2.30330908e-20, -4.81612770e-21, -5.62450965e-20,
          8.86903094e-21,  5.72116287e-21]],

       [[ 4.11801919e-21,  1.43952606e-21,  1.62604875e-21,
         -4.76679083e-22, -8.95090647e-22],
        [ 2.96766439e-07, -2.18711501e-06, -4.80888863e-06,
         -6.74860318e-05, -1.46334096e-05],
        [ 5.92502396e-07, -4.32326132e-06, -9.26775339e-06,
         -1.15473454e-04, -1.85607966e-05],
        ...,
        [-2.67687837e-07, -9.53933252e-07,  6.15154071e-06,
         -2.81390836e-04, -1.17788471e-04],
        [-1.34180249e-07, -4.82794887e-07,  3.18559381e-06,
         -1.68862133e-04, -9.24821153e-05],
        [-2.19578051e-20, -6.16973349e-21, -7.27686292e-21,
          4.67833142e-21,  1.25865300e-20]],

       ...,

       [[-2.33838761e-21,  5.27915520e-21, -3.95944224e-21,
         -4.51749838e-20,  3.85348589e-21],
        [ 2.10555756e-06, -1.99935076e-06, -1.77232013e-05,
          3.56088855e-05,  1.17496028e-05],
        [ 4.20265344e-06, -3.95582335e-06, -3.41717326e-05,
          6.06015535e-05,  1.49131608e-05],
        ...,
        [-3.35357365e-06,  1.37338376e-06,  3.89069772e-05,
         -5.50356053e-05,  7.40495183e-05],
        [-1.68019159e-06,  6.93556926e-07,  2.01663237e-05,
         -3.28951830e-05,  5.81243815e-05],
        [-1.12738654e-20,  1.71527499e-20, -2.40224688e-20,
          7.05777442e-20, -1.23974524e-21]],

       [[ 4.13052853e-21,  2.64024481e-20, -7.35463437e-22,
         -4.27343837e-20,  1.40470768e-21],
        [ 9.11505681e-08, -1.47035222e-06, -1.99990943e-05,
          4.29365308e-05,  1.39545090e-05],
        [ 1.82061418e-07, -2.90711850e-06, -3.85622404e-05,
          7.31209276e-05,  1.78516470e-05],
        ...,
        [ 3.08735637e-07,  5.04549612e-06,  3.40940390e-05,
          3.32942298e-05,  1.08565091e-04],
        [ 1.54639057e-07,  2.55118604e-06,  1.76633945e-05,
          1.96661972e-05,  8.50873982e-05],
        [-1.19268730e-20, -2.47576357e-21, -9.92995568e-21,
          5.20339761e-20, -1.70223574e-20]],

       [[ 2.39154684e-21, -5.32311262e-21, -1.88030385e-20,
         -3.60104937e-20,  4.41343928e-21],
        [ 6.14963876e-07,  5.79674665e-07, -1.73893626e-05,
          5.60693404e-05,  1.62739938e-05],
        [ 1.22754394e-06,  1.14302357e-06, -3.35155233e-05,
          9.56829193e-05,  2.07395366e-05],
        ...,
        [-7.47766045e-07,  9.63701287e-07,  3.01384034e-05,
          4.98317223e-05,  1.17501095e-04],
        [-3.74690582e-07,  4.92853156e-07,  1.56174814e-05,
          2.99834172e-05,  9.21607095e-05],
        [-1.40495656e-20, -3.24106835e-20, -1.66806329e-20,
          5.91181497e-20, -8.38741454e-21]]]), 'feature_info': ['Resampled from 250.0 Hz to 250 Hz', 'Cropped from 0.0s to 1469.924s', 'Reset time: 0.0s to 1469.924s', '5 low rank factorisation through SSD from 0.5 to 40 Hz'], 'mask': array([ True,  True,  True, ...,  True,  True,  True])}
No EOG channel found.
Fp1 and Fp2 will be used for EOG signal detection

saving into /data2/Projects/eeg_fmri_natview/chang_data/derivatives/sub-0028/ses-01/eeg/sub-0028_ses-01_task-MeRest_acq-mr0012_desc-SSDbands_eeg.pkl
{'time': array([0.000000e+00, 4.000000e-03, 8.000000e-03, ..., 1.469988e+03,
       1.469992e+03, 1.469996e+03]), 'labels': {'channels_info': {'index': [0, 1, 2, 3, 4, 5, 6, 7, 8, 9, 10, 11, 12, 13, 14, 15, 16, 17, 18, 19, 20, 21, 22, 23, 24, 25, 26, 27, 28], 'channel_name': ['Fp1', 'Fp2', 'F3', 'F4', 'C3', 'C4', 'P3', 'P4', 'O1', 'O2', 'F7', 'F8', 'T7', 'T8', 'Fz', 'Cz', 'Pz', 'Oz', 'FC1', 'FC2', 'CP1', 'CP2', 'FC5', 'FC6', 'CP5', 'CP6', 'TP9', 'TP10', 'POz'], 'anatomy': ['frontopolar', 'frontopolar', 'frontal', 'frontal', 'central', 'central', 'parietal', 'parietal', 'occipital', 'occipital', 'frontal', 'frontal', 'temporal', 'temporal', 'frontal', 'central', 'parietal', 'occipital', 'fronto-central', 'fronto-central', 'centro-parietal', 'centro-parietal', 'fronto-central', 'fronto-central', 'centro-parietal', 'centro-parietal', 'temporo-parietal', 'temporo-parietal', 'parieto-occipital'], 'laterality': ['left', 'right', 'left', 'right', 'left', 'right', 'left', 'right', 'left', 'right', 'left', 'right', 'left', 'right', 'midline', 'midline', 'midline', 'midline', 'left', 'right', 'left', 'right', 'left', 'right', 'left', 'right', 'left', 'right', 'midline']}, 'frequencies': [(0.5, 4), (4, 8), (8, 13), (13, 30), (30, 40)]}, 'feature': array([[[-2.73132794e-21, -2.20777311e-20, -2.27859575e-21,
          2.11850952e-20, -4.21299233e-20],
        [ 9.80068210e-08,  8.24098146e-06,  1.89535142e-06,
         -1.34126407e-05, -1.01660052e-05],
        [ 1.95742960e-07,  1.62568466e-05,  3.68677281e-06,
         -2.29426383e-05, -1.30442207e-05],
        ...,
        [-3.05588391e-07,  1.42202297e-05, -3.12835128e-06,
         -6.83341769e-05, -5.45167386e-05],
        [-1.53043342e-07,  7.20343874e-06, -1.61144203e-06,
         -4.06064870e-05, -4.30825751e-05],
        [ 1.21943842e-22,  1.88471991e-20, -2.72491316e-21,
          2.01256178e-20,  1.19362685e-19]],

       [[-1.39236782e-21, -7.84575663e-21, -2.64657445e-21,
          1.76539816e-20, -3.66473487e-20],
        [ 2.40118262e-07,  6.35990698e-06,  2.61482164e-06,
         -1.51202822e-05, -8.99366777e-06],
        [ 4.79433694e-07,  1.25429697e-05,  5.07275197e-06,
         -2.57758618e-05, -1.15875232e-05],
        ...,
        [-6.51385584e-07,  1.34425332e-05, -5.49116015e-06,
         -6.89638533e-05, -6.05505325e-05],
        [-3.26253982e-07,  6.80782947e-06, -2.83431411e-06,
         -4.10059011e-05, -4.79091760e-05],
        [ 3.29963654e-23,  2.47287591e-21,  9.50233382e-22,
          2.18034365e-20,  1.06515951e-19]],

       [[ 2.07170740e-21, -3.02059991e-20,  5.42156141e-22,
          1.14534707e-20, -2.95527716e-20],
        [-8.35542206e-08,  5.49455005e-06,  1.00339935e-06,
         -9.38545628e-06, -8.93913549e-06],
        [-1.66788370e-07,  1.08453333e-05,  1.96088981e-06,
         -1.61216338e-05, -1.14059801e-05],
        ...,
        [-3.90284433e-08,  3.25898451e-06,  1.31363606e-07,
         -5.90094559e-05, -1.12527100e-04],
        [-1.94911814e-08,  1.65271105e-06,  7.38286953e-08,
         -3.50312159e-05, -8.82895149e-05],
        [-3.91323062e-21,  2.09791434e-20, -4.64926124e-21,
          1.56076893e-21,  1.01837344e-19]],

       ...,

       [[-3.84949976e-21,  1.03150061e-20, -1.35014747e-20,
          8.29899852e-20, -1.29455951e-20],
        [-5.00149705e-07,  1.17151314e-05, -3.46521846e-06,
          2.01505446e-05,  1.88866516e-05],
        [-9.98176738e-07,  2.31761834e-05, -6.81072583e-06,
          3.39081167e-05,  2.41658530e-05],
        ...,
        [ 4.87292631e-07, -1.89768172e-05,  9.98424623e-06,
          6.47952187e-05,  1.70616630e-05],
        [ 2.44102704e-07, -9.59943572e-06,  5.21483594e-06,
          3.85163015e-05,  1.42655467e-05],
        [-2.63812371e-21, -7.04885315e-21,  5.33815155e-21,
          7.69716358e-20, -1.36237841e-20]],

       [[ 1.20668125e-20, -1.39214793e-20, -3.75194491e-21,
          5.87638863e-20,  2.34914591e-20],
        [ 2.66955015e-07,  1.04634997e-06,  3.81128928e-06,
          2.56119145e-06,  1.04278040e-06],
        [ 5.33021681e-07,  2.07979832e-06,  7.31523956e-06,
          4.25597189e-06,  1.37783509e-06],
        ...,
        [-2.86615734e-07, -2.13330809e-05, -7.07265285e-06,
          4.06478261e-05,  1.38121146e-05],
        [-1.43458693e-07, -1.07855035e-05, -3.62751225e-06,
          2.39979092e-05,  1.09770935e-05],
        [ 1.00840835e-21,  3.76004706e-20,  1.72192787e-20,
          7.52093759e-20, -7.97654747e-20]],

       [[ 1.07032115e-20, -1.62120534e-21, -4.48328870e-21,
          4.34549959e-20,  9.49528828e-21],
        [ 5.38015356e-07,  9.15301799e-06, -6.61248939e-06,
          1.59726075e-05,  1.37947508e-05],
        [ 1.07357429e-06,  1.81065703e-05, -1.28802652e-05,
          2.70517588e-05,  1.76259760e-05],
        ...,
        [ 4.01333644e-07, -2.08179529e-05,  1.12896620e-05,
          5.55341466e-05,  5.32247055e-05],
        [ 2.01096873e-07, -1.05279860e-05,  5.86945786e-06,
          3.30230168e-05,  4.22668065e-05],
        [ 2.68073692e-21,  9.66303866e-21,  2.23577853e-21,
          4.40956279e-20, -6.93447713e-20]]]), 'feature_info': ['Resampled from 250.0 Hz to 250 Hz', 'Cropped from 0.0s to 1469.924s', 'Reset time: 0.0s to 1469.924s', '5 low rank factorisation through SSD from 0.5 to 40 Hz'], 'mask': array([ True,  True,  True, ...,  True,  True,  True])}
No EOG channel found.
Fp1 and Fp2 will be used for EOG signal detection

saving into /data2/Projects/eeg_fmri_natview/chang_data/derivatives/sub-0029/ses-01/eeg/sub-0029_ses-01_task-MeRest_acq-mr0012_desc-SSDbands_eeg.pkl
{'time': array([0.000000e+00, 4.000000e-03, 8.000000e-03, ..., 1.469988e+03,
       1.469992e+03, 1.469996e+03]), 'labels': {'channels_info': {'index': [0, 1, 2, 3, 4, 5, 6, 7, 8, 9, 10, 11, 12, 13, 14, 15, 16, 17, 18, 19, 20, 21, 22, 23, 24, 25, 26, 27, 28], 'channel_name': ['Fp1', 'Fp2', 'F3', 'F4', 'C3', 'C4', 'P3', 'P4', 'O1', 'O2', 'F7', 'F8', 'T7', 'T8', 'Fz', 'Cz', 'Pz', 'Oz', 'FC1', 'FC2', 'CP1', 'CP2', 'FC5', 'FC6', 'CP5', 'CP6', 'TP9', 'TP10', 'POz'], 'anatomy': ['frontopolar', 'frontopolar', 'frontal', 'frontal', 'central', 'central', 'parietal', 'parietal', 'occipital', 'occipital', 'frontal', 'frontal', 'temporal', 'temporal', 'frontal', 'central', 'parietal', 'occipital', 'fronto-central', 'fronto-central', 'centro-parietal', 'centro-parietal', 'fronto-central', 'fronto-central', 'centro-parietal', 'centro-parietal', 'temporo-parietal', 'temporo-parietal', 'parieto-occipital'], 'laterality': ['left', 'right', 'left', 'right', 'left', 'right', 'left', 'right', 'left', 'right', 'left', 'right', 'left', 'right', 'midline', 'midline', 'midline', 'midline', 'left', 'right', 'left', 'right', 'left', 'right', 'left', 'right', 'left', 'right', 'midline']}, 'frequencies': [(0.5, 4), (4, 8), (8, 13), (13, 30), (30, 40)]}, 'feature': array([[[-1.10440821e-20,  2.01622717e-21, -1.78126952e-21,
          1.51245614e-20,  3.89187426e-22],
        [ 3.07890645e-06, -3.58058309e-06, -1.80519587e-06,
         -3.53510580e-06, -5.61946782e-06],
        [ 6.14816441e-06, -7.07310821e-06, -3.47062789e-06,
         -5.84589828e-06, -7.10140963e-06],
        ...,
        [ 9.66473569e-06, -3.71313990e-06,  8.47907251e-06,
         -1.10523556e-05, -1.84314724e-05],
        [ 4.84260242e-06, -1.87898731e-06,  4.39659870e-06,
         -5.31370242e-06, -1.45570955e-05],
        [ 1.47853512e-20,  2.17782492e-21, -1.06802269e-21,
          5.27148412e-21,  1.86977917e-21]],

       [[-9.97300023e-21,  9.48713467e-22, -2.47913682e-21,
          1.56774104e-20, -4.80227198e-21],
        [ 1.75578437e-06,  1.80841525e-06, -2.75744993e-06,
          1.51082506e-06, -1.76078074e-06],
        [ 3.50641947e-06,  3.57829093e-06, -5.30458744e-06,
          2.77851920e-06, -2.18091870e-06],
        ...,
        [ 5.48712251e-06,  2.19194766e-06,  1.27747178e-05,
         -8.03875449e-06, -3.11991014e-05],
        [ 2.74980446e-06,  1.11056414e-06,  6.62404728e-06,
         -3.46776334e-06, -2.45450459e-05],
        [ 4.78842721e-21,  5.78641256e-21, -2.15886567e-21,
          1.74012231e-20, -2.00694411e-20]],

       [[-4.82430485e-21,  2.32508413e-21, -6.29994818e-22,
          9.96342017e-21, -2.62010740e-22],
        [ 1.31576583e-06, -4.57736191e-06,  4.50665844e-07,
         -9.66544005e-06, -5.09077060e-06],
        [ 2.62682019e-06, -9.04508249e-06,  8.78054770e-07,
         -1.63452707e-05, -6.43742192e-06],
        ...,
        [ 2.50503959e-06, -7.18501236e-06,  1.58452020e-06,
         -1.15287550e-05, -1.67203470e-05],
        [ 1.25499936e-06, -3.63645757e-06,  8.22594367e-07,
         -6.31570530e-06, -1.32341445e-05],
        [ 7.26992270e-21,  2.89523588e-21, -6.02930153e-22,
         -5.13716884e-22, -1.93039898e-21]],

       ...,

       [[ 5.41374881e-21,  1.20061551e-21, -7.03978607e-21,
         -1.27000025e-20,  2.39954200e-20],
        [ 2.78119711e-07, -2.24202629e-06, -6.51353758e-06,
         -9.88573674e-07, -3.45682748e-07],
        [ 5.53729616e-07, -4.45128126e-06, -1.25287945e-05,
         -1.84741394e-06, -4.75655180e-07],
        ...,
        [-8.52535021e-07, -2.76486821e-05,  3.68402963e-05,
         -1.16052345e-07, -6.24302790e-05],
        [-4.28032307e-07, -1.39898973e-05,  1.90956436e-05,
         -4.94518666e-07, -4.89532385e-05],
        [ 1.47654492e-20, -1.73252062e-20, -6.99388179e-21,
         -2.14738291e-20, -4.53124045e-20]],

       [[ 1.41679381e-21, -4.77690766e-21, -9.67575849e-21,
         -3.59717826e-21,  1.98565651e-20],
        [ 3.11549440e-07,  4.14299102e-06,  4.87535596e-06,
          1.66108067e-05, -9.12838849e-06],
        [ 6.18521607e-07,  8.17400739e-06,  9.49165839e-06,
          2.82774525e-05, -1.16315281e-05],
        ...,
        [-9.85010919e-06, -2.42854666e-06,  3.15026394e-05,
          1.26372644e-05, -4.67717690e-05],
        [-4.93812688e-06, -1.22755999e-06,  1.63443984e-05,
          7.35710739e-06, -3.69013572e-05],
        [ 5.33792797e-21, -1.30476896e-20, -2.41896954e-20,
          2.59958819e-20, -1.74961392e-20]],

       [[-8.12093431e-22,  2.82156223e-22, -3.90675079e-21,
         -4.90244663e-21, -9.76365002e-21],
        [ 7.59760324e-07,  6.16036250e-06,  9.96895525e-07,
          1.60504533e-05,  3.44893868e-06],
        [ 1.51506016e-06,  1.21623655e-05,  1.95933514e-06,
          2.72176085e-05,  4.43917363e-06],
        ...,
        [-3.55612431e-06, -7.96957698e-06,  2.92318320e-05,
          1.35891607e-05, -2.62532504e-05],
        [-1.78322192e-06, -4.03031156e-06,  1.51531498e-05,
          8.45751783e-06, -2.06339780e-05],
        [ 5.73111066e-21, -8.42935972e-21, -1.05111591e-20,
         -9.43156061e-23, -2.80749910e-20]]]), 'feature_info': ['Resampled from 250.0 Hz to 250 Hz', 'Cropped from 0.0s to 1469.924s', 'Reset time: 0.0s to 1469.924s', '5 low rank factorisation through SSD from 0.5 to 40 Hz'], 'mask': array([ True,  True,  True, ...,  True,  True,  True])}
No EOG channel found.
Fp1 and Fp2 will be used for EOG signal detection

saving into /data2/Projects/eeg_fmri_natview/chang_data/derivatives/sub-0030/ses-01/eeg/sub-0030_ses-01_task-MeRest_acq-mr0009_desc-SSDbands_eeg.pkl
{'time': array([0.000000e+00, 4.000000e-03, 8.000000e-03, ..., 1.469988e+03,
       1.469992e+03, 1.469996e+03]), 'labels': {'channels_info': {'index': [0, 1, 2, 3, 4, 5, 6, 7, 8, 9, 10, 11, 12, 13, 14, 15, 16, 17, 18, 19, 20, 21, 22, 23, 24, 25, 26, 27, 28], 'channel_name': ['Fp1', 'Fp2', 'F3', 'F4', 'C3', 'C4', 'P3', 'P4', 'O1', 'O2', 'F7', 'F8', 'T7', 'T8', 'Fz', 'Cz', 'Pz', 'Oz', 'FC1', 'FC2', 'CP1', 'CP2', 'FC5', 'FC6', 'CP5', 'CP6', 'TP9', 'TP10', 'POz'], 'anatomy': ['frontopolar', 'frontopolar', 'frontal', 'frontal', 'central', 'central', 'parietal', 'parietal', 'occipital', 'occipital', 'frontal', 'frontal', 'temporal', 'temporal', 'frontal', 'central', 'parietal', 'occipital', 'fronto-central', 'fronto-central', 'centro-parietal', 'centro-parietal', 'fronto-central', 'fronto-central', 'centro-parietal', 'centro-parietal', 'temporo-parietal', 'temporo-parietal', 'parieto-occipital'], 'laterality': ['left', 'right', 'left', 'right', 'left', 'right', 'left', 'right', 'left', 'right', 'left', 'right', 'left', 'right', 'midline', 'midline', 'midline', 'midline', 'left', 'right', 'left', 'right', 'left', 'right', 'left', 'right', 'left', 'right', 'midline']}, 'frequencies': [(0.5, 4), (4, 8), (8, 13), (13, 30), (30, 40)]}, 'feature': array([[[ 4.03121841e-21,  1.59035608e-20,  1.15538479e-20,
          2.05850187e-20, -7.00947327e-21],
        [ 5.32849044e-08,  3.69912387e-06, -5.91641497e-06,
         -1.37906054e-06, -1.61412805e-06],
        [ 1.06601206e-07,  7.30181479e-06, -1.13897523e-05,
         -2.49287733e-06, -1.82465596e-06],
        ...,
        [-3.48697138e-07, -6.93012113e-06, -1.98966811e-07,
          4.36371662e-06,  1.43340038e-05],
        [-1.74682074e-07, -3.50474448e-06, -9.59163255e-08,
          2.62600052e-06,  1.12399547e-05],
        [-4.84533426e-21, -2.34140162e-20,  1.36536398e-20,
          1.23488195e-20, -1.04377076e-20]],

       [[ 1.53410109e-21,  2.97304376e-20,  3.13978573e-20,
          2.02773661e-20,  2.98166161e-20],
        [-4.87810220e-08,  2.19564292e-06, -5.55639855e-06,
         -1.19023378e-05,  5.94108974e-07],
        [-9.71256148e-08,  4.34183092e-06, -1.06967284e-05,
         -2.05343892e-05,  1.10692297e-06],
        ...,
        [-3.87617144e-08, -5.64659455e-06,  3.96737729e-07,
         -1.08005609e-05, -2.17323677e-06],
        [-1.94153477e-08, -2.85247041e-06,  2.26750915e-07,
         -7.07354787e-06, -1.82728791e-06],
        [-3.23312792e-21, -4.63121618e-20,  2.56462483e-21,
          1.02218140e-20,  9.75634723e-21]],

       [[ 2.67986757e-20, -1.61989557e-21,  1.25901056e-20,
         -6.52489287e-21,  2.79460973e-20],
        [-1.37939054e-07,  3.53623570e-06, -3.06885718e-06,
         -2.39280958e-06,  4.40736458e-07],
        [-2.75967594e-07,  6.97935449e-06, -5.90364387e-06,
         -4.30447428e-06,  5.96503640e-07],
        ...,
        [-8.37339647e-07, -2.66407042e-06, -9.48353782e-07,
         -2.65496270e-05, -2.14275822e-05],
        [-4.19515152e-07, -1.34946634e-06, -4.96042790e-07,
         -1.62160080e-05, -1.69449045e-05],
        [-1.83132153e-20,  3.49121659e-21,  2.48625164e-21,
         -9.48090079e-21,  1.52436016e-20]],

       ...,

       [[ 6.19446914e-21, -6.05074931e-20, -1.22725136e-19,
         -2.99062160e-20, -1.73811385e-19],
        [ 5.40541620e-07,  4.62638598e-06, -1.24924525e-06,
          2.89982363e-05, -4.98121536e-06],
        [ 1.08042697e-06,  9.14607072e-06, -2.42362198e-06,
          5.01522450e-05, -7.11565892e-06],
        ...,
        [-1.96489088e-06,  1.23566122e-05,  1.24318722e-05,
          3.74018133e-05,  6.46090835e-05],
        [-9.84435215e-07,  6.24396088e-06,  6.45831936e-06,
          2.42621243e-05,  5.10675099e-05],
        [-2.15042965e-20,  7.35736454e-20,  9.24207489e-20,
          1.58177360e-20, -1.02699486e-19]],

       [[ 4.91301993e-22, -2.05552266e-21,  9.43296394e-20,
          4.32787670e-21,  4.92574261e-20],
        [-2.22691701e-07,  6.41040854e-06, -1.14460574e-05,
         -1.42336272e-05,  9.04491728e-06],
        [-4.44301503e-07,  1.26661729e-05, -2.20380896e-05,
         -2.46936258e-05,  1.14846576e-05],
        ...,
        [-9.18242086e-07,  6.10758280e-06,  6.78399067e-08,
         -6.67156813e-05, -3.11689640e-05],
        [-4.60193940e-07,  3.08500658e-06,  6.18609625e-08,
         -4.16145024e-05, -2.44604575e-05],
        [-4.79889079e-21,  7.43787296e-21, -3.58632192e-20,
          2.55574964e-20,  1.77048133e-20]],

       [[-2.02099264e-20, -3.89841121e-20, -6.69651875e-20,
         -1.94855957e-20, -4.73880793e-20],
        [ 2.06459267e-07, -1.39753993e-06, -7.56631471e-06,
          4.09671927e-06,  1.02095323e-05],
        [ 4.13106468e-07, -2.76614095e-06, -1.45688687e-05,
          7.01327885e-06,  1.25269235e-05],
        ...,
        [ 6.25758004e-07,  1.72330981e-05,  8.70299663e-06,
          3.45332482e-07,  2.19656780e-05],
        [ 3.13501417e-07,  8.71463724e-06,  4.51788640e-06,
          2.35565263e-07,  1.76456472e-05],
        [ 6.86404470e-21,  5.72016714e-20,  5.29013119e-20,
          1.92573199e-20, -3.64199522e-20]]]), 'feature_info': ['Resampled from 250.0 Hz to 250 Hz', 'Cropped from 0.0s to 1469.924s', 'Reset time: 0.0s to 1469.924s', '5 low rank factorisation through SSD from 0.5 to 40 Hz'], 'mask': array([ True,  True,  True, ...,  True,  True,  True])}
No EOG channel found.
Fp1 and Fp2 will be used for EOG signal detection

saving into /data2/Projects/eeg_fmri_natview/chang_data/derivatives/sub-0031/ses-01/eeg/sub-0031_ses-01_task-MeRest_acq-mr0015_desc-SSDbands_eeg.pkl
{'time': array([0.000000e+00, 4.000000e-03, 8.000000e-03, ..., 1.469988e+03,
       1.469992e+03, 1.469996e+03]), 'labels': {'channels_info': {'index': [0, 1, 2, 3, 4, 5, 6, 7, 8, 9, 10, 11, 12, 13, 14, 15, 16, 17, 18, 19, 20, 21, 22, 23, 24, 25, 26, 27, 28], 'channel_name': ['Fp1', 'Fp2', 'F3', 'F4', 'C3', 'C4', 'P3', 'P4', 'O1', 'O2', 'F7', 'F8', 'T7', 'T8', 'Fz', 'Cz', 'Pz', 'Oz', 'FC1', 'FC2', 'CP1', 'CP2', 'FC5', 'FC6', 'CP5', 'CP6', 'TP9', 'TP10', 'POz'], 'anatomy': ['frontopolar', 'frontopolar', 'frontal', 'frontal', 'central', 'central', 'parietal', 'parietal', 'occipital', 'occipital', 'frontal', 'frontal', 'temporal', 'temporal', 'frontal', 'central', 'parietal', 'occipital', 'fronto-central', 'fronto-central', 'centro-parietal', 'centro-parietal', 'fronto-central', 'fronto-central', 'centro-parietal', 'centro-parietal', 'temporo-parietal', 'temporo-parietal', 'parieto-occipital'], 'laterality': ['left', 'right', 'left', 'right', 'left', 'right', 'left', 'right', 'left', 'right', 'left', 'right', 'left', 'right', 'midline', 'midline', 'midline', 'midline', 'left', 'right', 'left', 'right', 'left', 'right', 'left', 'right', 'left', 'right', 'midline']}, 'frequencies': [(0.5, 4), (4, 8), (8, 13), (13, 30), (30, 40)]}, 'feature': array([[[-2.87773265e-21, -1.32398138e-20,  1.12211439e-21,
         -8.08812284e-21, -5.53610384e-22],
        [ 1.84582793e-07,  1.15284987e-06, -1.41184129e-06,
         -2.30905061e-05, -5.95025948e-07],
        [ 3.68451182e-07,  2.25026940e-06, -2.70780661e-06,
         -3.96021175e-05, -7.63652526e-07],
        ...,
        [-1.69714122e-07,  4.85021139e-06, -5.69175860e-07,
         -8.05638706e-05, -4.23539945e-06],
        [-8.50119737e-08,  2.45535890e-06, -2.91601274e-07,
         -4.80955320e-05, -3.30600296e-06],
        [-2.95930466e-21, -1.97326124e-21, -3.56930811e-21,
         -3.99002087e-21,  2.91526261e-21]],

       [[ 1.02120956e-21, -9.75763661e-21,  3.99523934e-21,
         -1.73236188e-20,  6.88933362e-21],
        [ 1.42940629e-07,  2.25631299e-06, -2.83298051e-06,
         -2.01160070e-05,  5.39757597e-06],
        [ 2.85163926e-07,  4.43086242e-06, -5.45134611e-06,
         -3.44465547e-05,  6.86479950e-06],
        ...,
        [-2.00196096e-07,  4.57210795e-06, -1.46207340e-06,
         -5.81943543e-05,  2.59555040e-06],
        [-1.00478142e-07,  2.31367607e-06, -7.58588886e-07,
         -3.48311704e-05,  2.11353344e-06],
        [-6.11689927e-23, -6.13733759e-21, -7.07247579e-21,
          2.02384365e-21, -6.68765247e-21]],

       [[-2.72160770e-21, -1.05219136e-20, -1.84078755e-21,
         -3.29583571e-21, -3.56376976e-21],
        [ 1.97206445e-07, -8.08825884e-07, -4.13779392e-07,
         -1.92538552e-05, -3.98737799e-06],
        [ 3.93625442e-07, -1.61014127e-06, -7.87064906e-07,
         -3.30516845e-05, -5.08140132e-06],
        ...,
        [-2.04817268e-07,  2.05875354e-06, -2.78894323e-07,
         -6.00804695e-05, -8.48623626e-06],
        [-1.02671270e-07,  1.04356075e-06, -1.41910355e-07,
         -3.60213359e-05, -6.62888818e-06],
        [-9.31118769e-22,  5.40277167e-21,  5.35828598e-22,
         -1.06214478e-20,  1.01557674e-20]],

       ...,

       [[-2.05031707e-21, -3.64679402e-21, -2.84071279e-21,
         -2.70501335e-21,  3.35100194e-21],
        [ 4.94928102e-08,  3.83258419e-06, -3.35658353e-06,
          3.43017608e-06,  1.59029405e-05],
        [ 9.89417986e-08,  7.60399369e-06, -6.44608234e-06,
          5.93347563e-06,  2.06545219e-05],
        ...,
        [-4.62909201e-08, -6.55050921e-06, -3.35047915e-06,
         -1.53675073e-05,  1.84491255e-05],
        [-2.30957450e-08, -3.31715087e-06, -1.72631331e-06,
         -9.16549256e-06,  1.49008023e-05],
        [-2.73130375e-21,  4.79246115e-20, -6.46786097e-22,
          2.50049466e-21,  6.80635274e-21]],

       [[ 5.16150661e-22,  1.82010581e-21,  5.18429396e-21,
         -1.19590857e-20,  4.90485114e-21],
        [ 1.56449202e-08,  3.23245246e-06, -2.74040178e-06,
          1.62232344e-05,  3.20157009e-06],
        [ 3.11222999e-08,  6.40928295e-06, -5.28270633e-06,
          2.80675584e-05,  4.27286435e-06],
        ...,
        [-9.50794854e-10, -5.25975358e-06, -2.43081116e-06,
          3.10130979e-05, -7.22721171e-06],
        [-5.14936904e-10, -2.66417664e-06, -1.25114815e-06,
          1.84939993e-05, -5.48310281e-06],
        [-7.76477738e-22,  2.11890411e-20, -1.06972517e-20,
          2.76567176e-20,  3.74259662e-20]],

       [[-4.21269936e-21, -7.90950597e-21, -9.39940698e-21,
         -6.86024766e-21, -1.85372956e-21],
        [ 2.43441669e-07,  1.46417759e-06, -2.66001817e-06,
          1.31851329e-05,  9.49717826e-06],
        [ 4.85966547e-07,  2.90418459e-06, -5.15211265e-06,
          2.28040559e-05,  1.23550807e-05],
        ...,
        [-2.32668994e-07, -2.79093715e-06, -6.86612324e-06,
          1.69582687e-05, -9.56751223e-07],
        [-1.16578475e-07, -1.41179468e-06, -3.55997808e-06,
          1.01596611e-05, -5.33112180e-07],
        [-1.88699009e-21,  3.73921864e-20,  7.56651452e-21,
          2.21412963e-20,  2.59022202e-20]]]), 'feature_info': ['Resampled from 250.0 Hz to 250 Hz', 'Cropped from 0.0s to 1469.924s', 'Reset time: 0.0s to 1469.924s', '5 low rank factorisation through SSD from 0.5 to 40 Hz'], 'mask': array([ True,  True,  True, ...,  True,  True,  True])}
No EOG channel found.
Fp1 and Fp2 will be used for EOG signal detection

saving into /data2/Projects/eeg_fmri_natview/chang_data/derivatives/sub-0032/ses-01/eeg/sub-0032_ses-01_task-MeRest_acq-mr0009_desc-SSDbands_eeg.pkl
{'time': array([0.000000e+00, 4.000000e-03, 8.000000e-03, ..., 1.470988e+03,
       1.470992e+03, 1.470996e+03]), 'labels': {'channels_info': {'index': [0, 1, 2, 3, 4, 5, 6, 7, 8, 9, 10, 11, 12, 13, 14, 15, 16, 17, 18, 19, 20, 21, 22, 23, 24, 25, 26, 27, 28], 'channel_name': ['Fp1', 'Fp2', 'F3', 'F4', 'C3', 'C4', 'P3', 'P4', 'O1', 'O2', 'F7', 'F8', 'T7', 'T8', 'Fz', 'Cz', 'Pz', 'Oz', 'FC1', 'FC2', 'CP1', 'CP2', 'FC5', 'FC6', 'CP5', 'CP6', 'TP9', 'TP10', 'POz'], 'anatomy': ['frontopolar', 'frontopolar', 'frontal', 'frontal', 'central', 'central', 'parietal', 'parietal', 'occipital', 'occipital', 'frontal', 'frontal', 'temporal', 'temporal', 'frontal', 'central', 'parietal', 'occipital', 'fronto-central', 'fronto-central', 'centro-parietal', 'centro-parietal', 'fronto-central', 'fronto-central', 'centro-parietal', 'centro-parietal', 'temporo-parietal', 'temporo-parietal', 'parieto-occipital'], 'laterality': ['left', 'right', 'left', 'right', 'left', 'right', 'left', 'right', 'left', 'right', 'left', 'right', 'left', 'right', 'midline', 'midline', 'midline', 'midline', 'left', 'right', 'left', 'right', 'left', 'right', 'left', 'right', 'left', 'right', 'midline']}, 'frequencies': [(0.5, 4), (4, 8), (8, 13), (13, 30), (30, 40)]}, 'feature': array([[[ 8.88881493e-20,  3.04658348e-19,  4.82985846e-19,
         -1.28501784e-19, -1.56924042e-19],
        [-6.69776745e-07,  1.03275505e-05, -8.41902517e-06,
          7.26361541e-05, -4.89552813e-06],
        [-1.33860796e-06,  2.03735764e-05, -1.62865529e-05,
          1.23318365e-04, -6.26376595e-06],
        ...,
        [-5.33235402e-08, -1.10508848e-06,  1.60064080e-06,
         -9.90836185e-07,  4.93001166e-07],
        [-2.69380023e-08, -5.61098279e-07,  8.34504511e-07,
         -5.77639196e-07,  3.98955087e-07],
        [-3.82137925e-21,  1.62030255e-21, -2.29019872e-20,
         -2.56344524e-20,  3.80762850e-21]],

       [[ 2.63192645e-19,  2.73277246e-19,  7.92330335e-19,
         -2.42872299e-19, -1.62825230e-19],
        [-7.11565167e-07,  8.89952015e-06, -1.21715281e-05,
          7.40130668e-05, -7.60603749e-06],
        [-1.41897713e-06,  1.75458616e-05, -2.35062272e-05,
          1.25868528e-04, -9.74743680e-06],
        ...,
        [-1.25241949e-08, -9.04605614e-07,  1.67564666e-06,
         -8.50898324e-07,  4.51796693e-07],
        [-6.26911051e-09, -4.59764248e-07,  8.72498838e-07,
         -4.87118488e-07,  3.59566487e-07],
        [-2.72973816e-20, -1.88189609e-20, -3.16604198e-20,
         -2.31879602e-20,  6.22684813e-21]],

       [[-6.32222346e-21,  1.61536852e-19,  5.91270183e-20,
         -7.27536186e-22, -5.81352869e-20],
        [-8.74506830e-07,  3.32733721e-06,  2.72952492e-06,
          1.67164863e-05, -2.72045574e-06],
        [-1.74552135e-06,  6.58174994e-06,  5.24223360e-06,
          2.84194684e-05, -3.48333348e-06],
        ...,
        [-2.75699672e-08, -1.70917442e-07, -8.58401797e-08,
         -6.80402152e-07,  1.57320075e-07],
        [-1.38100141e-08, -8.65731924e-08, -4.48691305e-08,
         -4.34032299e-07,  1.24838001e-07],
        [-2.53800485e-21,  1.03259094e-20, -6.64909739e-21,
         -3.28089704e-20,  5.51122029e-22]],

       ...,

       [[ 1.18002337e-20,  3.14710763e-20, -9.31529099e-19,
          3.05140378e-19,  3.03986253e-19],
        [-1.16337731e-06, -1.99043017e-05,  1.27621511e-05,
         -7.14209072e-05,  2.46926546e-05],
        [-2.32330646e-06, -3.92815223e-05,  2.45695212e-05,
         -1.21398545e-04,  3.15529352e-05],
        ...,
        [-5.00190268e-08,  1.69454872e-06, -1.45032090e-06,
          1.58039075e-07, -5.21348636e-07],
        [-2.51260081e-08,  8.61266995e-07, -7.54212195e-07,
          3.78624010e-08, -3.78399079e-07],
        [-1.86881615e-21,  4.22720950e-20,  3.65277182e-20,
         -2.76890130e-20, -2.60756119e-20]],

       [[ 1.52661353e-20, -2.03906877e-19, -1.61209190e-19,
          6.50107445e-20,  7.18028571e-20],
        [ 1.37417831e-06, -1.31802049e-05,  5.48398962e-06,
         -3.07988468e-05, -1.34833389e-05],
        [ 2.74096313e-06, -2.60233707e-05,  1.05466264e-05,
         -5.23917248e-05, -1.72378519e-05],
        ...,
        [ 4.70512885e-08,  1.07922029e-06, -1.16328303e-06,
          2.45677846e-08,  1.24111047e-07],
        [ 2.35714266e-08,  5.48714351e-07, -6.07975881e-07,
         -3.09135130e-08,  7.39342782e-08],
        [ 4.20219788e-21,  1.01881928e-20,  1.63924696e-20,
         -2.95593856e-20,  3.66936284e-21]],

       [[-1.46349042e-20, -2.35494535e-19, -3.57050956e-19,
          1.84936711e-19,  1.00734249e-19],
        [-4.00673411e-07, -1.24126656e-05,  8.46146955e-06,
         -4.67414114e-05,  7.47124245e-06],
        [-8.00833171e-07, -2.44950715e-05,  1.62740321e-05,
         -7.94017883e-05,  9.52316917e-06],
        ...,
        [-2.21521582e-08,  9.60131366e-07, -1.35238575e-06,
          4.74410586e-07, -6.41951411e-08],
        [-1.11511667e-08,  4.88072226e-07, -7.05474755e-07,
          2.66806030e-07, -4.19074338e-08],
        [ 2.51556414e-21,  2.97091098e-20,  2.10430522e-20,
         -1.46835200e-20, -7.47829763e-21]]]), 'feature_info': ['Resampled from 250.0 Hz to 250 Hz', 'Cropped from 0.0s to 1469.928s', 'Reset time: 0.0s to 1469.928s', '5 low rank factorisation through SSD from 0.5 to 40 Hz'], 'mask': array([ True,  True,  True, ...,  True,  True,  True])}
