No EOG channel found.
Fp1 and Fp2 will be used for EOG signal detection

saving into /data2/Projects/eeg_fmri_natview/chang_data/derivatives/sub-0010/ses-01/eeg/sub-0010_ses-01_task-MeRest_acq-mr0009_desc-CustomEnv_eeg.pkl
{'time': array([0.000000e+00, 4.000000e-03, 8.000000e-03, ..., 1.469988e+03,
       1.469992e+03, 1.469996e+03]), 'labels': {'channels_info': {'index': [0, 1, 2, 3, 4, 5, 6, 7, 8, 9, 10, 11, 12, 13, 14, 15, 16, 17, 18, 19, 20, 21, 22, 23, 24, 25, 26, 27, 28], 'channel_name': ['Fp1', 'Fp2', 'F3', 'F4', 'C3', 'C4', 'P3', 'P4', 'O1', 'O2', 'F7', 'F8', 'T7', 'T8', 'Fz', 'Cz', 'Pz', 'Oz', 'FC1', 'FC2', 'CP1', 'CP2', 'FC5', 'FC6', 'CP5', 'CP6', 'TP9', 'TP10', 'POz'], 'anatomy': ['frontopolar', 'frontopolar', 'frontal', 'frontal', 'central', 'central', 'parietal', 'parietal', 'occipital', 'occipital', 'frontal', 'frontal', 'temporal', 'temporal', 'frontal', 'central', 'parietal', 'occipital', 'fronto-central', 'fronto-central', 'centro-parietal', 'centro-parietal', 'fronto-central', 'fronto-central', 'centro-parietal', 'centro-parietal', 'temporo-parietal', 'temporo-parietal', 'parieto-occipital'], 'laterality': ['left', 'right', 'left', 'right', 'left', 'right', 'left', 'right', 'left', 'right', 'left', 'right', 'left', 'right', 'midline', 'midline', 'midline', 'midline', 'left', 'right', 'left', 'right', 'left', 'right', 'left', 'right', 'left', 'right', 'midline']}, 'frequencies': [(0.5, 2), (1, 3), (2, 4), (3, 5), (4, 6), (5, 7), (6, 8), (7, 9), (8, 10), (9, 11), (10, 12), (11, 13), (12, 14), (13, 15), (14, 16), (15, 17), (16, 18), (17, 19), (18, 20), (19, 21), (20, 22), (21, 23), (22, 24), (23, 25), (24, 26), (25, 27), (26, 28), (27, 29), (28, 30), (29, 31), (30, 32), (31, 33), (32, 34), (33, 35), (34, 36), (35, 37), (36, 38), (37, 39), (38, 40)]}, 'feature': array([[[8.87885776e-05, 6.94177997e-05, 6.01401044e-05, ...,
         1.03192416e-05, 1.02353376e-05, 1.00638010e-05],
        [9.40834061e-05, 7.57548826e-05, 6.62493980e-05, ...,
         1.57001021e-05, 1.56593907e-05, 1.56116455e-05],
        [9.70839395e-05, 7.91539947e-05, 6.92358553e-05, ...,
         1.68323871e-05, 1.67129844e-05, 1.67218257e-05],
        ...,
        [7.76092584e-05, 5.66996917e-05, 4.97265062e-05, ...,
         1.17204464e-05, 1.13469946e-05, 1.07954468e-05],
        [8.00567042e-05, 5.94395353e-05, 5.14588202e-05, ...,
         8.25334451e-06, 8.04521816e-06, 7.69260469e-06],
        [8.29580986e-05, 6.25775341e-05, 5.35128356e-05, ...,
         3.45704252e-06, 3.31232697e-06, 3.06966926e-06]],

       [[1.15613777e-04, 8.91403981e-05, 7.28419964e-05, ...,
         2.67137879e-06, 2.75691529e-06, 2.98531782e-06],
        [1.39668063e-04, 1.14264169e-04, 9.83642889e-05, ...,
         2.18900851e-05, 2.17320629e-05, 2.15043418e-05],
        [1.37773096e-04, 1.12708453e-04, 9.66006338e-05, ...,
         2.60030770e-05, 2.59078096e-05, 2.59398323e-05],
        ...,
        [1.19558732e-04, 9.21013119e-05, 7.68873225e-05, ...,
         1.75197986e-05, 1.75487383e-05, 1.74284824e-05],
        [1.39301899e-04, 1.11847804e-04, 9.59449151e-05, ...,
         2.93370113e-05, 2.93273040e-05, 2.91527950e-05],
        [1.27995605e-04, 1.01220374e-04, 8.52160165e-05, ...,
         2.69070946e-05, 2.68804276e-05, 2.68301301e-05]],

       [[2.23048997e-04, 1.74888616e-04, 1.29020783e-04, ...,
         2.13388317e-05, 2.14295482e-05, 2.18460760e-05],
        [2.82292790e-04, 2.35974300e-04, 1.90194728e-04, ...,
         4.01010875e-05, 3.99251069e-05, 3.95232077e-05],
        [2.69240904e-04, 2.23493310e-04, 1.77456168e-04, ...,
         4.93414340e-05, 4.94816691e-05, 4.98095264e-05],
        ...,
        [2.65605727e-04, 2.16805204e-04, 1.74092176e-04, ...,
         5.37206256e-05, 5.38064118e-05, 5.37095134e-05],
        [3.15714817e-04, 2.66356017e-04, 2.22048358e-04, ...,
         8.48636412e-05, 8.48558316e-05, 8.45409334e-05],
        [2.76255428e-04, 2.28751703e-04, 1.86253619e-04, ...,
         8.01500442e-05, 8.01007602e-05, 8.00093926e-05]],

       ...,

       [[3.87721546e-04, 2.97350192e-04, 1.93191977e-04, ...,
         1.04060254e-04, 1.04067297e-04, 1.04689884e-04],
        [5.69010515e-04, 4.81842706e-04, 3.79989864e-04, ...,
         8.33708768e-05, 8.32855764e-05, 8.26844977e-05],
        [5.23473402e-04, 4.37171334e-04, 3.35994481e-04, ...,
         1.17031192e-04, 1.18070990e-04, 1.19403092e-04],
        ...,
        [5.29172315e-04, 4.38053299e-04, 3.33071495e-04, ...,
         9.55234162e-05, 9.59998354e-05, 9.64838256e-05],
        [6.92483168e-04, 6.00223225e-04, 4.94639289e-04, ...,
         2.25206062e-04, 2.25393367e-04, 2.25178629e-04],
        [5.88821665e-04, 5.05994420e-04, 4.17440153e-04, ...,
         2.55885437e-04, 2.55833192e-04, 2.55735554e-04]],

       [[2.47235063e-04, 1.84856238e-04, 1.22833832e-04, ...,
         6.17834897e-05, 6.14509576e-05, 6.16165808e-05],
        [3.52107809e-04, 2.90716218e-04, 2.29707460e-04, ...,
         4.43907673e-05, 4.48050314e-05, 4.47074082e-05],
        [3.23958664e-04, 2.62689869e-04, 2.01829572e-04, ...,
         6.26072290e-05, 6.35818504e-05, 6.45774538e-05],
        ...,
        [3.38695122e-04, 2.78529834e-04, 2.16851230e-04, ...,
         7.11787486e-05, 7.19342310e-05, 7.26858825e-05],
        [4.31978007e-04, 3.70226864e-04, 3.07904987e-04, ...,
         1.39933534e-04, 1.40367318e-04, 1.40490744e-04],
        [3.65883434e-04, 3.09124127e-04, 2.55820559e-04, ...,
         1.51009683e-04, 1.50986129e-04, 1.50925064e-04]],

       [[2.39260386e-04, 1.82637378e-04, 1.26661210e-04, ...,
         4.06237448e-05, 4.06862439e-05, 4.10829402e-05],
        [3.28271633e-04, 2.74229207e-04, 2.19372445e-04, ...,
         5.12828513e-05, 5.12475872e-05, 5.09470827e-05],
        [3.09686074e-04, 2.56511880e-04, 2.01826758e-04, ...,
         6.70941583e-05, 6.76220717e-05, 6.83371260e-05],
        ...,
        [2.94359165e-04, 2.35104810e-04, 1.79442906e-04, ...,
         5.17194550e-05, 5.16004551e-05, 5.14967854e-05],
        [3.73256472e-04, 3.14111355e-04, 2.57841052e-04, ...,
         1.10427300e-04, 1.10325674e-04, 1.10013227e-04],
        [3.23502194e-04, 2.69271771e-04, 2.19453332e-04, ...,
         1.19181463e-04, 1.19138214e-04, 1.19064405e-04]]]), 'feature_info': ['Resampled from 250.0 Hz to 250 Hz', 'Cropped from 0.0s to 1469.924s', 'Reset time: 0.0s to 1469.924s', '39 frequency bands extracted from 0.5 to 40 Hz', 'Envelope extracted'], 'mask': array([ True,  True,  True, ...,  True,  True,  True])}
No EOG channel found.
Fp1 and Fp2 will be used for EOG signal detection

saving into /data2/Projects/eeg_fmri_natview/chang_data/derivatives/sub-0010/ses-01/eeg/sub-0010_ses-01_task-MeRest_acq-mr0015_desc-CustomEnv_eeg.pkl
{'time': array([0.000000e+00, 4.000000e-03, 8.000000e-03, ..., 1.469988e+03,
       1.469992e+03, 1.469996e+03]), 'labels': {'channels_info': {'index': [0, 1, 2, 3, 4, 5, 6, 7, 8, 9, 10, 11, 12, 13, 14, 15, 16, 17, 18, 19, 20, 21, 22, 23, 24, 25, 26, 27, 28], 'channel_name': ['Fp1', 'Fp2', 'F3', 'F4', 'C3', 'C4', 'P3', 'P4', 'O1', 'O2', 'F7', 'F8', 'T7', 'T8', 'Fz', 'Cz', 'Pz', 'Oz', 'FC1', 'FC2', 'CP1', 'CP2', 'FC5', 'FC6', 'CP5', 'CP6', 'TP9', 'TP10', 'POz'], 'anatomy': ['frontopolar', 'frontopolar', 'frontal', 'frontal', 'central', 'central', 'parietal', 'parietal', 'occipital', 'occipital', 'frontal', 'frontal', 'temporal', 'temporal', 'frontal', 'central', 'parietal', 'occipital', 'fronto-central', 'fronto-central', 'centro-parietal', 'centro-parietal', 'fronto-central', 'fronto-central', 'centro-parietal', 'centro-parietal', 'temporo-parietal', 'temporo-parietal', 'parieto-occipital'], 'laterality': ['left', 'right', 'left', 'right', 'left', 'right', 'left', 'right', 'left', 'right', 'left', 'right', 'left', 'right', 'midline', 'midline', 'midline', 'midline', 'left', 'right', 'left', 'right', 'left', 'right', 'left', 'right', 'left', 'right', 'midline']}, 'frequencies': [(0.5, 2), (1, 3), (2, 4), (3, 5), (4, 6), (5, 7), (6, 8), (7, 9), (8, 10), (9, 11), (10, 12), (11, 13), (12, 14), (13, 15), (14, 16), (15, 17), (16, 18), (17, 19), (18, 20), (19, 21), (20, 22), (21, 23), (22, 24), (23, 25), (24, 26), (25, 27), (26, 28), (27, 29), (28, 30), (29, 31), (30, 32), (31, 33), (32, 34), (33, 35), (34, 36), (35, 37), (36, 38), (37, 39), (38, 40)]}, 'feature': array([[[1.25270558e-04, 1.14723263e-04, 1.02516931e-04, ...,
         3.46605322e-05, 3.49247251e-05, 3.50310353e-05],
        [1.06116120e-04, 9.66400931e-05, 8.54751062e-05, ...,
         1.82305880e-05, 1.86702218e-05, 1.89241481e-05],
        [1.15413072e-04, 1.06178883e-04, 9.51704812e-05, ...,
         1.79564966e-05, 1.79930968e-05, 1.79418401e-05],
        ...,
        [9.82313980e-05, 8.73498023e-05, 7.52827948e-05, ...,
         1.46668644e-05, 1.49433512e-05, 1.53109864e-05],
        [7.55736871e-05, 6.43469533e-05, 5.17286779e-05, ...,
         1.24792428e-05, 1.22717580e-05, 1.21121748e-05],
        [1.04951127e-04, 9.40852154e-05, 8.19663223e-05, ...,
         3.61722312e-05, 3.61684988e-05, 3.61520673e-05]],

       [[1.21462216e-04, 1.03784285e-04, 8.06148918e-05, ...,
         1.13831257e-05, 1.15732236e-05, 1.15337826e-05],
        [1.30917726e-04, 1.14438535e-04, 9.23804815e-05, ...,
         2.37170379e-05, 2.40470104e-05, 2.40790508e-05],
        [1.32538214e-04, 1.16437061e-04, 9.46563815e-05, ...,
         2.60480097e-05, 2.63481168e-05, 2.64767056e-05],
        ...,
        [1.16092673e-04, 9.68171629e-05, 7.18100439e-05, ...,
         1.67689060e-05, 1.69579576e-05, 1.72315887e-05],
        [1.21345840e-04, 1.02305254e-04, 7.77265585e-05, ...,
         1.59784530e-05, 1.61206518e-05, 1.61887665e-05],
        [1.19367596e-04, 1.00518100e-04, 7.63233660e-05, ...,
         7.55763927e-06, 7.50046340e-06, 7.35101821e-06]],

       [[2.59261476e-04, 2.16559886e-04, 1.72982650e-04, ...,
         1.05306197e-05, 1.07081002e-05, 1.05270572e-05],
        [2.85888212e-04, 2.45196405e-04, 2.02829224e-04, ...,
         3.96303661e-05, 3.99172800e-05, 3.98656845e-05],
        [2.83624567e-04, 2.43402439e-04, 2.01179279e-04, ...,
         4.33662909e-05, 4.36835927e-05, 4.39846704e-05],
        ...,
        [2.69607292e-04, 2.26860914e-04, 1.84866082e-04, ...,
         5.10228768e-05, 5.12819544e-05, 5.15578001e-05],
        [2.87038303e-04, 2.43352276e-04, 2.00012236e-04, ...,
         5.07944247e-05, 5.09477516e-05, 5.08814124e-05],
        [2.69841764e-04, 2.25334299e-04, 1.80897769e-04, ...,
         3.03187454e-05, 3.02217448e-05, 3.00161507e-05]],

       ...,

       [[3.36913486e-04, 2.49441683e-04, 1.46736057e-04, ...,
         1.22485084e-04, 1.22532824e-04, 1.23302571e-04],
        [5.38221341e-04, 4.53913254e-04, 3.52991327e-04, ...,
         8.40540158e-05, 8.38761293e-05, 8.29631069e-05],
        [4.87788183e-04, 4.04462893e-04, 3.04128093e-04, ...,
         1.22491546e-04, 1.23514852e-04, 1.24611020e-04],
        ...,
        [4.90019450e-04, 4.00284754e-04, 2.95928693e-04, ...,
         9.24850384e-05, 9.30267465e-05, 9.35485477e-05],
        [6.74224703e-04, 5.84141765e-04, 4.79870988e-04, ...,
         2.42062885e-04, 2.42272485e-04, 2.42052834e-04],
        [5.72041525e-04, 4.95349719e-04, 4.14066172e-04, ...,
         2.84594946e-04, 2.84550015e-04, 2.84463930e-04]],

       [[2.42769640e-04, 1.78166768e-04, 1.06032138e-04, ...,
         6.85285618e-05, 6.84170605e-05, 6.87226290e-05],
        [3.55364000e-04, 2.92646127e-04, 2.21470046e-04, ...,
         4.56085528e-05, 4.57226050e-05, 4.54349540e-05],
        [3.25125306e-04, 2.63049446e-04, 1.92246198e-04, ...,
         6.56487114e-05, 6.63877396e-05, 6.72607397e-05],
        ...,
        [3.38874469e-04, 2.73006032e-04, 1.99331470e-04, ...,
         6.87764635e-05, 6.91646152e-05, 6.95892450e-05],
        [4.40165436e-04, 3.74027931e-04, 3.00705829e-04, ...,
         1.45990859e-04, 1.46174912e-04, 1.46109688e-04],
        [3.72424196e-04, 3.13787457e-04, 2.53908188e-04, ...,
         1.62100262e-04, 1.62070557e-04, 1.62010252e-04]],

       [[2.49926615e-04, 2.00200118e-04, 1.44833130e-04, ...,
         2.78901300e-05, 2.79224012e-05, 2.84234296e-05],
        [3.27886545e-04, 2.80829423e-04, 2.26944638e-04, ...,
         5.26526640e-05, 5.25639763e-05, 5.19838196e-05],
        [3.13818576e-04, 2.67572371e-04, 2.13992135e-04, ...,
         6.61179479e-05, 6.64107315e-05, 6.66592032e-05],
        ...,
        [2.90793577e-04, 2.38561323e-04, 1.82819672e-04, ...,
         5.23688450e-05, 5.25887720e-05, 5.28115536e-05],
        [3.58442774e-04, 3.06218285e-04, 2.50048150e-04, ...,
         9.89845732e-05, 9.90645353e-05, 9.88806919e-05],
        [3.15045038e-04, 2.65849402e-04, 2.14233514e-04, ...,
         1.00561955e-04, 1.00516727e-04, 1.00428038e-04]]]), 'feature_info': ['Resampled from 250.0 Hz to 250 Hz', 'Cropped from 0.0s to 1469.924s', 'Reset time: 0.0s to 1469.924s', '39 frequency bands extracted from 0.5 to 40 Hz', 'Envelope extracted'], 'mask': array([ True,  True,  True, ...,  True,  True,  True])}
No EOG channel found.
Fp1 and Fp2 will be used for EOG signal detection

saving into /data2/Projects/eeg_fmri_natview/chang_data/derivatives/sub-0012/ses-01/eeg/sub-0012_ses-01_task-MeRest_acq-mr0012_desc-CustomEnv_eeg.pkl
{'time': array([0.000000e+00, 4.000000e-03, 8.000000e-03, ..., 1.470988e+03,
       1.470992e+03, 1.470996e+03]), 'labels': {'channels_info': {'index': [0, 1, 2, 3, 4, 5, 6, 7, 8, 9, 10, 11, 12, 13, 14, 15, 16, 17, 18, 19, 20, 21, 22, 23, 24, 25, 26, 27, 28], 'channel_name': ['Fp1', 'Fp2', 'F3', 'F4', 'C3', 'C4', 'P3', 'P4', 'O1', 'O2', 'F7', 'F8', 'T7', 'T8', 'Fz', 'Cz', 'Pz', 'Oz', 'FC1', 'FC2', 'CP1', 'CP2', 'FC5', 'FC6', 'CP5', 'CP6', 'TP9', 'TP10', 'POz'], 'anatomy': ['frontopolar', 'frontopolar', 'frontal', 'frontal', 'central', 'central', 'parietal', 'parietal', 'occipital', 'occipital', 'frontal', 'frontal', 'temporal', 'temporal', 'frontal', 'central', 'parietal', 'occipital', 'fronto-central', 'fronto-central', 'centro-parietal', 'centro-parietal', 'fronto-central', 'fronto-central', 'centro-parietal', 'centro-parietal', 'temporo-parietal', 'temporo-parietal', 'parieto-occipital'], 'laterality': ['left', 'right', 'left', 'right', 'left', 'right', 'left', 'right', 'left', 'right', 'left', 'right', 'left', 'right', 'midline', 'midline', 'midline', 'midline', 'left', 'right', 'left', 'right', 'left', 'right', 'left', 'right', 'left', 'right', 'midline']}, 'frequencies': [(0.5, 2), (1, 3), (2, 4), (3, 5), (4, 6), (5, 7), (6, 8), (7, 9), (8, 10), (9, 11), (10, 12), (11, 13), (12, 14), (13, 15), (14, 16), (15, 17), (16, 18), (17, 19), (18, 20), (19, 21), (20, 22), (21, 23), (22, 24), (23, 25), (24, 26), (25, 27), (26, 28), (27, 29), (28, 30), (29, 31), (30, 32), (31, 33), (32, 34), (33, 35), (34, 36), (35, 37), (36, 38), (37, 39), (38, 40)]}, 'feature': array([[[1.16634594e-04, 1.31317988e-04, 1.47302262e-04, ...,
         1.76919537e-04, 1.76840028e-04, 1.76887917e-04],
        [5.87464162e-05, 7.30613716e-05, 8.96339102e-05, ...,
         1.23657753e-04, 1.23789025e-04, 1.24055863e-04],
        [5.73209671e-05, 7.16773669e-05, 8.85482260e-05, ...,
         1.36370103e-04, 1.36898951e-04, 1.37469585e-04],
        ...,
        [1.10240869e-04, 1.20563505e-04, 1.31341682e-04, ...,
         1.53876281e-04, 1.53876245e-04, 1.53923633e-04],
        [1.09037429e-04, 1.19143735e-04, 1.30097627e-04, ...,
         1.53020518e-04, 1.52999111e-04, 1.53037780e-04],
        [1.47327126e-04, 1.59898746e-04, 1.73115509e-04, ...,
         2.00680340e-04, 2.00697644e-04, 2.00781803e-04]],

       [[1.22336013e-05, 5.50889259e-06, 6.70169065e-06, ...,
         3.63718846e-05, 3.64802711e-05, 3.66460441e-05],
        [1.87835693e-06, 1.07417270e-05, 2.65691072e-05, ...,
         2.54899344e-05, 2.56213994e-05, 2.58223558e-05],
        [3.47283438e-06, 1.35876483e-05, 3.11619711e-05, ...,
         3.19075269e-05, 3.18968588e-05, 3.19436292e-05],
        ...,
        [1.87892487e-05, 1.84289718e-05, 1.89743267e-05, ...,
         3.31222890e-05, 3.31278811e-05, 3.31676521e-05],
        [1.86341364e-05, 1.83833136e-05, 2.00269635e-05, ...,
         3.26334803e-05, 3.26539072e-05, 3.27108840e-05],
        [2.30641045e-05, 2.06827962e-05, 1.83918409e-05, ...,
         4.30405878e-05, 4.30675312e-05, 4.31392212e-05]],

       [[3.51374480e-04, 4.19009995e-04, 4.88897264e-04, ...,
         6.38866006e-04, 6.39022154e-04, 6.39522640e-04],
        [1.39123864e-04, 2.05155399e-04, 2.75789358e-04, ...,
         4.46845766e-04, 4.47595085e-04, 4.48735782e-04],
        [1.33376083e-04, 1.99431076e-04, 2.71197417e-04, ...,
         4.88955821e-04, 4.90183192e-04, 4.91704628e-04],
        ...,
        [3.61881192e-04, 4.03659535e-04, 4.50402546e-04, ...,
         5.54155988e-04, 5.54171396e-04, 5.54372266e-04],
        [3.57030988e-04, 3.97463127e-04, 4.44091543e-04, ...,
         5.51354227e-04, 5.51368914e-04, 5.51590772e-04],
        [4.79402271e-04, 5.34654327e-04, 5.92732513e-04, ...,
         7.22881830e-04, 7.22999943e-04, 7.23360131e-04]],

       ...,

       [[1.68964583e-04, 1.78679880e-04, 1.79324846e-04, ...,
         2.76107306e-04, 2.76376528e-04, 2.76764508e-04],
        [7.85485811e-05, 8.53648567e-05, 8.25705404e-05, ...,
         1.93148839e-04, 1.93595240e-04, 1.94237728e-04],
        [7.61138297e-05, 8.32216048e-05, 8.21760414e-05, ...,
         2.09961145e-04, 2.10108289e-04, 2.10615856e-04],
        ...,
        [1.64477108e-04, 1.74288373e-04, 1.79822282e-04, ...,
         2.38960396e-04, 2.38968430e-04, 2.39078535e-04],
        [1.62512218e-04, 1.71273056e-04, 1.75563371e-04, ...,
         2.37862741e-04, 2.37906432e-04, 2.38050679e-04],
        [2.19405048e-04, 2.30015862e-04, 2.34249346e-04, ...,
         3.11767857e-04, 3.11834891e-04, 3.12034581e-04]],

       [[4.48163338e-04, 5.56252152e-04, 6.56863504e-04, ...,
         9.60612500e-04, 9.60957619e-04, 9.62149063e-04],
        [1.21920736e-04, 2.24474449e-04, 3.22591414e-04, ...,
         6.70854246e-04, 6.72281020e-04, 6.74593721e-04],
        [1.16277454e-04, 2.17063128e-04, 3.16444423e-04, ...,
         7.55543125e-04, 7.57665857e-04, 7.60165550e-04],
        ...,
        [5.13907356e-04, 5.73537280e-04, 6.39571473e-04, ...,
         8.41665438e-04, 8.41696741e-04, 8.42104005e-04],
        [5.06977609e-04, 5.62864092e-04, 6.26888708e-04, ...,
         8.35707181e-04, 8.35747062e-04, 8.36232699e-04],
        [6.68639362e-04, 7.54503754e-04, 8.38469497e-04, ...,
         1.09701195e-03, 1.09723895e-03, 1.09797262e-03]],

       [[2.14595516e-04, 2.25529735e-04, 2.37525882e-04, ...,
         3.14386606e-04, 3.14561760e-04, 3.14800285e-04],
        [1.13635770e-04, 1.22331741e-04, 1.32817956e-04, ...,
         2.20445197e-04, 2.20791236e-04, 2.21258658e-04],
        [1.11284925e-04, 1.19929191e-04, 1.30878101e-04, ...,
         2.32818675e-04, 2.33042307e-04, 2.33563366e-04],
        ...,
        [1.99335970e-04, 2.09890207e-04, 2.20633902e-04, ...,
         2.69427525e-04, 2.69430831e-04, 2.69513085e-04],
        [1.97235546e-04, 2.06966144e-04, 2.17152417e-04, ...,
         2.68730100e-04, 2.68754791e-04, 2.68852438e-04],
        [2.66158419e-04, 2.77426820e-04, 2.89192225e-04, ...,
         3.51808432e-04, 3.51857089e-04, 3.52004115e-04]]]), 'feature_info': ['Resampled from 250.0 Hz to 250 Hz', 'Cropped from 0.0s to 1469.928s', 'Reset time: 0.0s to 1469.928s', '39 frequency bands extracted from 0.5 to 40 Hz', 'Envelope extracted'], 'mask': array([ True,  True,  True, ...,  True,  True,  True])}
No EOG channel found.
Fp1 and Fp2 will be used for EOG signal detection

saving into /data2/Projects/eeg_fmri_natview/chang_data/derivatives/sub-0012/ses-01/eeg/sub-0012_ses-01_task-MeRest_acq-mr0018_desc-CustomEnv_eeg.pkl
{'time': array([0.000000e+00, 4.000000e-03, 8.000000e-03, ..., 1.470988e+03,
       1.470992e+03, 1.470996e+03]), 'labels': {'channels_info': {'index': [0, 1, 2, 3, 4, 5, 6, 7, 8, 9, 10, 11, 12, 13, 14, 15, 16, 17, 18, 19, 20, 21, 22, 23, 24, 25, 26, 27, 28], 'channel_name': ['Fp1', 'Fp2', 'F3', 'F4', 'C3', 'C4', 'P3', 'P4', 'O1', 'O2', 'F7', 'F8', 'T7', 'T8', 'Fz', 'Cz', 'Pz', 'Oz', 'FC1', 'FC2', 'CP1', 'CP2', 'FC5', 'FC6', 'CP5', 'CP6', 'TP9', 'TP10', 'POz'], 'anatomy': ['frontopolar', 'frontopolar', 'frontal', 'frontal', 'central', 'central', 'parietal', 'parietal', 'occipital', 'occipital', 'frontal', 'frontal', 'temporal', 'temporal', 'frontal', 'central', 'parietal', 'occipital', 'fronto-central', 'fronto-central', 'centro-parietal', 'centro-parietal', 'fronto-central', 'fronto-central', 'centro-parietal', 'centro-parietal', 'temporo-parietal', 'temporo-parietal', 'parieto-occipital'], 'laterality': ['left', 'right', 'left', 'right', 'left', 'right', 'left', 'right', 'left', 'right', 'left', 'right', 'left', 'right', 'midline', 'midline', 'midline', 'midline', 'left', 'right', 'left', 'right', 'left', 'right', 'left', 'right', 'left', 'right', 'midline']}, 'frequencies': [(0.5, 2), (1, 3), (2, 4), (3, 5), (4, 6), (5, 7), (6, 8), (7, 9), (8, 10), (9, 11), (10, 12), (11, 13), (12, 14), (13, 15), (14, 16), (15, 17), (16, 18), (17, 19), (18, 20), (19, 21), (20, 22), (21, 23), (22, 24), (23, 25), (24, 26), (25, 27), (26, 28), (27, 29), (28, 30), (29, 31), (30, 32), (31, 33), (32, 34), (33, 35), (34, 36), (35, 37), (36, 38), (37, 39), (38, 40)]}, 'feature': array([[[2.68353790e-04, 2.80648309e-04, 2.91512264e-04, ...,
         3.17393245e-04, 3.17100358e-04, 3.16887433e-04],
        [1.68945762e-04, 1.80825215e-04, 1.91449207e-04, ...,
         2.22336992e-04, 2.22369737e-04, 2.22536404e-04],
        [1.67878927e-04, 1.79745072e-04, 1.90561060e-04, ...,
         2.40435533e-04, 2.41409855e-04, 2.42514972e-04],
        ...,
        [2.33507976e-04, 2.43588613e-04, 2.52451881e-04, ...,
         2.74106165e-04, 2.74095268e-04, 2.74130584e-04],
        [2.32499245e-04, 2.42429909e-04, 2.51247233e-04, ...,
         2.72961526e-04, 2.72890770e-04, 2.72867922e-04],
        [3.10501678e-04, 3.21699774e-04, 3.31598526e-04, ...,
         3.57720027e-04, 3.57713338e-04, 3.57771324e-04]],

       [[6.89518902e-05, 5.48116627e-05, 3.96490718e-05, ...,
         7.51550273e-06, 7.89462194e-06, 8.38893335e-06],
        [7.60503889e-05, 6.29034140e-05, 4.80124434e-05, ...,
         5.08668118e-06, 5.37093222e-06, 5.85378784e-06],
        [7.85685287e-05, 6.57549105e-05, 5.08832078e-05, ...,
         5.81790190e-06, 5.23757871e-06, 4.75577180e-06],
        ...,
        [6.16219909e-05, 4.59875348e-05, 3.08769592e-05, ...,
         6.68202922e-06, 6.69475657e-06, 6.75332389e-06],
        [6.41681925e-05, 4.88392401e-05, 3.36445710e-05, ...,
         6.61841710e-06, 6.69592502e-06, 6.83248637e-06],
        [6.43217469e-05, 4.92516818e-05, 3.39378394e-05, ...,
         8.67302580e-06, 8.72455389e-06, 8.83565170e-06]],

       [[2.41315467e-04, 2.99169334e-04, 3.57331442e-04, ...,
         5.28498253e-04, 5.28961954e-04, 5.29836596e-04],
        [6.40414638e-05, 1.18783260e-04, 1.75917810e-04, ...,
         3.69656384e-04, 3.70456189e-04, 3.71685146e-04],
        [6.13546193e-05, 1.14954369e-04, 1.72552155e-04, ...,
         4.02024103e-04, 4.02382291e-04, 4.02982597e-04],
        ...,
        [2.78381905e-04, 3.10158888e-04, 3.47663213e-04, ...,
         4.57527482e-04, 4.57540971e-04, 4.57752409e-04],
        [2.74591656e-04, 3.04299197e-04, 3.40773458e-04, ...,
         4.55391247e-04, 4.55465315e-04, 4.55770080e-04],
        [3.61777112e-04, 4.07689913e-04, 4.55738976e-04, ...,
         5.96909789e-04, 5.97032484e-04, 5.97415878e-04]],

       ...,

       [[1.98952977e-04, 2.27445815e-04, 2.56395699e-04, ...,
         3.56465302e-04, 3.57104808e-04, 3.57934024e-04],
        [8.35122658e-05, 1.10129822e-04, 1.38386160e-04, ...,
         2.50268283e-04, 2.50905805e-04, 2.51728019e-04],
        [8.04282590e-05, 1.07162317e-04, 1.35995383e-04, ...,
         2.58283437e-04, 2.57725345e-04, 2.57257396e-04],
        ...,
        [2.00864932e-04, 2.20300320e-04, 2.40853355e-04, ...,
         3.03239787e-04, 3.03268129e-04, 3.03390929e-04],
        [1.98257944e-04, 2.16747416e-04, 2.36870655e-04, ...,
         3.02925773e-04, 3.03057937e-04, 3.03300816e-04],
        [2.66852025e-04, 2.91381644e-04, 3.16298471e-04, ...,
         3.96173628e-04, 3.96282957e-04, 3.96512112e-04]],

       [[5.25419455e-04, 6.35553991e-04, 7.46073063e-04, ...,
         1.05221193e-03, 1.05269549e-03, 1.05395865e-03],
        [1.72681363e-04, 2.77647911e-04, 3.86715455e-04, ...,
         7.35692576e-04, 7.37067533e-04, 7.39295445e-04],
        [1.64371719e-04, 2.68802953e-04, 3.79412983e-04, ...,
         8.08747210e-04, 8.10317459e-04, 8.12395758e-04],
        ...,
        [5.73123864e-04, 6.38178124e-04, 7.11703677e-04, ...,
         9.14188951e-04, 9.14204147e-04, 9.14594254e-04],
        [5.65253629e-04, 6.26868992e-04, 6.98884214e-04, ...,
         9.09252412e-04, 9.09308215e-04, 9.09798011e-04],
        [7.52465710e-04, 8.41888610e-04, 9.34226029e-04, ...,
         1.19236752e-03, 1.19257048e-03, 1.19327314e-03]],

       [[1.77891503e-04, 2.06853402e-04, 2.36597221e-04, ...,
         3.38130625e-04, 3.38281256e-04, 3.38677910e-04],
        [6.86042733e-05, 9.58521370e-05, 1.25078410e-04, ...,
         2.38250202e-04, 2.38363279e-04, 2.38718993e-04],
        [6.56974033e-05, 9.30359835e-05, 1.22801645e-04, ...,
         2.41160628e-04, 2.40777076e-04, 2.40475150e-04],
        ...,
        [1.84853876e-04, 2.03648783e-04, 2.24118376e-04, ...,
         2.85596279e-04, 2.85551896e-04, 2.85613363e-04],
        [1.82301164e-04, 2.00141885e-04, 2.20202758e-04, ...,
         2.85718562e-04, 2.85709639e-04, 2.85830282e-04],
        [2.44494791e-04, 2.68920028e-04, 2.94147320e-04, ...,
         3.73373118e-04, 3.73339707e-04, 3.73446205e-04]]]), 'feature_info': ['Resampled from 250.0 Hz to 250 Hz', 'Cropped from 0.0s to 1469.928s', 'Reset time: 0.0s to 1469.928s', '39 frequency bands extracted from 0.5 to 40 Hz', 'Envelope extracted'], 'mask': array([ True,  True,  True, ...,  True,  True,  True])}
No EOG channel found.
Fp1 and Fp2 will be used for EOG signal detection

saving into /data2/Projects/eeg_fmri_natview/chang_data/derivatives/sub-0014/ses-01/eeg/sub-0014_ses-01_task-MeRest_acq-mr0012_desc-CustomEnv_eeg.pkl
{'time': array([0.000000e+00, 4.000000e-03, 8.000000e-03, ..., 1.470988e+03,
       1.470992e+03, 1.470996e+03]), 'labels': {'channels_info': {'index': [0, 1, 2, 3, 4, 5, 6, 7, 8, 9, 10, 11, 12, 13, 14, 15, 16, 17, 18, 19, 20, 21, 22, 23, 24, 25, 26, 27, 28], 'channel_name': ['Fp1', 'Fp2', 'F3', 'F4', 'C3', 'C4', 'P3', 'P4', 'O1', 'O2', 'F7', 'F8', 'T7', 'T8', 'Fz', 'Cz', 'Pz', 'Oz', 'FC1', 'FC2', 'CP1', 'CP2', 'FC5', 'FC6', 'CP5', 'CP6', 'TP9', 'TP10', 'POz'], 'anatomy': ['frontopolar', 'frontopolar', 'frontal', 'frontal', 'central', 'central', 'parietal', 'parietal', 'occipital', 'occipital', 'frontal', 'frontal', 'temporal', 'temporal', 'frontal', 'central', 'parietal', 'occipital', 'fronto-central', 'fronto-central', 'centro-parietal', 'centro-parietal', 'fronto-central', 'fronto-central', 'centro-parietal', 'centro-parietal', 'temporo-parietal', 'temporo-parietal', 'parieto-occipital'], 'laterality': ['left', 'right', 'left', 'right', 'left', 'right', 'left', 'right', 'left', 'right', 'left', 'right', 'left', 'right', 'midline', 'midline', 'midline', 'midline', 'left', 'right', 'left', 'right', 'left', 'right', 'left', 'right', 'left', 'right', 'midline']}, 'frequencies': [(0.5, 2), (1, 3), (2, 4), (3, 5), (4, 6), (5, 7), (6, 8), (7, 9), (8, 10), (9, 11), (10, 12), (11, 13), (12, 14), (13, 15), (14, 16), (15, 17), (16, 18), (17, 19), (18, 20), (19, 21), (20, 22), (21, 23), (22, 24), (23, 25), (24, 26), (25, 27), (26, 28), (27, 29), (28, 30), (29, 31), (30, 32), (31, 33), (32, 34), (33, 35), (34, 36), (35, 37), (36, 38), (37, 39), (38, 40)]}, 'feature': array([[[3.05878637e-04, 3.22715567e-04, 3.40153726e-04, ...,
         3.83246466e-04, 3.83227627e-04, 3.83300288e-04],
        [1.84076253e-04, 2.00031687e-04, 2.17167457e-04, ...,
         2.68096432e-04, 2.68456957e-04, 2.68943660e-04],
        [1.82222816e-04, 1.98146139e-04, 2.15625715e-04, ...,
         2.92620977e-04, 2.93557838e-04, 2.94621156e-04],
        ...,
        [2.70531298e-04, 2.84364227e-04, 2.98173516e-04, ...,
         3.32179164e-04, 3.32206831e-04, 3.32292441e-04],
        [2.68838748e-04, 2.82345814e-04, 2.96092505e-04, ...,
         3.30530564e-04, 3.30533711e-04, 3.30597240e-04],
        [3.60702997e-04, 3.76148405e-04, 3.91821541e-04, ...,
         4.33369481e-04, 4.33446972e-04, 4.33599776e-04]],

       [[2.82328582e-04, 3.00567613e-04, 3.19790935e-04, ...,
         3.73418814e-04, 3.73426857e-04, 3.73523888e-04],
        [1.62628858e-04, 1.79777656e-04, 1.98586689e-04, ...,
         2.61242024e-04, 2.61603853e-04, 2.62101432e-04],
        [1.60321792e-04, 1.77474057e-04, 1.96716863e-04, ...,
         2.84289514e-04, 2.85127727e-04, 2.86149931e-04],
        ...,
        [2.53990263e-04, 2.68753119e-04, 2.83807225e-04, ...,
         3.23339365e-04, 3.23361562e-04, 3.23449745e-04],
        [2.51929230e-04, 2.66279141e-04, 2.81221285e-04, ...,
         3.21801781e-04, 3.21805827e-04, 3.21876388e-04],
        [3.38929890e-04, 3.55614602e-04, 3.72845498e-04, ...,
         4.21865403e-04, 4.21937317e-04, 4.22094394e-04]],

       [[2.92219988e-04, 3.63599485e-04, 4.35116860e-04, ...,
         6.46299296e-04, 6.46776482e-04, 6.47778079e-04],
        [7.63391839e-05, 1.43952403e-04, 2.14314092e-04, ...,
         4.52466369e-04, 4.53292479e-04, 4.54675614e-04],
        [7.32073844e-05, 1.39276157e-04, 2.10176914e-04, ...,
         4.86467176e-04, 4.86786006e-04, 4.87404991e-04],
        ...,
        [3.38371847e-04, 3.77337923e-04, 4.23285051e-04, ...,
         5.57251462e-04, 5.57243118e-04, 5.57480430e-04],
        [3.33746453e-04, 3.70175641e-04, 4.14894005e-04, ...,
         5.55127152e-04, 5.55186180e-04, 5.55533613e-04],
        [4.39394168e-04, 4.95881182e-04, 5.54845945e-04, ...,
         7.27247621e-04, 7.27350282e-04, 7.27779736e-04]],

       ...,

       [[2.01561247e-04, 2.88060860e-04, 3.73024348e-04, ...,
         6.23376695e-04, 6.24213109e-04, 6.25667102e-04],
        [2.78049410e-05, 6.97623770e-05, 1.50946624e-04, ...,
         4.34954002e-04, 4.36353131e-04, 4.38407595e-04],
        [5.21970447e-05, 7.49317681e-05, 1.50369254e-04, ...,
         4.90758439e-04, 4.91395746e-04, 4.92414422e-04],
        ...,
        [3.08866680e-04, 3.41108836e-04, 3.88903416e-04, ...,
         5.46680933e-04, 5.46736299e-04, 5.47090162e-04],
        [3.06241006e-04, 3.34180613e-04, 3.79379054e-04, ...,
         5.42728420e-04, 5.42888277e-04, 5.43393667e-04],
        [3.78679074e-04, 4.39759616e-04, 5.06495357e-04, ...,
         7.12429718e-04, 7.12682250e-04, 7.13330721e-04]],

       [[8.47845257e-05, 6.82248656e-05, 4.46065368e-05, ...,
         5.35178802e-05, 5.32591507e-05, 5.32156344e-05],
        [1.11913027e-04, 9.76394184e-05, 7.49075952e-05, ...,
         3.76052081e-05, 3.74704725e-05, 3.75856946e-05],
        [1.17437230e-04, 1.04197468e-04, 8.19257712e-05, ...,
         4.46147291e-05, 4.48505883e-05, 4.52808855e-05],
        ...,
        [8.47781640e-05, 6.59357723e-05, 4.48798350e-05, ...,
         4.76426230e-05, 4.75649428e-05, 4.75962680e-05],
        [8.99112616e-05, 7.16161217e-05, 4.99621949e-05, ...,
         4.71569030e-05, 4.70468648e-05, 4.70605083e-05],
        [7.90559542e-05, 6.17352511e-05, 4.11031186e-05, ...,
         6.20189136e-05, 6.19166214e-05, 6.19615032e-05]],

       [[1.63106607e-04, 1.74872671e-04, 1.89518061e-04, ...,
         2.41572329e-04, 2.41535488e-04, 2.41566939e-04],
        [8.61011448e-05, 9.68968047e-05, 1.11444296e-04, ...,
         1.69972321e-04, 1.70002745e-04, 1.70137937e-04],
        [8.42397344e-05, 9.50389065e-05, 1.09885415e-04, ...,
         1.74730932e-04, 1.74851298e-04, 1.75144462e-04],
        ...,
        [1.51872301e-04, 1.61293065e-04, 1.72037233e-04, ...,
         2.05106235e-04, 2.05082075e-04, 2.05113022e-04],
        [1.50183246e-04, 1.59206152e-04, 1.69888199e-04, ...,
         2.04956369e-04, 2.04926948e-04, 2.04952651e-04],
        [2.02536564e-04, 2.13332360e-04, 2.26034465e-04, ...,
         2.68045219e-04, 2.68024685e-04, 2.68074842e-04]]]), 'feature_info': ['Resampled from 250.0 Hz to 250 Hz', 'Cropped from 0.0s to 1469.928s', 'Reset time: 0.0s to 1469.928s', '39 frequency bands extracted from 0.5 to 40 Hz', 'Envelope extracted'], 'mask': array([ True,  True,  True, ...,  True,  True,  True])}
No EOG channel found.
Fp1 and Fp2 will be used for EOG signal detection

saving into /data2/Projects/eeg_fmri_natview/chang_data/derivatives/sub-0014/ses-01/eeg/sub-0014_ses-01_task-MeRest_acq-mr0018_desc-CustomEnv_eeg.pkl
{'time': array([0.000000e+00, 4.000000e-03, 8.000000e-03, ..., 1.470988e+03,
       1.470992e+03, 1.470996e+03]), 'labels': {'channels_info': {'index': [0, 1, 2, 3, 4, 5, 6, 7, 8, 9, 10, 11, 12, 13, 14, 15, 16, 17, 18, 19, 20, 21, 22, 23, 24, 25, 26, 27, 28], 'channel_name': ['Fp1', 'Fp2', 'F3', 'F4', 'C3', 'C4', 'P3', 'P4', 'O1', 'O2', 'F7', 'F8', 'T7', 'T8', 'Fz', 'Cz', 'Pz', 'Oz', 'FC1', 'FC2', 'CP1', 'CP2', 'FC5', 'FC6', 'CP5', 'CP6', 'TP9', 'TP10', 'POz'], 'anatomy': ['frontopolar', 'frontopolar', 'frontal', 'frontal', 'central', 'central', 'parietal', 'parietal', 'occipital', 'occipital', 'frontal', 'frontal', 'temporal', 'temporal', 'frontal', 'central', 'parietal', 'occipital', 'fronto-central', 'fronto-central', 'centro-parietal', 'centro-parietal', 'fronto-central', 'fronto-central', 'centro-parietal', 'centro-parietal', 'temporo-parietal', 'temporo-parietal', 'parieto-occipital'], 'laterality': ['left', 'right', 'left', 'right', 'left', 'right', 'left', 'right', 'left', 'right', 'left', 'right', 'left', 'right', 'midline', 'midline', 'midline', 'midline', 'left', 'right', 'left', 'right', 'left', 'right', 'left', 'right', 'left', 'right', 'midline']}, 'frequencies': [(0.5, 2), (1, 3), (2, 4), (3, 5), (4, 6), (5, 7), (6, 8), (7, 9), (8, 10), (9, 11), (10, 12), (11, 13), (12, 14), (13, 15), (14, 16), (15, 17), (16, 18), (17, 19), (18, 20), (19, 21), (20, 22), (21, 23), (22, 24), (23, 25), (24, 26), (25, 27), (26, 28), (27, 29), (28, 30), (29, 31), (30, 32), (31, 33), (32, 34), (33, 35), (34, 36), (35, 37), (36, 38), (37, 39), (38, 40)]}, 'feature': array([[[0.00025025, 0.00025967, 0.00026527, ..., 0.00028209,
         0.00028221, 0.00028224],
        [0.0001711 , 0.00018075, 0.00018647, ..., 0.00020342,
         0.00020332, 0.00020304],
        [0.00017139, 0.00018112, 0.00018688, ..., 0.00018028,
         0.00017945, 0.00017841],
        ...,
        [0.00021104, 0.00021834, 0.00022279, ..., 0.00022765,
         0.00022762, 0.00022757],
        [0.00021129, 0.00021868, 0.00022318, ..., 0.00023   ,
         0.00023001, 0.00022999],
        [0.00027917, 0.0002874 , 0.00029236, ..., 0.00029879,
         0.00029874, 0.00029864]],

       [[0.00035949, 0.00038533, 0.00040604, ..., 0.00046641,
         0.00046695, 0.00046747],
        [0.00021969, 0.00024505, 0.00026551, ..., 0.00033082,
         0.00033126, 0.00033162],
        [0.00021808, 0.00024349, 0.00026427, ..., 0.00031807,
         0.00031729, 0.0003165 ],
        ...,
        [0.00031517, 0.00033533, 0.00035182, ..., 0.00038728,
         0.00038729, 0.00038734],
        [0.00031372, 0.00033369, 0.00035014, ..., 0.00038888,
         0.00038899, 0.00038912],
        [0.00042113, 0.0004441 , 0.00046271, ..., 0.00050702,
         0.00050708, 0.00050717]],

       [[0.00066359, 0.00073968, 0.00081403, ..., 0.00102587,
         0.00102657, 0.00102762],
        [0.00033585, 0.0004086 , 0.00048215, ..., 0.00072022,
         0.00072133, 0.0007228 ],
        [0.00032807, 0.000401  , 0.00047602, ..., 0.00075042,
         0.00075081, 0.00075153],
        ...,
        [0.00062573, 0.00068105, 0.00073586, ..., 0.00087513,
         0.00087516, 0.0008754 ],
        [0.00061912, 0.00067286, 0.00072726, ..., 0.00087372,
         0.00087385, 0.00087422],
        [0.0008368 , 0.00090325, 0.00096796, ..., 0.00114312,
         0.0011433 , 0.00114375]],

       ...,

       [[0.00021244, 0.00021697, 0.00022753, ..., 0.00023582,
         0.00023603, 0.00023633],
        [0.00014355, 0.00014789, 0.00015972, ..., 0.00016723,
         0.00016731, 0.00016745],
        [0.00014363, 0.00014787, 0.00015994, ..., 0.00016106,
         0.00016052, 0.00015983],
        ...,
        [0.00018004, 0.00018403, 0.00019072, ..., 0.00019588,
         0.00019588, 0.00019589],
        [0.00018007, 0.00018397, 0.00019112, ..., 0.00019669,
         0.00019673, 0.0001968 ],
        [0.00023827, 0.0002425 , 0.00025078, ..., 0.00025644,
         0.00025644, 0.00025646]],

       [[0.00049958, 0.00054133, 0.00058811, ..., 0.00070987,
         0.00071055, 0.0007116 ],
        [0.00027475, 0.00031377, 0.00036065, ..., 0.00049797,
         0.00049885, 0.0005001 ],
        [0.00027036, 0.00030925, 0.0003569 , ..., 0.00052127,
         0.00052119, 0.00052123],
        ...,
        [0.00045634, 0.00048948, 0.00052403, ..., 0.00060656,
         0.0006066 , 0.0006068 ],
        [0.00045242, 0.00048446, 0.000519  , ..., 0.00060539,
         0.00060553, 0.00060587],
        [0.00061077, 0.00064871, 0.00068924, ..., 0.00079219,
         0.00079235, 0.00079271]],

       [[0.00027769, 0.00028417, 0.00029291, ..., 0.00030083,
         0.00030106, 0.0003014 ],
        [0.00019075, 0.00019691, 0.00020626, ..., 0.00021349,
         0.00021356, 0.00021369],
        [0.00019125, 0.00019726, 0.0002067 , ..., 0.00020479,
         0.00020406, 0.00020319],
        ...,
        [0.0002337 , 0.00023955, 0.00024584, ..., 0.00024953,
         0.00024952, 0.00024952],
        [0.00023409, 0.0002398 , 0.0002463 , ..., 0.00025062,
         0.00025067, 0.00025074],
        [0.00030911, 0.00031525, 0.00032255, ..., 0.00032671,
         0.0003267 , 0.00032671]]]), 'feature_info': ['Resampled from 250.0 Hz to 250 Hz', 'Cropped from 0.0s to 1469.928s', 'Reset time: 0.0s to 1469.928s', '39 frequency bands extracted from 0.5 to 40 Hz', 'Envelope extracted'], 'mask': array([ True,  True,  True, ...,  True,  True,  True])}
No EOG channel found.
Fp1 and Fp2 will be used for EOG signal detection

saving into /data2/Projects/eeg_fmri_natview/chang_data/derivatives/sub-0016/ses-01/eeg/sub-0016_ses-01_task-MeRest_acq-mr0015_desc-CustomEnv_eeg.pkl
{'time': array([0.000000e+00, 4.000000e-03, 8.000000e-03, ..., 1.469988e+03,
       1.469992e+03, 1.469996e+03]), 'labels': {'channels_info': {'index': [0, 1, 2, 3, 4, 5, 6, 7, 8, 9, 10, 11, 12, 13, 14, 15, 16, 17, 18, 19, 20, 21, 22, 23, 24, 25, 26, 27, 28], 'channel_name': ['Fp1', 'Fp2', 'F3', 'F4', 'C3', 'C4', 'P3', 'P4', 'O1', 'O2', 'F7', 'F8', 'T7', 'T8', 'Fz', 'Cz', 'Pz', 'Oz', 'FC1', 'FC2', 'CP1', 'CP2', 'FC5', 'FC6', 'CP5', 'CP6', 'TP9', 'TP10', 'POz'], 'anatomy': ['frontopolar', 'frontopolar', 'frontal', 'frontal', 'central', 'central', 'parietal', 'parietal', 'occipital', 'occipital', 'frontal', 'frontal', 'temporal', 'temporal', 'frontal', 'central', 'parietal', 'occipital', 'fronto-central', 'fronto-central', 'centro-parietal', 'centro-parietal', 'fronto-central', 'fronto-central', 'centro-parietal', 'centro-parietal', 'temporo-parietal', 'temporo-parietal', 'parieto-occipital'], 'laterality': ['left', 'right', 'left', 'right', 'left', 'right', 'left', 'right', 'left', 'right', 'left', 'right', 'left', 'right', 'midline', 'midline', 'midline', 'midline', 'left', 'right', 'left', 'right', 'left', 'right', 'left', 'right', 'left', 'right', 'midline']}, 'frequencies': [(0.5, 2), (1, 3), (2, 4), (3, 5), (4, 6), (5, 7), (6, 8), (7, 9), (8, 10), (9, 11), (10, 12), (11, 13), (12, 14), (13, 15), (14, 16), (15, 17), (16, 18), (17, 19), (18, 20), (19, 21), (20, 22), (21, 23), (22, 24), (23, 25), (24, 26), (25, 27), (26, 28), (27, 29), (28, 30), (29, 31), (30, 32), (31, 33), (32, 34), (33, 35), (34, 36), (35, 37), (36, 38), (37, 39), (38, 40)]}, 'feature': array([[[1.39384714e-04, 1.25280799e-04, 1.11340042e-04, ...,
         6.62392752e-05, 6.60947599e-05, 6.58895913e-05],
        [8.72767433e-05, 7.39475583e-05, 6.02111524e-05, ...,
         1.28989464e-05, 1.25576089e-05, 1.22215965e-05],
        [1.10410473e-04, 9.71750980e-05, 8.31659720e-05, ...,
         1.91530418e-05, 1.85952224e-05, 1.79407057e-05],
        ...,
        [6.61616045e-05, 5.11092336e-05, 3.71038795e-05, ...,
         4.85218171e-06, 5.04933408e-06, 5.14942754e-06],
        [1.14177899e-05, 3.50610508e-06, 1.75402561e-05, ...,
         5.43057348e-05, 5.42408937e-05, 5.42639386e-05],
        [1.18307800e-04, 1.09630247e-04, 1.02707519e-04, ...,
         9.22816212e-05, 9.22804528e-05, 9.22775523e-05]],

       [[1.81699073e-04, 1.56758121e-04, 1.32542443e-04, ...,
         6.03318181e-05, 5.98157692e-05, 5.91708239e-05],
        [1.47938156e-04, 1.24870201e-04, 1.01214112e-04, ...,
         2.56967072e-05, 2.48058247e-05, 2.38560971e-05],
        [1.68792621e-04, 1.46328164e-04, 1.22493552e-04, ...,
         2.65409272e-05, 2.50507160e-05, 2.34973943e-05],
        ...,
        [1.12275907e-04, 8.38273221e-05, 5.96531354e-05, ...,
         1.27527597e-05, 1.24858169e-05, 1.21404828e-05],
        [7.42849676e-05, 4.67262454e-05, 2.23448561e-05, ...,
         3.43022455e-05, 3.45726285e-05, 3.49578694e-05],
        [1.44224727e-04, 1.21603187e-04, 1.02486471e-04, ...,
         7.05933202e-05, 7.05764755e-05, 7.05521913e-05]],

       [[3.04891326e-04, 2.65568215e-04, 2.15369396e-04, ...,
         5.68387437e-05, 5.66431457e-05, 5.59940023e-05],
        [2.97129078e-04, 2.60495029e-04, 2.11441190e-04, ...,
         5.09518559e-05, 5.06157006e-05, 4.98021428e-05],
        [3.15256784e-04, 2.79257796e-04, 2.30006737e-04, ...,
         5.30083454e-05, 5.20629341e-05, 5.08828605e-05],
        ...,
        [2.43534932e-04, 2.01525905e-04, 1.50670315e-04, ...,
         2.71599673e-05, 2.70231349e-05, 2.67744930e-05],
        [2.26432579e-04, 1.84538023e-04, 1.33583682e-04, ...,
         4.08790001e-06, 4.19299797e-06, 4.57638020e-06],
        [2.64020549e-04, 2.22648411e-04, 1.72545967e-04, ...,
         4.18202491e-05, 4.17585420e-05, 4.16273196e-05]],

       ...,

       [[4.91776312e-04, 4.14038775e-04, 3.33092995e-04, ...,
         6.49154675e-05, 6.43979971e-05, 6.31838011e-05],
        [5.31245332e-04, 4.60612893e-04, 3.81561314e-04, ...,
         1.03072559e-04, 1.02237975e-04, 1.00764678e-04],
        [5.55714487e-04, 4.87523588e-04, 4.07992576e-04, ...,
         1.12757146e-04, 1.11283732e-04, 1.09766000e-04],
        ...,
        [3.91974873e-04, 3.02156848e-04, 2.23741036e-04, ...,
         4.86500621e-05, 4.83159057e-05, 4.77944082e-05],
        [4.16076815e-04, 3.29036400e-04, 2.48792257e-04, ...,
         3.76565886e-05, 3.73605253e-05, 3.66229519e-05],
        [4.46245078e-04, 3.61721155e-04, 2.79231805e-04, ...,
         1.94937578e-05, 1.89104063e-05, 1.77928771e-05]],

       [[5.42392770e-05, 4.06645595e-05, 3.42287085e-05, ...,
         1.12223514e-05, 1.12564244e-05, 1.10961039e-05],
        [5.49053895e-05, 4.27707818e-05, 3.64679326e-05, ...,
         1.21061241e-05, 1.20276156e-05, 1.15883936e-05],
        [5.84255357e-05, 4.69658756e-05, 4.06173374e-05, ...,
         1.27308141e-05, 1.25501983e-05, 1.20028401e-05],
        ...,
        [4.01705291e-05, 2.26149751e-05, 1.75582986e-05, ...,
         8.00895642e-06, 8.52435851e-06, 9.22832503e-06],
        [3.96324221e-05, 2.33485568e-05, 1.76231743e-05, ...,
         2.40062701e-06, 2.66224132e-06, 2.94427275e-06],
        [4.67092065e-05, 3.19372858e-05, 2.55146625e-05, ...,
         6.22336489e-06, 6.22303057e-06, 6.19227210e-06]],

       [[3.76512232e-04, 3.18663855e-04, 2.53296274e-04, ...,
         5.75324114e-05, 5.73081002e-05, 5.65677846e-05],
        [3.92337339e-04, 3.39566516e-04, 2.75903186e-04, ...,
         7.25916392e-05, 7.23570916e-05, 7.16701688e-05],
        [4.13568650e-04, 3.62502808e-04, 2.98696498e-04, ...,
         7.80771851e-05, 7.72923147e-05, 7.64768783e-05],
        ...,
        [2.95223788e-04, 2.28415034e-04, 1.62090273e-04, ...,
         3.22881528e-05, 3.17212617e-05, 3.09040888e-05],
        [2.99435951e-04, 2.34768384e-04, 1.68313844e-04, ...,
         1.33172419e-05, 1.29870607e-05, 1.22823074e-05],
        [3.32881619e-04, 2.70354669e-04, 2.03895053e-04, ...,
         2.60579850e-05, 2.58564606e-05, 2.54693752e-05]]]), 'feature_info': ['Resampled from 250.0 Hz to 250 Hz', 'Cropped from 0.0s to 1469.924s', 'Reset time: 0.0s to 1469.924s', '39 frequency bands extracted from 0.5 to 40 Hz', 'Envelope extracted'], 'mask': array([ True,  True,  True, ...,  True,  True,  True])}
No EOG channel found.
Fp1 and Fp2 will be used for EOG signal detection

saving into /data2/Projects/eeg_fmri_natview/chang_data/derivatives/sub-0016/ses-01/eeg/sub-0016_ses-01_task-MeRest_acq-mr0006_desc-CustomEnv_eeg.pkl
{'time': array([0.000000e+00, 4.000000e-03, 8.000000e-03, ..., 1.470988e+03,
       1.470992e+03, 1.470996e+03]), 'labels': {'channels_info': {'index': [0, 1, 2, 3, 4, 5, 6, 7, 8, 9, 10, 11, 12, 13, 14, 15, 16, 17, 18, 19, 20, 21, 22, 23, 24, 25, 26, 27, 28], 'channel_name': ['Fp1', 'Fp2', 'F3', 'F4', 'C3', 'C4', 'P3', 'P4', 'O1', 'O2', 'F7', 'F8', 'T7', 'T8', 'Fz', 'Cz', 'Pz', 'Oz', 'FC1', 'FC2', 'CP1', 'CP2', 'FC5', 'FC6', 'CP5', 'CP6', 'TP9', 'TP10', 'POz'], 'anatomy': ['frontopolar', 'frontopolar', 'frontal', 'frontal', 'central', 'central', 'parietal', 'parietal', 'occipital', 'occipital', 'frontal', 'frontal', 'temporal', 'temporal', 'frontal', 'central', 'parietal', 'occipital', 'fronto-central', 'fronto-central', 'centro-parietal', 'centro-parietal', 'fronto-central', 'fronto-central', 'centro-parietal', 'centro-parietal', 'temporo-parietal', 'temporo-parietal', 'parieto-occipital'], 'laterality': ['left', 'right', 'left', 'right', 'left', 'right', 'left', 'right', 'left', 'right', 'left', 'right', 'left', 'right', 'midline', 'midline', 'midline', 'midline', 'left', 'right', 'left', 'right', 'left', 'right', 'left', 'right', 'left', 'right', 'midline']}, 'frequencies': [(0.5, 2), (1, 3), (2, 4), (3, 5), (4, 6), (5, 7), (6, 8), (7, 9), (8, 10), (9, 11), (10, 12), (11, 13), (12, 14), (13, 15), (14, 16), (15, 17), (16, 18), (17, 19), (18, 20), (19, 21), (20, 22), (21, 23), (22, 24), (23, 25), (24, 26), (25, 27), (26, 28), (27, 29), (28, 30), (29, 31), (30, 32), (31, 33), (32, 34), (33, 35), (34, 36), (35, 37), (36, 38), (37, 39), (38, 40)]}, 'feature': array([[[1.86784319e-04, 2.07218007e-04, 2.28566942e-04, ...,
         2.92518312e-04, 2.92655028e-04, 2.92957600e-04],
        [9.20036087e-05, 1.11339027e-04, 1.32338965e-04, ...,
         2.05059555e-04, 2.05329542e-04, 2.05776631e-04],
        [8.94888907e-05, 1.08947844e-04, 1.30459167e-04, ...,
         2.17452442e-04, 2.17631752e-04, 2.17895529e-04],
        ...,
        [1.78277628e-04, 1.93196060e-04, 2.08906044e-04, ...,
         2.51010567e-04, 2.51010622e-04, 2.51086615e-04],
        [1.76138427e-04, 1.90553380e-04, 2.06096438e-04, ...,
         2.50299400e-04, 2.50317179e-04, 2.50424466e-04],
        [2.37792132e-04, 2.55743141e-04, 2.74363561e-04, ...,
         3.27725023e-04, 3.27761202e-04, 3.27898892e-04]],

       [[4.79019376e-05, 8.42405444e-05, 1.23046116e-04, ...,
         2.35579181e-04, 2.35808622e-04, 2.36290714e-04],
        [3.95220777e-05, 1.30943770e-05, 3.70318087e-05, ...,
         1.64312918e-04, 1.64897352e-04, 1.65758678e-04],
        [4.80756050e-05, 2.67470738e-05, 4.06838064e-05, ...,
         1.92980159e-04, 1.93579509e-04, 1.94382615e-04],
        ...,
        [1.15992884e-04, 1.22453854e-04, 1.40046410e-04, ...,
         2.09559641e-04, 2.09579493e-04, 2.09732649e-04],
        [1.16207992e-04, 1.20347745e-04, 1.36215989e-04, ...,
         2.07451116e-04, 2.07490651e-04, 2.07679668e-04],
        [1.30675827e-04, 1.52337732e-04, 1.80521139e-04, ...,
         2.72784021e-04, 2.72886265e-04, 2.73163538e-04]],

       [[4.15711663e-04, 4.79411787e-04, 5.42654228e-04, ...,
         7.25160221e-04, 7.25380619e-04, 7.26059925e-04],
        [1.74668006e-04, 2.35162032e-04, 2.97220172e-04, ...,
         5.06884605e-04, 5.07809440e-04, 5.09250906e-04],
        [1.68115850e-04, 2.28840880e-04, 2.92205324e-04, ...,
         5.58866919e-04, 5.60290978e-04, 5.62050905e-04],
        ...,
        [4.19705091e-04, 4.62126181e-04, 5.06890422e-04, ...,
         6.30682141e-04, 6.30708062e-04, 6.30959462e-04],
        [4.14161385e-04, 4.54807177e-04, 4.98798519e-04, ...,
         6.27161933e-04, 6.27191530e-04, 6.27479801e-04],
        [5.57386669e-04, 6.11415379e-04, 6.65709220e-04, ...,
         8.22518874e-04, 8.22671103e-04, 8.23124185e-04]],

       ...,

       [[7.22735864e-04, 8.42783618e-04, 9.66861108e-04, ...,
         1.31971185e-03, 1.32021567e-03, 1.32157528e-03],
        [2.83924637e-04, 3.98214290e-04, 5.20994591e-04, ...,
         9.23086899e-04, 9.24672763e-04, 9.27209705e-04],
        [2.72174988e-04, 3.86664332e-04, 5.11624528e-04, ...,
         1.00757844e-03, 1.00959056e-03, 1.01221736e-03],
        ...,
        [7.46449243e-04, 8.23448896e-04, 9.08380380e-04, ...,
         1.14378048e-03, 1.14379946e-03, 1.14424571e-03],
        [7.36247065e-04, 8.09799058e-04, 8.93424487e-04, ...,
         1.13819267e-03, 1.13824877e-03, 1.13879290e-03],
        [9.88225652e-04, 1.08857325e-03, 1.19335698e-03, ...,
         1.49211567e-03, 1.49235110e-03, 1.49315238e-03]],

       [[1.03294865e-04, 1.00318784e-04, 9.48970131e-05, ...,
         7.11675716e-05, 7.09468207e-05, 7.07469965e-05],
        [8.38339884e-05, 8.18220796e-05, 7.67894550e-05, ...,
         5.01711421e-05, 5.00058480e-05, 4.98621918e-05],
        [8.47428775e-05, 8.29987251e-05, 7.79764695e-05, ...,
         5.12075610e-05, 5.15316035e-05, 5.17956660e-05],
        ...,
        [8.53126631e-05, 8.09804144e-05, 7.55299648e-05, ...,
         6.02321158e-05, 6.02237605e-05, 6.02024356e-05],
        [8.62153056e-05, 8.22375651e-05, 7.68657489e-05, ...,
         6.02360188e-05, 6.01891612e-05, 6.01357874e-05],
        [1.06826297e-04, 1.03061346e-04, 9.75560594e-05, ...,
         7.87448881e-05, 7.87166273e-05, 7.86771703e-05]],

       [[5.73467993e-04, 6.67441246e-04, 7.65293445e-04, ...,
         1.03909676e-03, 1.03929386e-03, 1.04019292e-03],
        [2.27141098e-04, 3.16657386e-04, 4.13455497e-04, ...,
         7.26576690e-04, 7.27776152e-04, 7.29747156e-04],
        [2.17789072e-04, 3.07510774e-04, 4.06079453e-04, ...,
         7.98445855e-04, 8.00514756e-04, 8.03040273e-04],
        ...,
        [5.90724411e-04, 6.51174128e-04, 7.18330890e-04, ...,
         9.02642632e-04, 9.02653675e-04, 9.03002933e-04],
        [5.82641274e-04, 6.40427874e-04, 7.06561715e-04, ...,
         8.97814406e-04, 8.97816137e-04, 8.98208773e-04],
        [7.82289651e-04, 8.60912406e-04, 9.43653654e-04, ...,
         1.17732537e-03, 1.17749957e-03, 1.17812454e-03]]]), 'feature_info': ['Resampled from 250.0 Hz to 250 Hz', 'Cropped from 0.0s to 1469.928s', 'Reset time: 0.0s to 1469.928s', '39 frequency bands extracted from 0.5 to 40 Hz', 'Envelope extracted'], 'mask': array([ True,  True,  True, ...,  True,  True,  True])}
No EOG channel found.
Fp1 and Fp2 will be used for EOG signal detection

saving into /data2/Projects/eeg_fmri_natview/chang_data/derivatives/sub-0021/ses-01/eeg/sub-0021_ses-01_task-MeRest_acq-mr0012_desc-CustomEnv_eeg.pkl
{'time': array([0.000000e+00, 4.000000e-03, 8.000000e-03, ..., 1.470988e+03,
       1.470992e+03, 1.470996e+03]), 'labels': {'channels_info': {'index': [0, 1, 2, 3, 4, 5, 6, 7, 8, 9, 10, 11, 12, 13, 14, 15, 16, 17, 18, 19, 20, 21, 22, 23, 24, 25, 26, 27, 28], 'channel_name': ['Fp1', 'Fp2', 'F3', 'F4', 'C3', 'C4', 'P3', 'P4', 'O1', 'O2', 'F7', 'F8', 'T7', 'T8', 'Fz', 'Cz', 'Pz', 'Oz', 'FC1', 'FC2', 'CP1', 'CP2', 'FC5', 'FC6', 'CP5', 'CP6', 'TP9', 'TP10', 'POz'], 'anatomy': ['frontopolar', 'frontopolar', 'frontal', 'frontal', 'central', 'central', 'parietal', 'parietal', 'occipital', 'occipital', 'frontal', 'frontal', 'temporal', 'temporal', 'frontal', 'central', 'parietal', 'occipital', 'fronto-central', 'fronto-central', 'centro-parietal', 'centro-parietal', 'fronto-central', 'fronto-central', 'centro-parietal', 'centro-parietal', 'temporo-parietal', 'temporo-parietal', 'parieto-occipital'], 'laterality': ['left', 'right', 'left', 'right', 'left', 'right', 'left', 'right', 'left', 'right', 'left', 'right', 'left', 'right', 'midline', 'midline', 'midline', 'midline', 'left', 'right', 'left', 'right', 'left', 'right', 'left', 'right', 'left', 'right', 'midline']}, 'frequencies': [(0.5, 2), (1, 3), (2, 4), (3, 5), (4, 6), (5, 7), (6, 8), (7, 9), (8, 10), (9, 11), (10, 12), (11, 13), (12, 14), (13, 15), (14, 16), (15, 17), (16, 18), (17, 19), (18, 20), (19, 21), (20, 22), (21, 23), (22, 24), (23, 25), (24, 26), (25, 27), (26, 28), (27, 29), (28, 30), (29, 31), (30, 32), (31, 33), (32, 34), (33, 35), (34, 36), (35, 37), (36, 38), (37, 39), (38, 40)]}, 'feature': array([[[1.64303071e-04, 1.79709592e-04, 1.89177175e-04, ...,
         2.19782610e-04, 2.19605978e-04, 2.19653452e-04],
        [9.37355609e-05, 1.08652146e-04, 1.17748435e-04, ...,
         1.53900649e-04, 1.53959393e-04, 1.54197321e-04],
        [9.23815081e-05, 1.07369849e-04, 1.16676243e-04, ...,
         1.68891860e-04, 1.69549881e-04, 1.70068137e-04],
        ...,
        [1.48195626e-04, 1.60030055e-04, 1.67720411e-04, ...,
         1.90729067e-04, 1.90720041e-04, 1.90764394e-04],
        [1.47001113e-04, 1.58640496e-04, 1.66222337e-04, ...,
         1.89744097e-04, 1.89698351e-04, 1.89735767e-04],
        [1.97994774e-04, 2.11684178e-04, 2.20348186e-04, ...,
         2.48816127e-04, 2.48814257e-04, 2.48891880e-04]],

       [[9.97871455e-05, 1.14326497e-04, 1.28606583e-04, ...,
         1.64456807e-04, 1.64257937e-04, 1.64293945e-04],
        [4.48621870e-05, 5.87358426e-05, 7.28459778e-05, ...,
         1.15011222e-04, 1.15083643e-04, 1.15337040e-04],
        [4.33274843e-05, 5.72885327e-05, 7.17201863e-05, ...,
         1.29929864e-04, 1.30645156e-04, 1.31220142e-04],
        ...,
        [9.84173091e-05, 1.08392994e-04, 1.18604332e-04, ...,
         1.44167364e-04, 1.44155166e-04, 1.44201116e-04],
        [9.71495075e-05, 1.06771646e-04, 1.16871764e-04, ...,
         1.43132723e-04, 1.43079242e-04, 1.43114116e-04],
        [1.30993665e-04, 1.43441800e-04, 1.55731670e-04, ...,
         1.87915379e-04, 1.87910261e-04, 1.87991105e-04]],

       [[2.74704043e-05, 3.84962479e-05, 5.21056353e-05, ...,
         8.81210371e-05, 8.80521559e-05, 8.80350938e-05],
        [4.99084354e-06, 7.57572171e-06, 2.04012891e-05, ...,
         6.15197351e-05, 6.16231174e-05, 6.18093716e-05],
        [8.44159915e-06, 9.17033381e-06, 2.04272812e-05, ...,
         7.09421468e-05, 7.13362303e-05, 7.18571404e-05],
        ...,
        [4.38140067e-05, 4.76212111e-05, 5.48929055e-05, ...,
         7.78502315e-05, 7.78436368e-05, 7.78777368e-05],
        [4.34790449e-05, 4.66845700e-05, 5.35265225e-05, ...,
         7.71715962e-05, 7.71481744e-05, 7.71654156e-05],
        [5.32812939e-05, 6.09515340e-05, 7.14228457e-05, ...,
         1.01400228e-04, 1.01406019e-04, 1.01464267e-04]],

       ...,

       [[8.60046412e-04, 9.96424699e-04, 1.12995432e-03, ...,
         1.52464604e-03, 1.52379001e-03, 1.52414249e-03],
        [3.53078037e-04, 4.82716047e-04, 6.13611110e-04, ...,
         1.06683900e-03, 1.06762899e-03, 1.06965927e-03],
        [3.39372232e-04, 4.69403907e-04, 6.03045556e-04, ...,
         1.17487545e-03, 1.17895333e-03, 1.18340009e-03],
        ...,
        [8.75188286e-04, 9.64812120e-04, 1.05890662e-03, ...,
         1.32500587e-03, 1.32489393e-03, 1.32528326e-03],
        [8.63519065e-04, 9.49302138e-04, 1.04166143e-03, ...,
         1.31776774e-03, 1.31746723e-03, 1.31777719e-03],
        [1.16116152e-03, 1.27623421e-03, 1.39070918e-03, ...,
         1.72825097e-03, 1.72824049e-03, 1.72891188e-03]],

       [[7.83003897e-04, 9.30721982e-04, 1.07772397e-03, ...,
         1.52063542e-03, 1.52136342e-03, 1.52317640e-03],
        [2.74980003e-04, 4.15060116e-04, 5.59389121e-04, ...,
         1.06363319e-03, 1.06551894e-03, 1.06857250e-03],
        [2.62273896e-04, 4.02186717e-04, 5.48955619e-04, ...,
         1.16130165e-03, 1.16325347e-03, 1.16588173e-03],
        ...,
        [8.37754085e-04, 9.28419238e-04, 1.02803041e-03, ...,
         1.31805186e-03, 1.31806532e-03, 1.31860251e-03],
        [8.26067456e-04, 9.11993289e-04, 1.00939524e-03, ...,
         1.31156835e-03, 1.31165320e-03, 1.31234476e-03],
        [1.10320540e-03, 1.22497508e-03, 1.34891898e-03, ...,
         1.71945165e-03, 1.71972258e-03, 1.72068771e-03]],

       [[4.12011561e-04, 4.93616260e-04, 5.73307364e-04, ...,
         8.12993011e-04, 8.12876265e-04, 8.13454135e-04],
        [1.39149536e-04, 2.16606884e-04, 2.94688729e-04, ...,
         5.68677681e-04, 5.69370513e-04, 5.70763189e-04],
        [1.32600138e-04, 2.09801868e-04, 2.89181738e-04, ...,
         6.27114360e-04, 6.28900538e-04, 6.30900749e-04],
        ...,
        [4.45941842e-04, 4.95104176e-04, 5.48926167e-04, ...,
         7.06953015e-04, 7.06915042e-04, 7.07172320e-04],
        [4.39730864e-04, 4.86252125e-04, 5.38782666e-04, ...,
         7.03007052e-04, 7.02923700e-04, 7.03197468e-04],
        [5.86167598e-04, 6.52975770e-04, 7.20126338e-04, ...,
         9.22039106e-04, 9.22093896e-04, 9.22546556e-04]]]), 'feature_info': ['Resampled from 250.0 Hz to 250 Hz', 'Cropped from 0.0s to 1469.928s', 'Reset time: 0.0s to 1469.928s', '39 frequency bands extracted from 0.5 to 40 Hz', 'Envelope extracted'], 'mask': array([ True,  True,  True, ...,  True,  True,  True])}
No EOG channel found.
Fp1 and Fp2 will be used for EOG signal detection

saving into /data2/Projects/eeg_fmri_natview/chang_data/derivatives/sub-0027/ses-01/eeg/sub-0027_ses-01_task-MeRest_acq-mr0009_desc-CustomEnv_eeg.pkl
{'time': array([0.000000e+00, 4.000000e-03, 8.000000e-03, ..., 1.469988e+03,
       1.469992e+03, 1.469996e+03]), 'labels': {'channels_info': {'index': [0, 1, 2, 3, 4, 5, 6, 7, 8, 9, 10, 11, 12, 13, 14, 15, 16, 17, 18, 19, 20, 21, 22, 23, 24, 25, 26, 27, 28], 'channel_name': ['Fp1', 'Fp2', 'F3', 'F4', 'C3', 'C4', 'P3', 'P4', 'O1', 'O2', 'F7', 'F8', 'T7', 'T8', 'Fz', 'Cz', 'Pz', 'Oz', 'FC1', 'FC2', 'CP1', 'CP2', 'FC5', 'FC6', 'CP5', 'CP6', 'TP9', 'TP10', 'POz'], 'anatomy': ['frontopolar', 'frontopolar', 'frontal', 'frontal', 'central', 'central', 'parietal', 'parietal', 'occipital', 'occipital', 'frontal', 'frontal', 'temporal', 'temporal', 'frontal', 'central', 'parietal', 'occipital', 'fronto-central', 'fronto-central', 'centro-parietal', 'centro-parietal', 'fronto-central', 'fronto-central', 'centro-parietal', 'centro-parietal', 'temporo-parietal', 'temporo-parietal', 'parieto-occipital'], 'laterality': ['left', 'right', 'left', 'right', 'left', 'right', 'left', 'right', 'left', 'right', 'left', 'right', 'left', 'right', 'midline', 'midline', 'midline', 'midline', 'left', 'right', 'left', 'right', 'left', 'right', 'left', 'right', 'left', 'right', 'midline']}, 'frequencies': [(0.5, 2), (1, 3), (2, 4), (3, 5), (4, 6), (5, 7), (6, 8), (7, 9), (8, 10), (9, 11), (10, 12), (11, 13), (12, 14), (13, 15), (14, 16), (15, 17), (16, 18), (17, 19), (18, 20), (19, 21), (20, 22), (21, 23), (22, 24), (23, 25), (24, 26), (25, 27), (26, 28), (27, 29), (28, 30), (29, 31), (30, 32), (31, 33), (32, 34), (33, 35), (34, 36), (35, 37), (36, 38), (37, 39), (38, 40)]}, 'feature': array([[[2.55432923e-04, 2.75033299e-04, 2.89621647e-04, ...,
         2.90211332e-04, 2.89657036e-04, 2.89108493e-04],
        [2.13275941e-05, 1.37004180e-05, 2.45046327e-05, ...,
         3.05719651e-05, 3.06889141e-05, 3.07626611e-05],
        [9.53918259e-05, 1.19361375e-04, 1.33874471e-04, ...,
         7.69941397e-05, 7.52870483e-05, 7.33625727e-05],
        ...,
        [1.13155642e-04, 1.05135655e-04, 9.38893829e-05, ...,
         1.46541863e-04, 1.51121775e-04, 1.55707872e-04],
        [3.84562874e-04, 3.72066100e-04, 3.59183358e-04, ...,
         3.70067481e-04, 3.72244407e-04, 3.74332018e-04],
        [4.70155960e-04, 4.68220641e-04, 4.67024724e-04, ...,
         4.66072841e-04, 4.66071503e-04, 4.66065806e-04]],

       [[2.06985897e-04, 1.88753444e-04, 1.69407851e-04, ...,
         8.12688798e-05, 8.09283318e-05, 8.04474506e-05],
        [1.34144135e-04, 1.17639701e-04, 9.88303292e-05, ...,
         2.21664539e-05, 2.22004207e-05, 2.21447573e-05],
        [1.66096414e-04, 1.50060854e-04, 1.30971378e-04, ...,
         2.64142674e-05, 2.55023325e-05, 2.44153559e-05],
        ...,
        [1.06585970e-04, 8.50694412e-05, 6.52670689e-05, ...,
         7.98762955e-05, 8.27737528e-05, 8.57496774e-05],
        [2.95894839e-05, 8.91137239e-06, 1.08675820e-05, ...,
         1.21195864e-04, 1.22552136e-04, 1.24009965e-04],
        [1.73282174e-04, 1.60614656e-04, 1.49583146e-04, ...,
         1.28775838e-04, 1.28776327e-04, 1.28779935e-04]],

       [[2.14827316e-04, 2.38779556e-04, 2.59848094e-04, ...,
         2.77823437e-04, 2.76910185e-04, 2.76051748e-04],
        [6.13450514e-05, 3.57826763e-05, 1.79295710e-05, ...,
         2.81895570e-05, 2.84899084e-05, 2.87185967e-05],
        [5.42225128e-05, 8.14972904e-05, 1.01994123e-04, ...,
         7.08077672e-05, 6.89648569e-05, 6.69787981e-05],
        ...,
        [1.54673776e-04, 1.41526070e-04, 1.23574843e-04, ...,
         2.17982227e-04, 2.26034546e-04, 2.33950820e-04],
        [4.26142527e-04, 4.08744943e-04, 3.89222907e-04, ...,
         4.09273456e-04, 4.13126073e-04, 4.16775993e-04],
        [4.78167787e-04, 4.74011073e-04, 4.70855635e-04, ...,
         4.67371559e-04, 4.67370313e-04, 4.67357014e-04]],

       ...,

       [[1.90740743e-04, 1.55434262e-04, 9.59997516e-05, ...,
         5.95109248e-05, 5.97200123e-05, 6.02714769e-05],
        [2.75350122e-04, 2.42966719e-04, 1.84908198e-04, ...,
         3.40415220e-05, 3.40514136e-05, 3.37986667e-05],
        [2.59941944e-04, 2.28571935e-04, 1.71134692e-04, ...,
         5.85991488e-05, 5.90384289e-05, 5.95964496e-05],
        ...,
        [2.32352261e-04, 1.92588399e-04, 1.30550071e-04, ...,
         5.18520253e-05, 5.39227992e-05, 5.62444132e-05],
        [3.08379248e-04, 2.69480063e-04, 2.08199107e-04, ...,
         4.67813742e-05, 4.58598207e-05, 4.46360189e-05],
        [2.68356139e-04, 2.33995294e-04, 1.82542627e-04, ...,
         1.09212713e-04, 1.09212929e-04, 1.09218658e-04]],

       [[1.71134772e-04, 1.66230184e-04, 1.40691348e-04, ...,
         7.86292649e-05, 7.78892285e-05, 7.70163483e-05],
        [1.06015653e-04, 1.05624584e-04, 8.21485321e-05, ...,
         3.29415773e-05, 3.32810348e-05, 3.34160991e-05],
        [1.51581242e-04, 1.52807323e-04, 1.29415020e-04, ...,
         3.89646349e-05, 3.86051981e-05, 3.80565234e-05],
        ...,
        [1.40566339e-05, 1.64199470e-05, 4.23850986e-05, ...,
         1.90512968e-04, 1.97693476e-04, 2.04870100e-04],
        [5.87747901e-05, 7.15630046e-05, 1.00340844e-04, ...,
         1.87645549e-04, 1.91038111e-04, 1.94406013e-04],
        [1.53082609e-04, 1.50094587e-04, 1.44090599e-04, ...,
         1.44153799e-04, 1.44149440e-04, 1.44132824e-04]],

       [[2.57490708e-04, 2.36404263e-04, 1.92949779e-04, ...,
         8.77656031e-05, 8.70412077e-05, 8.61187032e-05],
        [1.84550590e-04, 1.67990551e-04, 1.27202912e-04, ...,
         3.69472284e-05, 3.72308444e-05, 3.73372952e-05],
        [2.29740429e-04, 2.14784365e-04, 1.74602745e-04, ...,
         4.30613018e-05, 4.24816772e-05, 4.17452513e-05],
        ...,
        [1.02000347e-04, 7.00555830e-05, 2.28817121e-05, ...,
         1.80145689e-04, 1.87114965e-04, 1.94163891e-04],
        [2.39778260e-05, 4.86238622e-06, 5.30058996e-05, ...,
         1.86848172e-04, 1.90125421e-04, 1.93480110e-04],
        [2.04925959e-04, 1.88772372e-04, 1.65541023e-04, ...,
         1.52181945e-04, 1.52179688e-04, 1.52177875e-04]]]), 'feature_info': ['Resampled from 250.0 Hz to 250 Hz', 'Cropped from 0.0s to 1469.924s', 'Reset time: 0.0s to 1469.924s', '39 frequency bands extracted from 0.5 to 40 Hz', 'Envelope extracted'], 'mask': array([ True,  True,  True, ...,  True,  True,  True])}
No EOG channel found.
Fp1 and Fp2 will be used for EOG signal detection

saving into /data2/Projects/eeg_fmri_natview/chang_data/derivatives/sub-0028/ses-01/eeg/sub-0028_ses-01_task-MeRest_acq-mr0012_desc-CustomEnv_eeg.pkl
{'time': array([0.000000e+00, 4.000000e-03, 8.000000e-03, ..., 1.469988e+03,
       1.469992e+03, 1.469996e+03]), 'labels': {'channels_info': {'index': [0, 1, 2, 3, 4, 5, 6, 7, 8, 9, 10, 11, 12, 13, 14, 15, 16, 17, 18, 19, 20, 21, 22, 23, 24, 25, 26, 27, 28], 'channel_name': ['Fp1', 'Fp2', 'F3', 'F4', 'C3', 'C4', 'P3', 'P4', 'O1', 'O2', 'F7', 'F8', 'T7', 'T8', 'Fz', 'Cz', 'Pz', 'Oz', 'FC1', 'FC2', 'CP1', 'CP2', 'FC5', 'FC6', 'CP5', 'CP6', 'TP9', 'TP10', 'POz'], 'anatomy': ['frontopolar', 'frontopolar', 'frontal', 'frontal', 'central', 'central', 'parietal', 'parietal', 'occipital', 'occipital', 'frontal', 'frontal', 'temporal', 'temporal', 'frontal', 'central', 'parietal', 'occipital', 'fronto-central', 'fronto-central', 'centro-parietal', 'centro-parietal', 'fronto-central', 'fronto-central', 'centro-parietal', 'centro-parietal', 'temporo-parietal', 'temporo-parietal', 'parieto-occipital'], 'laterality': ['left', 'right', 'left', 'right', 'left', 'right', 'left', 'right', 'left', 'right', 'left', 'right', 'left', 'right', 'midline', 'midline', 'midline', 'midline', 'left', 'right', 'left', 'right', 'left', 'right', 'left', 'right', 'left', 'right', 'midline']}, 'frequencies': [(0.5, 2), (1, 3), (2, 4), (3, 5), (4, 6), (5, 7), (6, 8), (7, 9), (8, 10), (9, 11), (10, 12), (11, 13), (12, 14), (13, 15), (14, 16), (15, 17), (16, 18), (17, 19), (18, 20), (19, 21), (20, 22), (21, 23), (22, 24), (23, 25), (24, 26), (25, 27), (26, 28), (27, 29), (28, 30), (29, 31), (30, 32), (31, 33), (32, 34), (33, 35), (34, 36), (35, 37), (36, 38), (37, 39), (38, 40)]}, 'feature': array([[[6.97606404e-05, 9.02468072e-05, 1.03976472e-04, ...,
         1.26513564e-04, 1.25840765e-04, 1.25269294e-04],
        [3.96585905e-05, 1.84701086e-05, 1.02827507e-05, ...,
         2.02788738e-05, 1.93528890e-05, 1.85306182e-05],
        [1.82777056e-05, 3.96036658e-05, 5.21975864e-05, ...,
         3.46722618e-05, 3.33932080e-05, 3.20900324e-05],
        ...,
        [1.07824596e-04, 9.60007968e-05, 8.39909991e-05, ...,
         6.02909414e-05, 6.14206980e-05, 6.24707708e-05],
        [2.14068671e-04, 1.98940162e-04, 1.85950900e-04, ...,
         1.53820146e-04, 1.54493747e-04, 1.55034552e-04],
        [2.08564304e-04, 2.03115367e-04, 1.99997463e-04, ...,
         1.96146403e-04, 1.96148303e-04, 1.96147307e-04]],

       [[4.91117033e-05, 3.79343457e-05, 2.16779392e-05, ...,
         3.86001842e-05, 3.91543732e-05, 3.97204482e-05],
        [9.37531489e-05, 8.35812607e-05, 6.74385650e-05, ...,
         1.18670478e-05, 1.09046052e-05, 1.00292001e-05],
        [8.06054822e-05, 7.08642927e-05, 5.48106446e-05, ...,
         2.49888452e-05, 2.42908287e-05, 2.38182752e-05],
        ...,
        [9.05319208e-05, 7.82915867e-05, 6.24187933e-05, ...,
         1.77322297e-05, 1.81926174e-05, 1.86322791e-05],
        [1.31861862e-04, 1.19666899e-04, 1.03554717e-04, ...,
         3.44450225e-05, 3.41105592e-05, 3.37437361e-05],
        [1.10757927e-04, 1.01243213e-04, 8.94963834e-05, ...,
         6.62530258e-05, 6.62544097e-05, 6.62567443e-05]],

       [[9.26263871e-05, 1.14754485e-04, 1.34334617e-04, ...,
         1.63602135e-04, 1.62665887e-04, 1.61913641e-04],
        [6.88737822e-05, 4.50875290e-05, 2.63152942e-05, ...,
         1.91330490e-05, 1.89017247e-05, 1.87401408e-05],
        [1.32018546e-05, 3.05075243e-05, 4.81608413e-05, ...,
         4.09064500e-05, 3.95388616e-05, 3.81592057e-05],
        ...,
        [1.43744505e-04, 1.30072739e-04, 1.12498332e-04, ...,
         1.57229445e-04, 1.62946417e-04, 1.68312615e-04],
        [3.01082463e-04, 2.84065826e-04, 2.65386939e-04, ...,
         2.59209794e-04, 2.62031474e-04, 2.64526039e-04],
        [2.98038174e-04, 2.91749943e-04, 2.86866402e-04, ...,
         2.80417848e-04, 2.80420628e-04, 2.80408448e-04]],

       ...,

       [[1.26019608e-04, 1.07581624e-04, 8.07659893e-05, ...,
         2.06370807e-05, 2.13984954e-05, 2.22356235e-05],
        [1.75720104e-04, 1.59699787e-04, 1.33371404e-04, ...,
         3.14941702e-05, 2.98172831e-05, 2.82592012e-05],
        [1.67217945e-04, 1.52119583e-04, 1.25827805e-04, ...,
         4.10142177e-05, 3.93237431e-05, 3.80688463e-05],
        ...,
        [1.49068607e-04, 1.26860309e-04, 1.00946913e-04, ...,
         1.88099911e-05, 1.97321681e-05, 2.04467836e-05],
        [1.92968751e-04, 1.71510783e-04, 1.44979508e-04, ...,
         5.46813660e-05, 5.49254068e-05, 5.49748828e-05],
        [1.68704871e-04, 1.49588241e-04, 1.25368610e-04, ...,
         6.32978480e-05, 6.32725514e-05, 6.32343495e-05]],

       [[2.94042298e-05, 2.24918088e-05, 1.12583808e-05, ...,
         3.01528297e-05, 3.02930331e-05, 3.02652052e-05],
        [6.10867017e-05, 5.50814906e-05, 4.36149081e-05, ...,
         8.86526049e-06, 8.76727445e-06, 8.98418269e-06],
        [5.68514553e-05, 5.11921200e-05, 3.95026782e-05, ...,
         2.20044542e-05, 2.21112146e-05, 2.25859620e-05],
        ...,
        [3.72695655e-05, 2.82752945e-05, 1.86943524e-05, ...,
         6.30088922e-05, 6.38642034e-05, 6.46701381e-05],
        [6.72727732e-05, 5.88755063e-05, 4.86289951e-05, ...,
         7.56623729e-06, 7.91367714e-06, 8.18600739e-06],
        [6.15369061e-05, 5.57611734e-05, 4.85547431e-05, ...,
         3.96987355e-05, 3.96709839e-05, 3.96348736e-05]],

       [[9.11092103e-05, 8.95910976e-05, 8.29247675e-05, ...,
         4.10873112e-05, 4.03084545e-05, 3.96268570e-05],
        [6.44470333e-05, 6.51967160e-05, 5.89004702e-05, ...,
         2.40364992e-05, 2.31600066e-05, 2.25203550e-05],
        [8.35813096e-05, 8.51527286e-05, 7.85832292e-05, ...,
         2.74018752e-05, 2.60061625e-05, 2.48844935e-05],
        ...,
        [2.40831103e-05, 1.78339176e-05, 1.17924394e-05, ...,
         6.26990321e-05, 6.49055026e-05, 6.70874141e-05],
        [4.78097066e-06, 9.89904193e-06, 1.66357709e-05, ...,
         6.76505942e-05, 6.88386424e-05, 6.99814524e-05],
        [7.29829004e-05, 7.09521391e-05, 6.74423837e-05, ...,
         5.96540387e-05, 5.96670716e-05, 5.96772140e-05]]]), 'feature_info': ['Resampled from 250.0 Hz to 250 Hz', 'Cropped from 0.0s to 1469.924s', 'Reset time: 0.0s to 1469.924s', '39 frequency bands extracted from 0.5 to 40 Hz', 'Envelope extracted'], 'mask': array([ True,  True,  True, ...,  True,  True,  True])}
No EOG channel found.
Fp1 and Fp2 will be used for EOG signal detection

saving into /data2/Projects/eeg_fmri_natview/chang_data/derivatives/sub-0029/ses-01/eeg/sub-0029_ses-01_task-MeRest_acq-mr0012_desc-CustomEnv_eeg.pkl
{'time': array([0.000000e+00, 4.000000e-03, 8.000000e-03, ..., 1.469988e+03,
       1.469992e+03, 1.469996e+03]), 'labels': {'channels_info': {'index': [0, 1, 2, 3, 4, 5, 6, 7, 8, 9, 10, 11, 12, 13, 14, 15, 16, 17, 18, 19, 20, 21, 22, 23, 24, 25, 26, 27, 28], 'channel_name': ['Fp1', 'Fp2', 'F3', 'F4', 'C3', 'C4', 'P3', 'P4', 'O1', 'O2', 'F7', 'F8', 'T7', 'T8', 'Fz', 'Cz', 'Pz', 'Oz', 'FC1', 'FC2', 'CP1', 'CP2', 'FC5', 'FC6', 'CP5', 'CP6', 'TP9', 'TP10', 'POz'], 'anatomy': ['frontopolar', 'frontopolar', 'frontal', 'frontal', 'central', 'central', 'parietal', 'parietal', 'occipital', 'occipital', 'frontal', 'frontal', 'temporal', 'temporal', 'frontal', 'central', 'parietal', 'occipital', 'fronto-central', 'fronto-central', 'centro-parietal', 'centro-parietal', 'fronto-central', 'fronto-central', 'centro-parietal', 'centro-parietal', 'temporo-parietal', 'temporo-parietal', 'parieto-occipital'], 'laterality': ['left', 'right', 'left', 'right', 'left', 'right', 'left', 'right', 'left', 'right', 'left', 'right', 'left', 'right', 'midline', 'midline', 'midline', 'midline', 'left', 'right', 'left', 'right', 'left', 'right', 'left', 'right', 'left', 'right', 'midline']}, 'frequencies': [(0.5, 2), (1, 3), (2, 4), (3, 5), (4, 6), (5, 7), (6, 8), (7, 9), (8, 10), (9, 11), (10, 12), (11, 13), (12, 14), (13, 15), (14, 16), (15, 17), (16, 18), (17, 19), (18, 20), (19, 21), (20, 22), (21, 23), (22, 24), (23, 25), (24, 26), (25, 27), (26, 28), (27, 29), (28, 30), (29, 31), (30, 32), (31, 33), (32, 34), (33, 35), (34, 36), (35, 37), (36, 38), (37, 39), (38, 40)]}, 'feature': array([[[7.48277311e-05, 6.34728421e-05, 4.94472888e-05, ...,
         3.71354644e-05, 3.73692201e-05, 3.78043699e-05],
        [1.28479472e-04, 1.18682272e-04, 1.06139451e-04, ...,
         1.43932152e-05, 1.35525360e-05, 1.25576159e-05],
        [1.13881470e-04, 1.04665574e-04, 9.27305423e-05, ...,
         2.38805089e-05, 2.30803218e-05, 2.24272124e-05],
        ...,
        [1.20410000e-04, 1.07879273e-04, 9.21985803e-05, ...,
         3.16317353e-05, 3.30400236e-05, 3.42264221e-05],
        [1.69479892e-04, 1.56789857e-04, 1.41249341e-04, ...,
         6.81461872e-05, 6.87583480e-05, 6.91346226e-05],
        [1.42649201e-04, 1.31968352e-04, 1.19757678e-04, ...,
         7.76904654e-05, 7.76863775e-05, 7.76688532e-05]],

       [[4.31759585e-05, 6.74031423e-06, 3.29426363e-05, ...,
         1.80451969e-04, 1.80627427e-04, 1.81057221e-04],
        [2.26741712e-04, 1.90569531e-04, 1.52247502e-04, ...,
         8.95034846e-06, 8.34186672e-06, 7.58317640e-06],
        [1.57691165e-04, 1.21642996e-04, 8.42528843e-05, ...,
         6.37495299e-05, 6.34352587e-05, 6.33889195e-05],
        ...,
        [2.71494797e-04, 2.39444802e-04, 1.99293733e-04, ...,
         3.79988951e-05, 3.88103290e-05, 3.92930146e-05],
        [4.46505856e-04, 4.12028987e-04, 3.71317383e-04, ...,
         2.11792025e-04, 2.12150675e-04, 2.12140162e-04],
        [3.83913771e-04, 3.61953472e-04, 3.40468267e-04, ...,
         2.99350829e-04, 2.99349299e-04, 2.99342725e-04]],

       [[7.98027723e-05, 9.85807576e-05, 1.14831852e-04, ...,
         1.29723820e-04, 1.29059769e-04, 1.28437583e-04],
        [4.75120328e-05, 2.76606116e-05, 1.22193557e-05, ...,
         9.00860547e-06, 8.67286059e-06, 8.31452504e-06],
        [8.98207402e-06, 2.68717673e-05, 4.25791054e-05, ...,
         3.51220663e-05, 3.46452835e-05, 3.42034867e-05],
        ...,
        [9.16327320e-05, 7.78484038e-05, 6.32744453e-05, ...,
         7.77444210e-05, 8.11540614e-05, 8.44587329e-05],
        [2.16601056e-04, 2.00923799e-04, 1.85539344e-04, ...,
         1.77323662e-04, 1.79049925e-04, 1.80658527e-04],
        [2.25791733e-04, 2.21225007e-04, 2.18174098e-04, ...,
         2.15673858e-04, 2.15677122e-04, 2.15676180e-04]],

       ...,

       [[2.05094885e-04, 1.13417599e-04, 1.96532202e-05, ...,
         2.30177911e-04, 2.29641352e-04, 2.29694387e-04],
        [4.72801123e-04, 3.82038733e-04, 2.88603083e-04, ...,
         2.73169599e-05, 2.71363124e-05, 2.64271622e-05],
        [3.86352950e-04, 2.95815958e-04, 2.02759166e-04, ...,
         8.98752660e-05, 9.01286650e-05, 9.07195265e-05],
        ...,
        [4.81026926e-04, 3.92859681e-04, 3.01621892e-04, ...,
         1.21750812e-04, 1.26008280e-04, 1.29830024e-04],
        [7.33408728e-04, 6.43004309e-04, 5.50293974e-04, ...,
         3.30433665e-04, 3.32570430e-04, 3.34096904e-04],
        [6.18307345e-04, 5.52557958e-04, 4.94687324e-04, ...,
         4.12121098e-04, 4.12118673e-04, 4.12092213e-04]],

       [[4.10037648e-05, 6.36190215e-05, 8.37696560e-05, ...,
         1.64041434e-04, 1.63706380e-04, 1.63549008e-04],
        [1.35402352e-04, 1.12797280e-04, 9.29825759e-05, ...,
         6.61490159e-06, 6.42003850e-06, 6.04390592e-06],
        [7.34398805e-05, 5.08750345e-05, 3.15323244e-05, ...,
         5.24088159e-05, 5.20121025e-05, 5.17465637e-05],
        ...,
        [1.55263964e-04, 1.36148044e-04, 1.17841388e-04, ...,
         8.44386777e-05, 8.82792127e-05, 9.20595512e-05],
        [3.26771450e-04, 3.05840660e-04, 2.86365683e-04, ...,
         2.24374367e-04, 2.26236753e-04, 2.27919189e-04],
        [3.14182274e-04, 3.04701366e-04, 2.97351338e-04, ...,
         2.81305697e-04, 2.81306557e-04, 2.81298870e-04]],

       [[1.41216598e-04, 8.75550609e-05, 3.41928508e-05, ...,
         1.35815257e-04, 1.36045202e-04, 1.36647603e-04],
        [2.98118104e-04, 2.45521193e-04, 1.92460714e-04, ...,
         2.13697418e-05, 2.07757787e-05, 1.98956692e-05],
        [2.50412751e-04, 1.98139810e-04, 1.45256702e-04, ...,
         6.16647043e-05, 6.16171407e-05, 6.18145835e-05],
        ...,
        [2.91367031e-04, 2.39104554e-04, 1.87622306e-04, ...,
         2.29725491e-05, 2.31713376e-05, 2.30667623e-05],
        [4.38542106e-04, 3.85058150e-04, 3.32488685e-04, ...,
         1.65479357e-04, 1.65549135e-04, 1.65237728e-04],
        [3.69987502e-04, 3.29647477e-04, 2.94667025e-04, ...,
         2.36213712e-04, 2.36211185e-04, 2.36202023e-04]]]), 'feature_info': ['Resampled from 250.0 Hz to 250 Hz', 'Cropped from 0.0s to 1469.924s', 'Reset time: 0.0s to 1469.924s', '39 frequency bands extracted from 0.5 to 40 Hz', 'Envelope extracted'], 'mask': array([ True,  True,  True, ...,  True,  True,  True])}
No EOG channel found.
Fp1 and Fp2 will be used for EOG signal detection

saving into /data2/Projects/eeg_fmri_natview/chang_data/derivatives/sub-0030/ses-01/eeg/sub-0030_ses-01_task-MeRest_acq-mr0009_desc-CustomEnv_eeg.pkl
{'time': array([0.000000e+00, 4.000000e-03, 8.000000e-03, ..., 1.469988e+03,
       1.469992e+03, 1.469996e+03]), 'labels': {'channels_info': {'index': [0, 1, 2, 3, 4, 5, 6, 7, 8, 9, 10, 11, 12, 13, 14, 15, 16, 17, 18, 19, 20, 21, 22, 23, 24, 25, 26, 27, 28], 'channel_name': ['Fp1', 'Fp2', 'F3', 'F4', 'C3', 'C4', 'P3', 'P4', 'O1', 'O2', 'F7', 'F8', 'T7', 'T8', 'Fz', 'Cz', 'Pz', 'Oz', 'FC1', 'FC2', 'CP1', 'CP2', 'FC5', 'FC6', 'CP5', 'CP6', 'TP9', 'TP10', 'POz'], 'anatomy': ['frontopolar', 'frontopolar', 'frontal', 'frontal', 'central', 'central', 'parietal', 'parietal', 'occipital', 'occipital', 'frontal', 'frontal', 'temporal', 'temporal', 'frontal', 'central', 'parietal', 'occipital', 'fronto-central', 'fronto-central', 'centro-parietal', 'centro-parietal', 'fronto-central', 'fronto-central', 'centro-parietal', 'centro-parietal', 'temporo-parietal', 'temporo-parietal', 'parieto-occipital'], 'laterality': ['left', 'right', 'left', 'right', 'left', 'right', 'left', 'right', 'left', 'right', 'left', 'right', 'left', 'right', 'midline', 'midline', 'midline', 'midline', 'left', 'right', 'left', 'right', 'left', 'right', 'left', 'right', 'left', 'right', 'midline']}, 'frequencies': [(0.5, 2), (1, 3), (2, 4), (3, 5), (4, 6), (5, 7), (6, 8), (7, 9), (8, 10), (9, 11), (10, 12), (11, 13), (12, 14), (13, 15), (14, 16), (15, 17), (16, 18), (17, 19), (18, 20), (19, 21), (20, 22), (21, 23), (22, 24), (23, 25), (24, 26), (25, 27), (26, 28), (27, 29), (28, 30), (29, 31), (30, 32), (31, 33), (32, 34), (33, 35), (34, 36), (35, 37), (36, 38), (37, 39), (38, 40)]}, 'feature': array([[[6.84354933e-06, 1.38663103e-05, 2.36763061e-05, ...,
         7.13485155e-05, 7.09879144e-05, 7.08030117e-05],
        [6.68199987e-05, 6.04079827e-05, 5.12469003e-05, ...,
         3.18935017e-06, 3.60205246e-06, 3.83892048e-06],
        [3.86658529e-05, 3.25609081e-05, 2.38817397e-05, ...,
         2.45270319e-05, 2.46528216e-05, 2.48313198e-05],
        ...,
        [8.56693462e-05, 7.89793484e-05, 6.87197198e-05, ...,
         2.83031820e-05, 2.91720721e-05, 2.98013436e-05],
        [1.56543709e-04, 1.49345157e-04, 1.38946287e-04, ...,
         9.23803712e-05, 9.28863350e-05, 9.31763809e-05],
        [1.41504250e-04, 1.37660188e-04, 1.32955996e-04, ...,
         1.21021964e-04, 1.21023831e-04, 1.21021380e-04]],

       [[9.19082806e-05, 3.81143793e-05, 3.18052787e-05, ...,
         1.83425956e-04, 1.83576759e-04, 1.83996292e-04],
        [2.72170553e-04, 2.17167645e-04, 1.44920795e-04, ...,
         2.61602447e-06, 2.90015739e-06, 3.13545844e-06],
        [2.06056849e-04, 1.50610730e-04, 7.79283936e-05, ...,
         6.33645302e-05, 6.36971352e-05, 6.42842180e-05],
        ...,
        [3.10806693e-04, 2.64443611e-04, 2.01202923e-04, ...,
         4.12062536e-06, 1.55111789e-06, 1.95765424e-06],
        [4.81470320e-04, 4.31898322e-04, 3.66339739e-04, ...,
         1.87497343e-04, 1.86223872e-04, 1.84466398e-04],
        [4.04945409e-04, 3.70197863e-04, 3.32616528e-04, ...,
         2.90872659e-04, 2.90872361e-04, 2.90872026e-04]],

       [[1.57336922e-05, 6.36329050e-06, 3.28747195e-05, ...,
         6.09731565e-05, 6.08871739e-05, 6.07790072e-05],
        [7.83765600e-05, 5.47791755e-05, 2.68746222e-05, ...,
         5.77344529e-06, 6.17542581e-06, 6.47137716e-06],
        [5.49186424e-05, 3.08659268e-05, 5.77603953e-06, ...,
         1.53613020e-05, 1.49894279e-05, 1.46172269e-05],
        ...,
        [9.33985709e-05, 7.59884893e-05, 5.29429577e-05, ...,
         4.55552887e-05, 4.78250001e-05, 5.01268108e-05],
        [1.53369866e-04, 1.34335334e-04, 1.10259944e-04, ...,
         8.85032825e-05, 8.95704504e-05, 9.06144896e-05],
        [1.31798464e-04, 1.19871588e-04, 1.08937095e-04, ...,
         1.02352836e-04, 1.02353517e-04, 1.02351088e-04]],

       ...,

       [[2.32568277e-04, 1.82665387e-04, 1.16423143e-04, ...,
         9.15708692e-05, 9.29390445e-05, 9.47160873e-05],
        [3.25223711e-04, 2.76506328e-04, 2.09475088e-04, ...,
         2.20771456e-05, 2.21163660e-05, 2.20903768e-05],
        [2.98787577e-04, 2.50267377e-04, 1.82775200e-04, ...,
         5.77434577e-05, 5.88150163e-05, 6.02336432e-05],
        ...,
        [3.20616720e-04, 2.72948775e-04, 2.11010514e-04, ...,
         1.09390429e-04, 1.20015535e-04, 1.31611480e-04],
        [4.02413229e-04, 3.53036797e-04, 2.89311712e-04, ...,
         3.08161225e-05, 2.55590470e-05, 1.96071331e-05],
        [3.39884675e-04, 2.93600027e-04, 2.37329005e-04, ...,
         1.35651528e-04, 1.35697709e-04, 1.35770437e-04]],

       [[5.10510229e-06, 1.25778727e-05, 1.50323257e-05, ...,
         3.27973113e-05, 3.17129763e-05, 3.05525722e-05],
        [3.21744459e-05, 2.37892156e-05, 2.19851308e-05, ...,
         1.34016038e-05, 1.35106810e-05, 1.34772550e-05],
        [1.31910757e-05, 8.49727190e-06, 7.48280350e-06, ...,
         1.66441169e-05, 1.66759974e-05, 1.65207263e-05],
        ...,
        [7.04413741e-05, 6.74017812e-05, 6.46856197e-05, ...,
         1.26518724e-04, 1.34575222e-04, 1.42937238e-04],
        [1.05324891e-04, 1.00533070e-04, 9.75242177e-05, ...,
         1.11143416e-04, 1.15170421e-04, 1.19292293e-04],
        [8.69230913e-05, 8.34791611e-05, 8.18809717e-05, ...,
         7.31257054e-05, 7.31914394e-05, 7.32369917e-05]],

       [[6.57400625e-05, 4.65277717e-05, 2.10457479e-05, ...,
         6.46815451e-05, 6.51680235e-05, 6.57721156e-05],
        [1.32069064e-04, 1.13262392e-04, 8.73281257e-05, ...,
         9.02655467e-06, 9.19709416e-06, 9.41444043e-06],
        [1.12049594e-04, 9.33196304e-05, 6.71753411e-05, ...,
         3.18446048e-05, 3.25294883e-05, 3.34148710e-05],
        ...,
        [1.29267510e-04, 1.11258674e-04, 8.79454079e-05, ...,
         3.87844108e-05, 4.31051306e-05, 4.77641854e-05],
        [1.91060512e-04, 1.72247324e-04, 1.48060408e-04, ...,
         4.39427985e-05, 4.18142737e-05, 3.94407385e-05],
        [1.60592354e-04, 1.45665019e-04, 1.28501647e-04, ...,
         9.95927129e-05, 9.96024179e-05, 9.96169456e-05]]]), 'feature_info': ['Resampled from 250.0 Hz to 250 Hz', 'Cropped from 0.0s to 1469.924s', 'Reset time: 0.0s to 1469.924s', '39 frequency bands extracted from 0.5 to 40 Hz', 'Envelope extracted'], 'mask': array([ True,  True,  True, ...,  True,  True,  True])}
No EOG channel found.
Fp1 and Fp2 will be used for EOG signal detection

saving into /data2/Projects/eeg_fmri_natview/chang_data/derivatives/sub-0031/ses-01/eeg/sub-0031_ses-01_task-MeRest_acq-mr0015_desc-CustomEnv_eeg.pkl
{'time': array([0.000000e+00, 4.000000e-03, 8.000000e-03, ..., 1.469988e+03,
       1.469992e+03, 1.469996e+03]), 'labels': {'channels_info': {'index': [0, 1, 2, 3, 4, 5, 6, 7, 8, 9, 10, 11, 12, 13, 14, 15, 16, 17, 18, 19, 20, 21, 22, 23, 24, 25, 26, 27, 28], 'channel_name': ['Fp1', 'Fp2', 'F3', 'F4', 'C3', 'C4', 'P3', 'P4', 'O1', 'O2', 'F7', 'F8', 'T7', 'T8', 'Fz', 'Cz', 'Pz', 'Oz', 'FC1', 'FC2', 'CP1', 'CP2', 'FC5', 'FC6', 'CP5', 'CP6', 'TP9', 'TP10', 'POz'], 'anatomy': ['frontopolar', 'frontopolar', 'frontal', 'frontal', 'central', 'central', 'parietal', 'parietal', 'occipital', 'occipital', 'frontal', 'frontal', 'temporal', 'temporal', 'frontal', 'central', 'parietal', 'occipital', 'fronto-central', 'fronto-central', 'centro-parietal', 'centro-parietal', 'fronto-central', 'fronto-central', 'centro-parietal', 'centro-parietal', 'temporo-parietal', 'temporo-parietal', 'parieto-occipital'], 'laterality': ['left', 'right', 'left', 'right', 'left', 'right', 'left', 'right', 'left', 'right', 'left', 'right', 'left', 'right', 'midline', 'midline', 'midline', 'midline', 'left', 'right', 'left', 'right', 'left', 'right', 'left', 'right', 'left', 'right', 'midline']}, 'frequencies': [(0.5, 2), (1, 3), (2, 4), (3, 5), (4, 6), (5, 7), (6, 8), (7, 9), (8, 10), (9, 11), (10, 12), (11, 13), (12, 14), (13, 15), (14, 16), (15, 17), (16, 18), (17, 19), (18, 20), (19, 21), (20, 22), (21, 23), (22, 24), (23, 25), (24, 26), (25, 27), (26, 28), (27, 29), (28, 30), (29, 31), (30, 32), (31, 33), (32, 34), (33, 35), (34, 36), (35, 37), (36, 38), (37, 39), (38, 40)]}, 'feature': array([[[6.76066950e-05, 7.42177793e-05, 8.21226412e-05, ...,
         9.38988290e-05, 9.40588468e-05, 9.42386914e-05],
        [1.82815862e-05, 1.11013721e-05, 4.55386760e-06, ...,
         8.30146619e-06, 8.52226779e-06, 8.80613542e-06],
        [1.65016982e-05, 2.42614369e-05, 3.20887526e-05, ...,
         2.64607300e-05, 2.60202904e-05, 2.55196994e-05],
        ...,
        [4.36882111e-05, 3.99935128e-05, 3.25974830e-05, ...,
         1.36562082e-05, 1.32510622e-05, 1.30568050e-05],
        [1.28169432e-04, 1.23397540e-04, 1.15786198e-04, ...,
         9.75602208e-05, 9.73089630e-05, 9.71294665e-05],
        [1.46833669e-04, 1.45781058e-04, 1.44714869e-04, ...,
         1.43798363e-04, 1.43797967e-04, 1.43797551e-04]],

       [[4.43898508e-05, 4.23682570e-05, 4.01146566e-05, ...,
         2.99790265e-05, 3.02870387e-05, 3.05451918e-05],
        [1.32482664e-05, 1.12493357e-05, 8.95360308e-06, ...,
         1.04333373e-06, 7.61793454e-07, 5.12811941e-07],
        [2.25432256e-05, 2.05493720e-05, 1.82693168e-05, ...,
         1.07609942e-05, 1.06972999e-05, 1.06419912e-05],
        ...,
        [1.87019103e-05, 1.70961482e-05, 1.55280792e-05, ...,
         3.81587692e-06, 4.86073783e-06, 5.68582076e-06],
        [1.29077958e-05, 1.47459593e-05, 1.66589562e-05, ...,
         2.82061885e-05, 2.76081276e-05, 2.71414806e-05],
        [4.96224266e-05, 4.90151040e-05, 4.84495965e-05, ...,
         4.71354702e-05, 4.71363774e-05, 4.71373479e-05]],

       [[1.00294107e-04, 1.08929027e-04, 1.18974134e-04, ...,
         1.17802755e-04, 1.17465167e-04, 1.17139498e-04],
        [1.60687425e-05, 8.33107347e-06, 9.97700203e-06, ...,
         1.47673864e-05, 1.50476815e-05, 1.52897135e-05],
        [3.56990587e-05, 4.67797666e-05, 5.71266082e-05, ...,
         2.92272744e-05, 2.82988158e-05, 2.73007008e-05],
        ...,
        [6.56284300e-05, 6.29363937e-05, 5.49608284e-05, ...,
         1.10170627e-04, 1.13950048e-04, 1.17708186e-04],
        [1.79368618e-04, 1.74447823e-04, 1.65589358e-04, ...,
         1.83957532e-04, 1.85721687e-04, 1.87416654e-04],
        [2.03729548e-04, 2.02527040e-04, 2.01255194e-04, ...,
         2.00366928e-04, 2.00362441e-04, 2.00351791e-04]],

       ...,

       [[1.69720618e-04, 1.54800596e-04, 1.34600367e-04, ...,
         7.67987190e-05, 7.63607830e-05, 7.59092168e-05],
        [1.16260925e-04, 1.03205848e-04, 8.31276628e-05, ...,
         2.38514997e-05, 2.33847038e-05, 2.30099739e-05],
        [1.47647388e-04, 1.35065930e-04, 1.14400704e-04, ...,
         2.71371119e-05, 2.57354832e-05, 2.42981006e-05],
        ...,
        [6.31123512e-05, 4.44389739e-05, 2.50722722e-05, ...,
         2.86744177e-05, 2.99928435e-05, 3.13107696e-05],
        [6.32535791e-06, 1.13890996e-05, 3.13341526e-05, ...,
         8.01338195e-05, 8.08387910e-05, 8.15632498e-05],
        [1.38011999e-04, 1.28249380e-04, 1.18490678e-04, ...,
         1.07525038e-04, 1.07525931e-04, 1.07527475e-04]],

       [[1.40662726e-05, 1.81358074e-05, 5.03795098e-05, ...,
         1.26227657e-04, 1.26349114e-04, 1.26592688e-04],
        [1.50436803e-04, 1.17617466e-04, 8.55445953e-05, ...,
         1.36236425e-05, 1.29246570e-05, 1.21853448e-05],
        [1.00660026e-04, 6.75596564e-05, 3.57817409e-05, ...,
         4.87022128e-05, 4.85769508e-05, 4.86775704e-05],
        ...,
        [1.75915086e-04, 1.48042558e-04, 1.16809992e-04, ...,
         4.63456450e-05, 4.82604241e-05, 4.99532944e-05],
        [3.07141278e-04, 2.77347229e-04, 2.45439469e-04, ...,
         1.66762885e-04, 1.67609386e-04, 1.68231176e-04],
        [2.71017660e-04, 2.53856272e-04, 2.39346065e-04, ...,
         2.20352773e-04, 2.20348155e-04, 2.20338031e-04]],

       [[9.32563113e-05, 7.54369883e-05, 5.50768117e-05, ...,
         3.45902298e-06, 3.73491178e-06, 4.06265795e-06],
        [1.13978152e-04, 9.72645860e-05, 7.69928098e-05, ...,
         2.27527145e-05, 2.25205676e-05, 2.23360593e-05],
        [1.15493331e-04, 9.91165489e-05, 7.86540528e-05, ...,
         3.00646464e-05, 2.99127243e-05, 2.99695276e-05],
        ...,
        [8.28400610e-05, 6.31682266e-05, 4.35221516e-05, ...,
         2.82863416e-05, 2.93708654e-05, 3.05282706e-05],
        [1.00282015e-04, 8.10340612e-05, 6.10491600e-05, ...,
         4.08211809e-07, 9.53669686e-07, 1.57622534e-06],
        [9.67629989e-05, 7.82919226e-05, 5.86296731e-05, ...,
         1.77002522e-05, 1.77044743e-05, 1.77127602e-05]]]), 'feature_info': ['Resampled from 250.0 Hz to 250 Hz', 'Cropped from 0.0s to 1469.924s', 'Reset time: 0.0s to 1469.924s', '39 frequency bands extracted from 0.5 to 40 Hz', 'Envelope extracted'], 'mask': array([ True,  True,  True, ...,  True,  True,  True])}
No EOG channel found.
Fp1 and Fp2 will be used for EOG signal detection

saving into /data2/Projects/eeg_fmri_natview/chang_data/derivatives/sub-0032/ses-01/eeg/sub-0032_ses-01_task-MeRest_acq-mr0009_desc-CustomEnv_eeg.pkl
{'time': array([0.000000e+00, 4.000000e-03, 8.000000e-03, ..., 1.470988e+03,
       1.470992e+03, 1.470996e+03]), 'labels': {'channels_info': {'index': [0, 1, 2, 3, 4, 5, 6, 7, 8, 9, 10, 11, 12, 13, 14, 15, 16, 17, 18, 19, 20, 21, 22, 23, 24, 25, 26, 27, 28], 'channel_name': ['Fp1', 'Fp2', 'F3', 'F4', 'C3', 'C4', 'P3', 'P4', 'O1', 'O2', 'F7', 'F8', 'T7', 'T8', 'Fz', 'Cz', 'Pz', 'Oz', 'FC1', 'FC2', 'CP1', 'CP2', 'FC5', 'FC6', 'CP5', 'CP6', 'TP9', 'TP10', 'POz'], 'anatomy': ['frontopolar', 'frontopolar', 'frontal', 'frontal', 'central', 'central', 'parietal', 'parietal', 'occipital', 'occipital', 'frontal', 'frontal', 'temporal', 'temporal', 'frontal', 'central', 'parietal', 'occipital', 'fronto-central', 'fronto-central', 'centro-parietal', 'centro-parietal', 'fronto-central', 'fronto-central', 'centro-parietal', 'centro-parietal', 'temporo-parietal', 'temporo-parietal', 'parieto-occipital'], 'laterality': ['left', 'right', 'left', 'right', 'left', 'right', 'left', 'right', 'left', 'right', 'left', 'right', 'left', 'right', 'midline', 'midline', 'midline', 'midline', 'left', 'right', 'left', 'right', 'left', 'right', 'left', 'right', 'left', 'right', 'midline']}, 'frequencies': [(0.5, 2), (1, 3), (2, 4), (3, 5), (4, 6), (5, 7), (6, 8), (7, 9), (8, 10), (9, 11), (10, 12), (11, 13), (12, 14), (13, 15), (14, 16), (15, 17), (16, 18), (17, 19), (18, 20), (19, 21), (20, 22), (21, 23), (22, 24), (23, 25), (24, 26), (25, 27), (26, 28), (27, 29), (28, 30), (29, 31), (30, 32), (31, 33), (32, 34), (33, 35), (34, 36), (35, 37), (36, 38), (37, 39), (38, 40)]}, 'feature': array([[[3.07667019e-04, 3.27881513e-04, 3.43537004e-04, ...,
         3.83181529e-04, 3.82647047e-04, 3.82266386e-04],
        [1.83130673e-04, 2.02428604e-04, 2.17169115e-04, ...,
         2.67621507e-04, 2.68024149e-04, 2.68640843e-04],
        [1.81315710e-04, 2.00544582e-04, 2.15551970e-04, ...,
         3.09980799e-04, 3.12434035e-04, 3.15020740e-04],
        ...,
        [2.72727544e-04, 2.89014359e-04, 3.02323207e-04, ...,
         3.39056811e-04, 3.39082039e-04, 3.39182139e-04],
        [2.71079077e-04, 2.87009110e-04, 3.00028935e-04, ...,
         3.35981453e-04, 3.35879270e-04, 3.35861080e-04],
        [3.64431292e-04, 3.82776864e-04, 3.97444747e-04, ...,
         4.41611328e-04, 4.41679529e-04, 4.41851761e-04]],

       [[3.80473323e-04, 4.30218271e-04, 4.74896278e-04, ...,
         5.87687512e-04, 5.86931742e-04, 5.86511218e-04],
        [1.83622640e-04, 2.31388980e-04, 2.74720652e-04, ...,
         4.10453013e-04, 4.11135271e-04, 4.12239209e-04],
        [1.78697801e-04, 2.26621856e-04, 2.70964938e-04, ...,
         4.77753799e-04, 4.81367726e-04, 4.85258994e-04],
        ...,
        [3.65063508e-04, 3.99932875e-04, 4.33575733e-04, ...,
         5.20975425e-04, 5.20996023e-04, 5.21181469e-04],
        [3.61007558e-04, 3.94859694e-04, 4.27927046e-04, ...,
         5.16032928e-04, 5.15869663e-04, 5.15892752e-04],
        [4.87882595e-04, 5.30697546e-04, 5.70196545e-04, ...,
         6.78457947e-04, 6.78553058e-04, 6.78872682e-04]],

       [[2.18766999e-05, 1.75604330e-06, 1.65532975e-05, ...,
         6.71475672e-05, 6.73116278e-05, 6.75791023e-05],
        [4.71674627e-05, 2.82426588e-05, 1.15634296e-05, ...,
         4.70293381e-05, 4.71914138e-05, 4.74614076e-05],
        [4.99765846e-05, 3.18030344e-05, 1.68955786e-05, ...,
         5.00378730e-05, 4.98251884e-05, 4.96781099e-05],
        ...,
        [4.49458210e-05, 3.33456896e-05, 3.28700335e-05, ...,
         5.76805209e-05, 5.76693846e-05, 5.77091492e-05],
        [4.68667587e-05, 3.43622445e-05, 3.22310266e-05, ...,
         5.75141749e-05, 5.75301824e-05, 5.76049669e-05],
        [3.59862364e-05, 3.20129881e-05, 3.91689244e-05, ...,
         7.52846311e-05, 7.52948713e-05, 7.53715461e-05]],

       ...,

       [[3.87605729e-06, 1.53801562e-05, 3.13902932e-05, ...,
         1.32348813e-04, 1.33380978e-04, 1.34649426e-04],
        [3.89180853e-05, 3.05445277e-05, 1.67242802e-05, ...,
         1.00646980e-04, 1.01575029e-04, 1.02775325e-04],
        [4.40840728e-05, 3.79694487e-05, 2.63603956e-05, ...,
         7.33543340e-05, 7.11686538e-05, 6.89723970e-05],
        ...,
        [5.51308162e-05, 5.35275851e-05, 5.65378602e-05, ...,
         9.92356711e-05, 9.91907403e-05, 9.92205302e-05],
        [5.63258456e-05, 5.35714659e-05, 5.50964852e-05, ...,
         1.01968595e-04, 1.02146657e-04, 1.02432582e-04],
        [5.48323178e-05, 5.94556903e-05, 6.82016475e-05, ...,
         1.31068460e-04, 1.31037217e-04, 1.31102104e-04]],

       [[1.02295738e-04, 1.17358051e-04, 1.39763371e-04, ...,
         1.80106809e-04, 1.80330926e-04, 1.80593270e-04],
        [4.43375575e-05, 5.87669247e-05, 8.23738589e-05, ...,
         1.26912277e-04, 1.27085551e-04, 1.27293624e-04],
        [4.26193396e-05, 5.71979885e-05, 8.10498690e-05, ...,
         1.27900170e-04, 1.27564296e-04, 1.27284833e-04],
        ...,
        [1.02338292e-04, 1.12418652e-04, 1.26401157e-04, ...,
         1.51935451e-04, 1.51937457e-04, 1.51971728e-04],
        [1.00899981e-04, 1.10626224e-04, 1.24923697e-04, ...,
         1.52038205e-04, 1.52082586e-04, 1.52160258e-04],
        [1.35823822e-04, 1.48596945e-04, 1.66434780e-04, ...,
         1.98653294e-04, 1.98675296e-04, 1.98734430e-04]],

       [[3.49963313e-05, 2.83403614e-05, 1.79912417e-05, ...,
         2.68615561e-05, 2.73855541e-05, 2.80508236e-05],
        [4.41088636e-05, 3.84081268e-05, 2.76452636e-05, ...,
         2.60726731e-05, 2.69017972e-05, 2.79525152e-05],
        [4.62690422e-05, 4.09629988e-05, 3.00513276e-05, ...,
         1.80715676e-05, 1.84080810e-05, 1.89953011e-05],
        ...,
        [3.28818335e-05, 2.51019122e-05, 1.65296423e-05, ...,
         1.56038612e-05, 1.55770267e-05, 1.55814442e-05],
        [3.49331585e-05, 2.73944819e-05, 1.84184798e-05, ...,
         1.71878511e-05, 1.72813519e-05, 1.74305226e-05],
        [3.20241797e-05, 2.47806743e-05, 1.57458919e-05, ...,
         2.11498533e-05, 2.11236666e-05, 2.11391329e-05]]]), 'feature_info': ['Resampled from 250.0 Hz to 250 Hz', 'Cropped from 0.0s to 1469.928s', 'Reset time: 0.0s to 1469.928s', '39 frequency bands extracted from 0.5 to 40 Hz', 'Envelope extracted'], 'mask': array([ True,  True,  True, ...,  True,  True,  True])}
