No EOG channel found.
Fp1 and Fp2 will be used for EOG signal detection

saving into /data2/Projects/eeg_fmri_natview/chang_data/derivatives/sub-0010/ses-01/eeg/sub-0010_ses-01_task-MeRest_acq-mr0009_desc-SSDbandsEnv_eeg.pkl
{'time': array([0.000000e+00, 4.000000e-03, 8.000000e-03, ..., 1.469988e+03,
       1.469992e+03, 1.469996e+03]), 'labels': {'channels_info': {'index': [0, 1, 2, 3, 4, 5, 6, 7, 8, 9, 10, 11, 12, 13, 14, 15, 16, 17, 18, 19, 20, 21, 22, 23, 24, 25, 26, 27, 28], 'channel_name': ['Fp1', 'Fp2', 'F3', 'F4', 'C3', 'C4', 'P3', 'P4', 'O1', 'O2', 'F7', 'F8', 'T7', 'T8', 'Fz', 'Cz', 'Pz', 'Oz', 'FC1', 'FC2', 'CP1', 'CP2', 'FC5', 'FC6', 'CP5', 'CP6', 'TP9', 'TP10', 'POz'], 'anatomy': ['frontopolar', 'frontopolar', 'frontal', 'frontal', 'central', 'central', 'parietal', 'parietal', 'occipital', 'occipital', 'frontal', 'frontal', 'temporal', 'temporal', 'frontal', 'central', 'parietal', 'occipital', 'fronto-central', 'fronto-central', 'centro-parietal', 'centro-parietal', 'fronto-central', 'fronto-central', 'centro-parietal', 'centro-parietal', 'temporo-parietal', 'temporo-parietal', 'parieto-occipital'], 'laterality': ['left', 'right', 'left', 'right', 'left', 'right', 'left', 'right', 'left', 'right', 'left', 'right', 'left', 'right', 'midline', 'midline', 'midline', 'midline', 'left', 'right', 'left', 'right', 'left', 'right', 'left', 'right', 'left', 'right', 'midline']}, 'frequencies': [(0.5, 4), (4, 8), (8, 13), (13, 30), (30, 40)]}, 'feature': array([[[1.33071936e-05, 9.41998312e-06, 6.27907853e-06, 6.07885375e-05,
         1.14374127e-06],
        [1.11308606e-05, 1.12077655e-05, 5.59668872e-06, 8.44894488e-05,
         2.51073387e-06],
        [9.29801650e-06, 1.18048014e-05, 4.40852004e-06, 8.32971720e-05,
         3.12052314e-06],
        ...,
        [2.29252143e-05, 7.40376355e-06, 1.45739221e-05, 6.43512318e-05,
         2.75898702e-06],
        [2.08562639e-05, 8.03920188e-06, 1.32705423e-05, 6.99963007e-05,
         2.15892754e-06],
        [1.72130637e-05, 8.11726661e-06, 9.59231533e-06, 5.43088034e-05,
         8.88673832e-07]],

       [[5.93739266e-06, 8.46921645e-06, 2.15248393e-06, 5.59941635e-05,
         3.82210209e-06],
        [4.39359567e-06, 1.28783095e-05, 1.50369329e-06, 7.71678468e-05,
         6.62608996e-06],
        [3.56336216e-06, 1.55372342e-05, 2.36975551e-06, 7.55095764e-05,
         7.17995515e-06],
        ...,
        [1.14821975e-05, 4.59632275e-06, 1.00048282e-05, 6.23439562e-05,
         2.06527963e-06],
        [1.02225648e-05, 2.17905075e-06, 8.58024456e-06, 6.70362954e-05,
         2.73698944e-06],
        [8.29949757e-06, 3.10127278e-06, 5.55153055e-06, 5.14402820e-05,
         2.03551710e-06]],

       [[6.89497887e-06, 4.70706806e-06, 4.41252600e-06, 5.14095758e-05,
         1.15832946e-06],
        [5.95587191e-06, 4.87580366e-06, 4.25928853e-06, 7.02706525e-05,
         2.25615023e-06],
        [5.11427045e-06, 4.53906956e-06, 3.56308755e-06, 6.83096127e-05,
         2.64035845e-06],
        ...,
        [1.12680400e-05, 6.45845100e-06, 8.80203818e-06, 5.94061610e-05,
         9.66629473e-07],
        [1.03474237e-05, 6.18788117e-06, 8.16951147e-06, 6.34211595e-05,
         6.64679234e-07],
        [8.66139085e-06, 5.21906554e-06, 6.09145147e-06, 4.83333019e-05,
         8.32501760e-08]],

       ...,

       [[2.15579117e-07, 9.84422574e-06, 2.13247675e-05, 5.98672834e-05,
         8.60880887e-07],
        [1.74013424e-07, 1.59180697e-05, 2.26276640e-05, 8.12806331e-05,
         1.21653524e-06],
        [3.83641031e-07, 1.97850226e-05, 2.05059538e-05, 7.84330829e-05,
         9.84248141e-07],
        ...,
        [9.48686611e-07, 8.51149130e-06, 3.41472334e-05, 7.20618316e-05,
         2.86774073e-06],
        [7.79648001e-07, 4.34818531e-06, 3.27166828e-05, 7.61046765e-05,
         2.67218497e-06],
        [5.46790990e-07, 2.15009075e-06, 2.56301277e-05, 5.74208364e-05,
         1.55251385e-06]],

       [[6.12611641e-06, 3.03364757e-06, 2.04358969e-05, 5.41914181e-05,
         4.13134894e-06],
        [6.18892210e-06, 4.00555256e-06, 2.62867429e-05, 7.35534045e-05,
         6.62261328e-06],
        [5.96248383e-06, 8.28226639e-06, 2.74120910e-05, 7.09402185e-05,
         6.66625565e-06],
        ...,
        [7.66234454e-06, 2.31684114e-05, 1.64487468e-05, 6.49910793e-05,
         5.86830782e-06],
        [7.42548942e-06, 1.89179868e-05, 1.80099871e-05, 6.86390706e-05,
         6.00838394e-06],
        [6.63689447e-06, 1.17245901e-05, 1.68303708e-05, 5.18295921e-05,
         3.85103120e-06]],

       [[4.20341893e-06, 6.00084041e-06, 1.17976800e-06, 6.07744435e-05,
         6.54386528e-07],
        [3.64050423e-06, 6.82314301e-06, 7.69836722e-07, 8.29538181e-05,
         1.00002953e-06],
        [3.13947480e-06, 7.06644509e-06, 3.39486193e-07, 8.04609097e-05,
         9.57907756e-07],
        ...,
        [6.77340608e-06, 5.55693387e-06, 4.27825077e-06, 7.07727862e-05,
         1.21240281e-06],
        [6.22703498e-06, 5.83053779e-06, 3.69296875e-06, 7.52498096e-05,
         1.18564660e-06],
        [5.24092987e-06, 5.62701584e-06, 2.40435231e-06, 5.72013914e-05,
         7.30974502e-07]]]), 'feature_info': ['Resampled from 250.0 Hz to 250 Hz', 'Cropped from 0.0s to 1469.924s', 'Reset time: 0.0s to 1469.924s', '5 low rank factorisation through SSD from 0.5 to 40 Hz', 'Envelope extracted'], 'mask': array([ True,  True,  True, ...,  True,  True,  True])}
No EOG channel found.
Fp1 and Fp2 will be used for EOG signal detection

saving into /data2/Projects/eeg_fmri_natview/chang_data/derivatives/sub-0010/ses-01/eeg/sub-0010_ses-01_task-MeRest_acq-mr0015_desc-SSDbandsEnv_eeg.pkl
{'time': array([0.000000e+00, 4.000000e-03, 8.000000e-03, ..., 1.469988e+03,
       1.469992e+03, 1.469996e+03]), 'labels': {'channels_info': {'index': [0, 1, 2, 3, 4, 5, 6, 7, 8, 9, 10, 11, 12, 13, 14, 15, 16, 17, 18, 19, 20, 21, 22, 23, 24, 25, 26, 27, 28], 'channel_name': ['Fp1', 'Fp2', 'F3', 'F4', 'C3', 'C4', 'P3', 'P4', 'O1', 'O2', 'F7', 'F8', 'T7', 'T8', 'Fz', 'Cz', 'Pz', 'Oz', 'FC1', 'FC2', 'CP1', 'CP2', 'FC5', 'FC6', 'CP5', 'CP6', 'TP9', 'TP10', 'POz'], 'anatomy': ['frontopolar', 'frontopolar', 'frontal', 'frontal', 'central', 'central', 'parietal', 'parietal', 'occipital', 'occipital', 'frontal', 'frontal', 'temporal', 'temporal', 'frontal', 'central', 'parietal', 'occipital', 'fronto-central', 'fronto-central', 'centro-parietal', 'centro-parietal', 'fronto-central', 'fronto-central', 'centro-parietal', 'centro-parietal', 'temporo-parietal', 'temporo-parietal', 'parieto-occipital'], 'laterality': ['left', 'right', 'left', 'right', 'left', 'right', 'left', 'right', 'left', 'right', 'left', 'right', 'left', 'right', 'midline', 'midline', 'midline', 'midline', 'left', 'right', 'left', 'right', 'left', 'right', 'left', 'right', 'left', 'right', 'midline']}, 'frequencies': [(0.5, 4), (4, 8), (8, 13), (13, 30), (30, 40)]}, 'feature': array([[[1.31120647e-05, 1.64645276e-05, 4.55093711e-08, 2.00337802e-05,
         1.43198128e-06],
        [1.12760130e-05, 1.32960431e-05, 1.73344782e-06, 3.59343516e-05,
         2.38212021e-06],
        [9.85672287e-06, 1.10818930e-05, 2.85082546e-06, 4.19978641e-05,
         2.46932681e-06],
        ...,
        [2.02529121e-05, 3.49765017e-05, 5.27529132e-06, 1.54688894e-05,
         1.57030768e-06],
        [1.86758286e-05, 3.15477334e-05, 4.21064086e-06, 9.21527880e-06,
         1.68372888e-06],
        [1.60676895e-05, 2.42398473e-05, 2.32110411e-06, 1.78072541e-06,
         1.11169867e-06]],

       [[1.02370315e-05, 7.43144022e-06, 5.27929759e-08, 2.26299780e-05,
         5.45649038e-06],
        [8.37861205e-06, 6.13677431e-06, 1.80743645e-06, 4.39928335e-05,
         8.96768379e-06],
        [7.05715703e-06, 4.84230891e-06, 2.96929134e-06, 5.33409081e-05,
         9.21631457e-06],
        ...,
        [1.71928523e-05, 1.60139313e-05, 5.47946834e-06, 3.03567330e-05,
         6.59493408e-06],
        [1.56319186e-05, 1.44316994e-05, 4.37366828e-06, 2.05149468e-05,
         6.94868296e-06],
        [1.31394814e-05, 1.09138763e-05, 2.40891236e-06, 4.18373281e-06,
         4.52679626e-06]],

       [[2.20058828e-06, 9.52490543e-06, 9.28591983e-08, 1.74880750e-05,
         2.49960190e-06],
        [2.09724356e-06, 6.61505760e-06, 9.41557491e-07, 2.45588920e-05,
         4.76128120e-06],
        [1.97229976e-06, 6.31850677e-06, 1.62084478e-06, 2.44829282e-05,
         5.49047404e-06],
        ...,
        [2.78197030e-06, 2.50212757e-05, 3.38173875e-06, 1.70374146e-05,
         1.28125043e-06],
        [2.66661107e-06, 2.20036654e-05, 2.72836381e-06, 1.87748962e-05,
         8.57098876e-07],
        [2.42659321e-06, 1.62696895e-05, 1.54551542e-06, 1.48431583e-05,
         1.80940397e-07]],

       ...,

       [[4.55950716e-06, 8.65347746e-06, 3.69825354e-06, 2.41285047e-05,
         7.77153427e-07],
        [4.17470925e-06, 1.22904939e-05, 2.60989762e-06, 5.40467556e-05,
         1.05172744e-06],
        [3.82783593e-06, 1.40432867e-05, 1.98985082e-06, 6.90795601e-05,
         9.52429012e-07],
        ...,
        [6.23564649e-06, 2.33919322e-06, 1.21575439e-05, 5.98280683e-05,
         7.49890972e-06],
        [5.87864542e-06, 3.75949569e-06, 1.06474550e-05, 4.47919536e-05,
         6.61271517e-06],
        [5.23833394e-06, 5.12394722e-06, 7.20132449e-06, 1.72791006e-05,
         3.59904579e-06]],

       [[4.22497157e-06, 2.38586894e-05, 7.72243910e-07, 1.87433674e-05,
         6.62608940e-06],
        [3.98717126e-06, 2.36096602e-05, 1.82647198e-06, 3.88928054e-05,
         1.08199701e-05],
        [3.74185104e-06, 2.21515400e-05, 3.46352907e-06, 4.84035907e-05,
         1.10369718e-05],
        ...,
        [5.39804599e-06, 3.34605382e-05, 8.93559483e-06, 3.46471525e-05,
         8.63505116e-06],
        [5.15566445e-06, 3.20765708e-05, 7.32630984e-06, 2.49184400e-05,
         8.97105178e-06],
        [4.68957743e-06, 2.74497634e-05, 4.33467292e-06, 7.94801333e-06,
         5.76406212e-06]],

       [[5.52232254e-07, 1.15125785e-05, 3.60193444e-06, 2.32345639e-05,
         2.33264854e-06],
        [6.91022914e-07, 1.25013572e-05, 7.66999840e-06, 4.40339258e-05,
         4.06425833e-06],
        [7.78268166e-07, 1.23448274e-05, 1.00323237e-05, 5.27909763e-05,
         4.38698835e-06],
        ...,
        [2.25893162e-07, 1.29422187e-05, 7.18438354e-06, 2.67426074e-05,
         1.45274985e-06],
        [2.91050357e-07, 1.29602554e-05, 4.91554344e-06, 1.75057617e-05,
         1.83062094e-06],
        [3.91344494e-07, 1.17126192e-05, 1.48953335e-06, 2.23789521e-06,
         1.31135585e-06]]]), 'feature_info': ['Resampled from 250.0 Hz to 250 Hz', 'Cropped from 0.0s to 1469.924s', 'Reset time: 0.0s to 1469.924s', '5 low rank factorisation through SSD from 0.5 to 40 Hz', 'Envelope extracted'], 'mask': array([ True,  True,  True, ...,  True,  True,  True])}
No EOG channel found.
Fp1 and Fp2 will be used for EOG signal detection

saving into /data2/Projects/eeg_fmri_natview/chang_data/derivatives/sub-0012/ses-01/eeg/sub-0012_ses-01_task-MeRest_acq-mr0012_desc-SSDbandsEnv_eeg.pkl
{'time': array([0.000000e+00, 4.000000e-03, 8.000000e-03, ..., 1.470988e+03,
       1.470992e+03, 1.470996e+03]), 'labels': {'channels_info': {'index': [0, 1, 2, 3, 4, 5, 6, 7, 8, 9, 10, 11, 12, 13, 14, 15, 16, 17, 18, 19, 20, 21, 22, 23, 24, 25, 26, 27, 28], 'channel_name': ['Fp1', 'Fp2', 'F3', 'F4', 'C3', 'C4', 'P3', 'P4', 'O1', 'O2', 'F7', 'F8', 'T7', 'T8', 'Fz', 'Cz', 'Pz', 'Oz', 'FC1', 'FC2', 'CP1', 'CP2', 'FC5', 'FC6', 'CP5', 'CP6', 'TP9', 'TP10', 'POz'], 'anatomy': ['frontopolar', 'frontopolar', 'frontal', 'frontal', 'central', 'central', 'parietal', 'parietal', 'occipital', 'occipital', 'frontal', 'frontal', 'temporal', 'temporal', 'frontal', 'central', 'parietal', 'occipital', 'fronto-central', 'fronto-central', 'centro-parietal', 'centro-parietal', 'fronto-central', 'fronto-central', 'centro-parietal', 'centro-parietal', 'temporo-parietal', 'temporo-parietal', 'parieto-occipital'], 'laterality': ['left', 'right', 'left', 'right', 'left', 'right', 'left', 'right', 'left', 'right', 'left', 'right', 'left', 'right', 'midline', 'midline', 'midline', 'midline', 'left', 'right', 'left', 'right', 'left', 'right', 'left', 'right', 'left', 'right', 'midline']}, 'frequencies': [(0.5, 4), (4, 8), (8, 13), (13, 30), (30, 40)]}, 'feature': array([[[1.29091481e-05, 2.70042895e-05, 4.18377409e-06, 2.87614022e-06,
         4.76439497e-06],
        [1.32923916e-05, 3.39366685e-05, 5.66265821e-06, 4.63814866e-06,
         8.65832506e-06],
        [1.34921635e-05, 3.67032184e-05, 6.23278730e-06, 4.93940107e-06,
         9.69988387e-06],
        ...,
        [1.21995728e-05, 1.58782413e-05, 1.98938073e-06, 8.22504375e-07,
         6.74300734e-07],
        [1.23823687e-05, 1.84294055e-05, 2.46583158e-06, 1.27366879e-06,
         1.68864178e-06],
        [1.25490345e-05, 2.04644660e-05, 2.81231059e-06, 1.28911824e-06,
         1.43875956e-06]],

       [[1.56163765e-05, 1.78583932e-05, 4.21547222e-06, 2.74788730e-06,
         3.47227772e-06],
        [1.60208466e-05, 2.19785992e-05, 5.72965854e-06, 4.33056127e-06,
         6.31338058e-06],
        [1.62420208e-05, 2.36686764e-05, 6.30402756e-06, 4.52239556e-06,
         7.09357106e-06],
        ...,
        [1.48734935e-05, 1.09341312e-05, 1.98546549e-06, 8.78453061e-07,
         5.06853707e-07],
        [1.50654759e-05, 1.25340034e-05, 2.46973547e-06, 1.31044543e-06,
         1.18965605e-06],
        [1.52411684e-05, 1.39005944e-05, 2.81396491e-06, 1.31559904e-06,
         1.02116207e-06]],

       [[5.58538919e-06, 1.22257002e-05, 5.76143056e-07, 6.70225193e-06,
         2.61347300e-06],
        [5.76781776e-06, 1.57642289e-05, 9.14033526e-07, 1.08386750e-05,
         4.74716798e-06],
        [5.84943666e-06, 1.71632233e-05, 1.06130722e-06, 1.18074309e-05,
         5.30355849e-06],
        ...,
        [5.24431506e-06, 6.86023605e-06, 2.65165041e-07, 1.80561883e-06,
         3.72771882e-07],
        [5.33107939e-06, 8.08217545e-06, 3.34239150e-07, 2.84251115e-06,
         9.63273414e-07],
        [5.40895468e-06, 8.96921149e-06, 3.23159851e-07, 3.00240764e-06,
         8.12011937e-07]],

       ...,

       [[2.11873364e-06, 1.80983865e-05, 6.48255685e-05, 2.01707020e-05,
         2.99205392e-06],
        [2.11411161e-06, 2.19082205e-05, 8.97552279e-05, 3.21025505e-05,
         5.41586259e-06],
        [2.07820759e-06, 2.36546161e-05, 9.85006332e-05, 3.49699543e-05,
         6.02711132e-06],
        ...,
        [2.14131492e-06, 1.11453432e-05, 3.02330531e-05, 5.80064125e-06,
         4.76174694e-07],
        [2.13366212e-06, 1.27117297e-05, 3.79602918e-05, 8.91771244e-06,
         1.18478825e-06],
        [2.11832769e-06, 1.42868840e-05, 4.23635290e-05, 9.52468795e-06,
         9.88247519e-07]],

       [[6.44032648e-06, 1.90505546e-05, 2.71207786e-06, 1.59321510e-06,
         2.18181585e-07],
        [6.80774424e-06, 2.43634022e-05, 3.77201358e-06, 2.36945005e-06,
         3.95022393e-07],
        [6.91644970e-06, 2.64568579e-05, 4.12716209e-06, 2.33665585e-06,
         4.87330377e-07],
        ...,
        [5.76278212e-06, 1.10585195e-05, 1.28000831e-06, 6.48997388e-07,
         8.49209447e-08],
        [5.92918876e-06, 1.29081007e-05, 1.60704856e-06, 8.92366742e-07,
         7.16852934e-08],
        [6.06917480e-06, 1.42041211e-05, 1.76973964e-06, 8.78787548e-07,
         5.61435116e-08]],

       [[3.90081805e-06, 1.43881895e-05, 9.56439905e-06, 8.76266003e-06,
         1.08612431e-07],
        [4.15214304e-06, 1.78434906e-05, 1.32084479e-05, 1.37862775e-05,
         1.89908862e-07],
        [4.21687594e-06, 1.92634026e-05, 1.45387695e-05, 1.48292929e-05,
         2.05123654e-07],
        ...,
        [3.45930857e-06, 8.59100702e-06, 4.41244774e-06, 2.68575958e-06,
         6.41291052e-08],
        [3.56921371e-06, 9.91276421e-06, 5.54482486e-06, 4.04839596e-06,
         8.20273988e-08],
        [3.65230692e-06, 1.10580329e-05, 6.25159576e-06, 4.27005668e-06,
         5.70981521e-08]]]), 'feature_info': ['Resampled from 250.0 Hz to 250 Hz', 'Cropped from 0.0s to 1469.928s', 'Reset time: 0.0s to 1469.928s', '5 low rank factorisation through SSD from 0.5 to 40 Hz', 'Envelope extracted'], 'mask': array([ True,  True,  True, ...,  True,  True,  True])}
No EOG channel found.
Fp1 and Fp2 will be used for EOG signal detection

saving into /data2/Projects/eeg_fmri_natview/chang_data/derivatives/sub-0012/ses-01/eeg/sub-0012_ses-01_task-MeRest_acq-mr0018_desc-SSDbandsEnv_eeg.pkl
{'time': array([0.000000e+00, 4.000000e-03, 8.000000e-03, ..., 1.470988e+03,
       1.470992e+03, 1.470996e+03]), 'labels': {'channels_info': {'index': [0, 1, 2, 3, 4, 5, 6, 7, 8, 9, 10, 11, 12, 13, 14, 15, 16, 17, 18, 19, 20, 21, 22, 23, 24, 25, 26, 27, 28], 'channel_name': ['Fp1', 'Fp2', 'F3', 'F4', 'C3', 'C4', 'P3', 'P4', 'O1', 'O2', 'F7', 'F8', 'T7', 'T8', 'Fz', 'Cz', 'Pz', 'Oz', 'FC1', 'FC2', 'CP1', 'CP2', 'FC5', 'FC6', 'CP5', 'CP6', 'TP9', 'TP10', 'POz'], 'anatomy': ['frontopolar', 'frontopolar', 'frontal', 'frontal', 'central', 'central', 'parietal', 'parietal', 'occipital', 'occipital', 'frontal', 'frontal', 'temporal', 'temporal', 'frontal', 'central', 'parietal', 'occipital', 'fronto-central', 'fronto-central', 'centro-parietal', 'centro-parietal', 'fronto-central', 'fronto-central', 'centro-parietal', 'centro-parietal', 'temporo-parietal', 'temporo-parietal', 'parieto-occipital'], 'laterality': ['left', 'right', 'left', 'right', 'left', 'right', 'left', 'right', 'left', 'right', 'left', 'right', 'left', 'right', 'midline', 'midline', 'midline', 'midline', 'left', 'right', 'left', 'right', 'left', 'right', 'left', 'right', 'left', 'right', 'midline']}, 'frequencies': [(0.5, 4), (4, 8), (8, 13), (13, 30), (30, 40)]}, 'feature': array([[[1.30452754e-06, 3.68603672e-06, 1.09995642e-06, 7.53505509e-07,
         2.14601242e-06],
        [1.30573751e-06, 4.66493929e-06, 1.58335250e-06, 2.15879027e-06,
         3.94618321e-06],
        [1.32062151e-06, 5.04909378e-06, 1.74347677e-06, 3.27830539e-06,
         4.42035143e-06],
        ...,
        [1.29658746e-06, 2.17247989e-06, 5.19330626e-07, 2.96439126e-07,
         2.77431868e-07],
        [1.30300626e-06, 2.52025361e-06, 6.58855703e-07, 1.82241814e-07,
         7.34399239e-07],
        [1.30834017e-06, 2.77885183e-06, 6.95346089e-07, 1.99890303e-07,
         5.95964904e-07]],

       [[7.60576261e-06, 9.60462047e-06, 7.79269225e-07, 2.48083669e-07,
         9.91638491e-07],
        [8.25248551e-06, 1.20743149e-05, 1.17053777e-06, 1.18316302e-06,
         1.73475716e-06],
        [8.54148045e-06, 1.30233443e-05, 1.31448481e-06, 2.03915373e-06,
         1.94619825e-06],
        ...,
        [6.37211867e-06, 5.82165595e-06, 3.29958631e-07, 3.32547978e-07,
         2.62675239e-07],
        [6.66934310e-06, 6.70771907e-06, 4.37316484e-07, 2.89075434e-07,
         5.00950811e-07],
        [6.95741115e-06, 7.33570388e-06, 4.59642069e-07, 3.06908548e-07,
         4.38225164e-07]],

       [[4.83988703e-07, 3.94848366e-06, 1.68112898e-06, 1.91400042e-06,
         3.05713605e-06],
        [5.72811759e-07, 4.92783840e-06, 2.33617438e-06, 2.75086844e-06,
         5.53611442e-06],
        [6.15494668e-07, 5.29330002e-06, 2.55050691e-06, 3.16371161e-06,
         6.17494709e-06],
        ...,
        [3.11003891e-07, 2.47544512e-06, 8.23992750e-07, 8.64696003e-07,
         4.54309975e-07],
        [3.48456161e-07, 2.82981167e-06, 1.02427830e-06, 1.18093741e-06,
         1.15958991e-06],
        [3.91050869e-07, 3.06197820e-06, 1.10935098e-06, 1.27808597e-06,
         9.80664337e-07]],

       ...,

       [[1.12944629e-06, 1.22127955e-05, 2.60711672e-06, 8.42956990e-06,
         3.66785182e-06],
        [1.12998689e-06, 1.52863398e-05, 3.75516049e-06, 1.32925337e-05,
         6.66380159e-06],
        [1.15542481e-06, 1.64128022e-05, 4.21472045e-06, 1.45066948e-05,
         7.44035021e-06],
        ...,
        [1.10956245e-06, 7.75860310e-06, 8.62354021e-07, 2.53626416e-06,
         5.29901252e-07],
        [1.12328953e-06, 8.83512249e-06, 1.18847865e-06, 3.87789206e-06,
         1.36713684e-06],
        [1.13554112e-06, 9.47982798e-06, 1.49577858e-06, 4.14206112e-06,
         1.14633827e-06]],

       [[3.54106370e-06, 8.17172020e-07, 6.14029004e-06, 8.76312817e-06,
         6.25512230e-06],
        [3.83620159e-06, 1.24861006e-06, 8.55249482e-06, 1.38260940e-05,
         1.12570176e-05],
        [3.96289756e-06, 1.50038266e-06, 9.41507591e-06, 1.50811159e-05,
         1.25342021e-05],
        ...,
        [2.97948203e-06, 3.65672190e-07, 2.65740662e-06, 2.64909976e-06,
         1.01616380e-06],
        [3.11096434e-06, 1.82554039e-07, 3.38350075e-06, 4.04794068e-06,
         2.49468915e-06],
        [3.24147948e-06, 3.16091494e-07, 3.89158365e-06, 4.30749845e-06,
         2.12938896e-06]],

       [[2.89257935e-06, 6.94558815e-06, 1.23726860e-05, 8.63316354e-06,
         1.19873943e-06],
        [2.94444276e-06, 8.77393833e-06, 1.77938486e-05, 1.36035172e-05,
         2.15351248e-06],
        [3.01063620e-06, 9.48331975e-06, 1.96988809e-05, 1.48376060e-05,
         2.39387834e-06],
        ...,
        [2.77994302e-06, 4.14491728e-06, 5.08560750e-06, 2.61919823e-06,
         1.95726206e-07],
        [2.83024819e-06, 4.79922839e-06, 6.72103189e-06, 3.99853982e-06,
         4.81323068e-07],
        [2.86412838e-06, 5.26563661e-06, 7.55037449e-06, 4.25959128e-06,
         4.12420323e-07]]]), 'feature_info': ['Resampled from 250.0 Hz to 250 Hz', 'Cropped from 0.0s to 1469.928s', 'Reset time: 0.0s to 1469.928s', '5 low rank factorisation through SSD from 0.5 to 40 Hz', 'Envelope extracted'], 'mask': array([ True,  True,  True, ...,  True,  True,  True])}
No EOG channel found.
Fp1 and Fp2 will be used for EOG signal detection

saving into /data2/Projects/eeg_fmri_natview/chang_data/derivatives/sub-0014/ses-01/eeg/sub-0014_ses-01_task-MeRest_acq-mr0012_desc-SSDbandsEnv_eeg.pkl
{'time': array([0.000000e+00, 4.000000e-03, 8.000000e-03, ..., 1.470988e+03,
       1.470992e+03, 1.470996e+03]), 'labels': {'channels_info': {'index': [0, 1, 2, 3, 4, 5, 6, 7, 8, 9, 10, 11, 12, 13, 14, 15, 16, 17, 18, 19, 20, 21, 22, 23, 24, 25, 26, 27, 28], 'channel_name': ['Fp1', 'Fp2', 'F3', 'F4', 'C3', 'C4', 'P3', 'P4', 'O1', 'O2', 'F7', 'F8', 'T7', 'T8', 'Fz', 'Cz', 'Pz', 'Oz', 'FC1', 'FC2', 'CP1', 'CP2', 'FC5', 'FC6', 'CP5', 'CP6', 'TP9', 'TP10', 'POz'], 'anatomy': ['frontopolar', 'frontopolar', 'frontal', 'frontal', 'central', 'central', 'parietal', 'parietal', 'occipital', 'occipital', 'frontal', 'frontal', 'temporal', 'temporal', 'frontal', 'central', 'parietal', 'occipital', 'fronto-central', 'fronto-central', 'centro-parietal', 'centro-parietal', 'fronto-central', 'fronto-central', 'centro-parietal', 'centro-parietal', 'temporo-parietal', 'temporo-parietal', 'parieto-occipital'], 'laterality': ['left', 'right', 'left', 'right', 'left', 'right', 'left', 'right', 'left', 'right', 'left', 'right', 'left', 'right', 'midline', 'midline', 'midline', 'midline', 'left', 'right', 'left', 'right', 'left', 'right', 'left', 'right', 'left', 'right', 'midline']}, 'frequencies': [(0.5, 4), (4, 8), (8, 13), (13, 30), (30, 40)]}, 'feature': array([[[2.67466157e-05, 4.75063189e-06, 1.47700209e-06, 6.17821464e-06,
         1.35084105e-05],
        [2.95876792e-05, 5.98537498e-06, 1.93836568e-06, 1.00939117e-05,
         2.44524518e-05],
        [3.10438604e-05, 6.50631749e-06, 2.11752437e-06, 1.09555384e-05,
         2.72897018e-05],
        ...,
        [2.10121104e-05, 2.66852760e-06, 8.17795877e-07, 1.77937425e-06,
         2.01187352e-06],
        [2.24862875e-05, 3.12946582e-06, 9.69703215e-07, 2.88445241e-06,
         5.09598659e-06],
        [2.39135998e-05, 3.54947354e-06, 1.06479737e-06, 2.83877648e-06,
         4.32200813e-06]],

       [[3.95453128e-05, 1.40639782e-06, 2.13735785e-08, 2.10334260e-06,
         1.97993833e-05],
        [4.35182080e-05, 1.85153313e-06, 2.34311031e-07, 3.76481820e-06,
         3.58709099e-05],
        [4.55277055e-05, 2.09378276e-06, 3.93433110e-07, 4.36560756e-06,
         4.00502376e-05],
        ...,
        [3.15692428e-05, 5.48198244e-07, 2.14364188e-07, 5.81837444e-07,
         2.91221452e-06],
        [3.36150621e-05, 6.50893824e-07, 1.77086999e-07, 9.79262605e-07,
         7.40621745e-06],
        [3.55874162e-05, 8.96703500e-07, 1.31661951e-07, 8.16566299e-07,
         6.27763880e-06]],

       [[9.89035089e-06, 2.21197629e-06, 2.10394336e-06, 1.10419101e-05,
         1.54736747e-05],
        [1.10730757e-05, 2.82099153e-06, 2.91186990e-06, 1.73673650e-05,
         2.80547674e-05],
        [1.16978799e-05, 3.09186245e-06, 3.20654393e-06, 1.92412589e-05,
         3.13258231e-05],
        ...,
        [7.47110622e-06, 1.13616943e-06, 9.38205606e-07, 3.28164674e-06,
         2.26770649e-06],
        [8.09475417e-06, 1.35909132e-06, 1.17783444e-06, 4.83313756e-06,
         5.80164901e-06],
        [8.70673344e-06, 1.59653551e-06, 1.35027945e-06, 5.36414530e-06,
         4.90394398e-06]],

       ...,

       [[1.85698693e-05, 1.64278331e-05, 2.68334987e-06, 3.32217887e-05,
         3.38415712e-05],
        [2.00262696e-05, 2.03626124e-05, 3.63235526e-06, 5.21722885e-05,
         6.13207769e-05],
        [2.07094459e-05, 2.18131966e-05, 4.01835373e-06, 5.71254199e-05,
         6.84629170e-05],
        ...,
        [1.57397488e-05, 1.06235986e-05, 1.25063040e-06, 1.02058838e-05,
         4.98540549e-06],
        [1.64470722e-05, 1.20511740e-05, 1.53295916e-06, 1.53660600e-05,
         1.27058676e-05],
        [1.71216322e-05, 1.29219832e-05, 1.77999611e-06, 1.65072620e-05,
         1.07569747e-05]],

       [[1.52887640e-05, 1.86657209e-05, 1.03622372e-05, 7.10757907e-06,
         6.33150958e-06],
        [1.69054861e-05, 2.32900086e-05, 1.43505897e-05, 1.15381627e-05,
         1.14409937e-05],
        [1.77502816e-05, 2.50267763e-05, 1.58141582e-05, 1.24761817e-05,
         1.27644834e-05],
        ...,
        [1.20097093e-05, 1.17083637e-05, 4.58032378e-06, 2.01868620e-06,
         9.61993358e-07],
        [1.28747407e-05, 1.33889746e-05, 5.75478359e-06, 3.24434521e-06,
         2.43371385e-06],
        [1.36924448e-05, 1.44871626e-05, 6.62529733e-06, 3.25829943e-06,
         2.07147959e-06]],

       [[4.51854565e-06, 8.73316936e-06, 3.30726041e-07, 3.69714468e-05,
         5.64979128e-06],
        [4.80934214e-06, 1.08475359e-05, 4.90306402e-07, 5.82432362e-05,
         1.02269904e-05],
        [4.92806867e-06, 1.16144806e-05, 5.51402756e-07, 6.38858811e-05,
         1.14106358e-05],
        ...,
        [3.98537868e-06, 5.65215670e-06, 3.37440328e-07, 1.11139170e-05,
         8.45953065e-07],
        [4.11138072e-06, 6.41120989e-06, 3.40933054e-07, 1.67750575e-05,
         2.14135577e-06],
        [4.22962215e-06, 6.85829938e-06, 2.60641564e-07, 1.81206672e-05,
         1.81322319e-06]]]), 'feature_info': ['Resampled from 250.0 Hz to 250 Hz', 'Cropped from 0.0s to 1469.928s', 'Reset time: 0.0s to 1469.928s', '5 low rank factorisation through SSD from 0.5 to 40 Hz', 'Envelope extracted'], 'mask': array([ True,  True,  True, ...,  True,  True,  True])}
No EOG channel found.
Fp1 and Fp2 will be used for EOG signal detection

saving into /data2/Projects/eeg_fmri_natview/chang_data/derivatives/sub-0014/ses-01/eeg/sub-0014_ses-01_task-MeRest_acq-mr0018_desc-SSDbandsEnv_eeg.pkl
{'time': array([0.000000e+00, 4.000000e-03, 8.000000e-03, ..., 1.470988e+03,
       1.470992e+03, 1.470996e+03]), 'labels': {'channels_info': {'index': [0, 1, 2, 3, 4, 5, 6, 7, 8, 9, 10, 11, 12, 13, 14, 15, 16, 17, 18, 19, 20, 21, 22, 23, 24, 25, 26, 27, 28], 'channel_name': ['Fp1', 'Fp2', 'F3', 'F4', 'C3', 'C4', 'P3', 'P4', 'O1', 'O2', 'F7', 'F8', 'T7', 'T8', 'Fz', 'Cz', 'Pz', 'Oz', 'FC1', 'FC2', 'CP1', 'CP2', 'FC5', 'FC6', 'CP5', 'CP6', 'TP9', 'TP10', 'POz'], 'anatomy': ['frontopolar', 'frontopolar', 'frontal', 'frontal', 'central', 'central', 'parietal', 'parietal', 'occipital', 'occipital', 'frontal', 'frontal', 'temporal', 'temporal', 'frontal', 'central', 'parietal', 'occipital', 'fronto-central', 'fronto-central', 'centro-parietal', 'centro-parietal', 'fronto-central', 'fronto-central', 'centro-parietal', 'centro-parietal', 'temporo-parietal', 'temporo-parietal', 'parieto-occipital'], 'laterality': ['left', 'right', 'left', 'right', 'left', 'right', 'left', 'right', 'left', 'right', 'left', 'right', 'left', 'right', 'midline', 'midline', 'midline', 'midline', 'left', 'right', 'left', 'right', 'left', 'right', 'left', 'right', 'left', 'right', 'midline']}, 'frequencies': [(0.5, 4), (4, 8), (8, 13), (13, 30), (30, 40)]}, 'feature': array([[[1.00142612e-05, 5.32210160e-06, 2.10529408e-06, 5.48916769e-05,
         4.31048323e-06],
        [1.09279245e-05, 6.63943989e-06, 3.21793348e-06, 8.71071288e-05,
         7.83819228e-06],
        [1.13887329e-05, 7.16853043e-06, 3.69645209e-06, 9.48474893e-05,
         8.77662674e-06],
        ...,
        [8.17849433e-06, 3.23304213e-06, 5.91941963e-07, 1.59329087e-05,
         6.19887778e-07],
        [8.65480602e-06, 3.71088082e-06, 6.57855593e-07, 2.44996931e-05,
         1.56084200e-06],
        [9.10776000e-06, 4.08766657e-06, 9.63957596e-07, 2.61960965e-05,
         1.31640405e-06]],

       [[2.17687005e-05, 2.52913482e-06, 2.10991115e-07, 4.77851545e-05,
         4.03995314e-06],
        [2.43301688e-05, 3.10659671e-06, 1.84430326e-07, 7.58482479e-05,
         7.38461249e-06],
        [2.57133957e-05, 3.37036817e-06, 3.11628897e-07, 8.25447503e-05,
         8.28524566e-06],
        ...,
        [1.64465295e-05, 1.48777497e-06, 8.27169449e-07, 1.38545890e-05,
         5.60019807e-07],
        [1.78447511e-05, 1.72765610e-06, 7.19623065e-07, 2.13364976e-05,
         1.39416484e-06],
        [1.92080449e-05, 1.95848073e-06, 4.98857584e-07, 2.27920739e-05,
         1.16434785e-06]],

       [[2.89481944e-04, 8.16866794e-06, 9.33266030e-07, 5.84862312e-05,
         2.89648799e-06],
        [3.16655489e-04, 1.00993855e-05, 1.62884165e-06, 9.28363660e-05,
         5.25777739e-06],
        [3.30494447e-04, 1.08763938e-05, 1.98417370e-06, 1.01160990e-04,
         5.88411197e-06],
        ...,
        [2.34608394e-04, 5.07541960e-06, 6.68458669e-07, 1.69708373e-05,
         4.25682771e-07],
        [2.48779303e-04, 5.79810326e-06, 3.46552925e-07, 2.60912991e-05,
         1.06584609e-06],
        [2.62418580e-04, 6.36251660e-06, 1.53331422e-07, 2.79065501e-05,
         9.01108450e-07]],

       ...,

       [[1.34067337e-05, 1.32196993e-05, 7.62674524e-06, 8.63087117e-06,
         2.57970948e-06],
        [1.44519174e-05, 1.62774990e-05, 1.09467429e-05, 1.36903885e-05,
         4.73924155e-06],
        [1.50645640e-05, 1.75613608e-05, 1.22076719e-05, 1.49504373e-05,
         5.32071036e-06],
        ...,
        [1.11188113e-05, 8.09491829e-06, 2.79426568e-06, 2.50061329e-06,
         3.36448966e-07],
        [1.17201402e-05, 9.27753728e-06, 3.68604936e-06, 3.81156791e-06,
         8.97866631e-07],
        [1.23410132e-05, 1.02925547e-05, 4.45410105e-06, 4.10685966e-06,
         7.34551728e-07]],

       [[2.01595370e-04, 3.75365787e-05, 8.70827086e-06, 1.16725419e-05,
         4.58405423e-06],
        [2.21338831e-04, 4.67206108e-05, 1.18310772e-05, 1.84618680e-05,
         8.31281394e-06],
        [2.31457097e-04, 5.05657110e-05, 1.28628706e-05, 2.02148927e-05,
         9.26981187e-06],
        ...,
        [1.61660429e-04, 2.22876234e-05, 4.55929020e-06, 3.42573878e-06,
         7.45127837e-07],
        [1.72012170e-04, 2.57586650e-05, 5.53468832e-06, 5.16566409e-06,
         1.82796255e-06],
        [1.81953585e-04, 2.87449723e-05, 5.97661886e-06, 5.59751043e-06,
         1.51383355e-06]],

       [[5.16404138e-05, 3.84441893e-06, 1.49396935e-06, 5.11755765e-08,
         3.98879358e-06],
        [5.69732139e-05, 4.90002972e-06, 1.77578652e-06, 1.06719559e-07,
         7.25678857e-06],
        [5.97155429e-05, 5.36265951e-06, 1.85859656e-06, 1.65695167e-07,
         8.10441001e-06],
        ...,
        [4.07882336e-05, 2.03896533e-06, 1.33719658e-06, 1.02617746e-07,
         6.09278671e-07],
        [4.35828427e-05, 2.43249675e-06, 1.40417615e-06, 9.37998103e-08,
         1.54312153e-06],
        [4.63027869e-05, 2.80867081e-06, 1.34064376e-06, 4.86953700e-08,
         1.27418178e-06]]]), 'feature_info': ['Resampled from 250.0 Hz to 250 Hz', 'Cropped from 0.0s to 1469.928s', 'Reset time: 0.0s to 1469.928s', '5 low rank factorisation through SSD from 0.5 to 40 Hz', 'Envelope extracted'], 'mask': array([ True,  True,  True, ...,  True,  True,  True])}
No EOG channel found.
Fp1 and Fp2 will be used for EOG signal detection

saving into /data2/Projects/eeg_fmri_natview/chang_data/derivatives/sub-0016/ses-01/eeg/sub-0016_ses-01_task-MeRest_acq-mr0015_desc-SSDbandsEnv_eeg.pkl
{'time': array([0.000000e+00, 4.000000e-03, 8.000000e-03, ..., 1.469988e+03,
       1.469992e+03, 1.469996e+03]), 'labels': {'channels_info': {'index': [0, 1, 2, 3, 4, 5, 6, 7, 8, 9, 10, 11, 12, 13, 14, 15, 16, 17, 18, 19, 20, 21, 22, 23, 24, 25, 26, 27, 28], 'channel_name': ['Fp1', 'Fp2', 'F3', 'F4', 'C3', 'C4', 'P3', 'P4', 'O1', 'O2', 'F7', 'F8', 'T7', 'T8', 'Fz', 'Cz', 'Pz', 'Oz', 'FC1', 'FC2', 'CP1', 'CP2', 'FC5', 'FC6', 'CP5', 'CP6', 'TP9', 'TP10', 'POz'], 'anatomy': ['frontopolar', 'frontopolar', 'frontal', 'frontal', 'central', 'central', 'parietal', 'parietal', 'occipital', 'occipital', 'frontal', 'frontal', 'temporal', 'temporal', 'frontal', 'central', 'parietal', 'occipital', 'fronto-central', 'fronto-central', 'centro-parietal', 'centro-parietal', 'fronto-central', 'fronto-central', 'centro-parietal', 'centro-parietal', 'temporo-parietal', 'temporo-parietal', 'parieto-occipital'], 'laterality': ['left', 'right', 'left', 'right', 'left', 'right', 'left', 'right', 'left', 'right', 'left', 'right', 'left', 'right', 'midline', 'midline', 'midline', 'midline', 'left', 'right', 'left', 'right', 'left', 'right', 'left', 'right', 'left', 'right', 'midline']}, 'frequencies': [(0.5, 4), (4, 8), (8, 13), (13, 30), (30, 40)]}, 'feature': array([[[1.26371986e-05, 7.55645611e-06, 1.45000922e-06, 2.11189139e-05,
         9.03976535e-07],
        [1.28979847e-05, 6.27149881e-06, 4.44429242e-06, 2.95258689e-05,
         1.24603536e-06],
        [1.28326923e-05, 5.18415721e-06, 6.36223208e-06, 2.96821073e-05,
         9.86685946e-07],
        ...,
        [1.30368168e-05, 1.53062322e-05, 7.44939152e-06, 2.05984597e-05,
         3.01157020e-06],
        [1.29988761e-05, 1.38815978e-05, 5.63615142e-06, 2.29990046e-05,
         2.78513581e-06],
        [1.26620512e-05, 1.07693412e-05, 2.61876814e-06, 1.83858430e-05,
         1.58981537e-06]],

       [[4.09777051e-05, 1.78306472e-05, 2.56887976e-06, 1.54161381e-05,
         2.23552873e-06],
        [3.94118594e-05, 1.56382964e-05, 5.37537309e-06, 2.11398478e-05,
         3.79931285e-06],
        [3.76561066e-05, 1.32354517e-05, 7.04017767e-06, 2.09680635e-05,
         4.00095649e-06],
        ...,
        [4.96628427e-05, 3.33949806e-05, 5.29061084e-06, 1.69920100e-05,
         1.93636071e-06],
        [4.79878085e-05, 3.06335069e-05, 3.63020769e-06, 1.84917836e-05,
         2.20648817e-06],
        [4.44243569e-05, 2.41390554e-05, 1.06490912e-06, 1.44062280e-05,
         1.50120487e-06]],

       [[1.05258109e-05, 4.78204737e-06, 7.42900647e-06, 2.20102933e-05,
         4.11901833e-06],
        [1.02662494e-05, 4.60771373e-06, 1.03597037e-05, 3.07257505e-05,
         7.12961883e-06],
        [9.92340536e-06, 4.11680300e-06, 1.14330873e-05, 3.08113988e-05,
         7.65896680e-06],
        ...,
        [1.21849219e-05, 7.84756307e-06, 3.22562759e-06, 2.16195991e-05,
         2.82532778e-06],
        [1.18589419e-05, 7.35646531e-06, 4.12600246e-06, 2.40577508e-05,
         3.44787155e-06],
        [1.11577128e-05, 5.93815531e-06, 4.72901103e-06, 1.91887798e-05,
         2.43909577e-06]],

       ...,

       [[2.85077071e-05, 4.82939098e-06, 8.61206969e-06, 3.64471621e-05,
         1.05701509e-06],
        [2.75618997e-05, 9.02276732e-06, 1.33524372e-05, 5.56335632e-05,
         2.06606944e-06],
        [2.64427875e-05, 1.16804629e-05, 1.55826877e-05, 5.94612002e-05,
         2.41824129e-06],
        ...,
        [3.40152857e-05, 8.14145135e-06, 3.40715847e-06, 1.64774823e-05,
         9.34205213e-07],
        [3.29494123e-05, 5.17869475e-06, 2.27859624e-06, 2.30148727e-05,
         6.34057593e-07],
        [3.06654128e-05, 7.70980763e-07, 3.38451365e-06, 2.19345745e-05,
         9.26840363e-08]],

       [[1.67969948e-05, 2.90310798e-05, 3.22136769e-05, 4.20661044e-05,
         3.33562970e-06],
        [1.62643029e-05, 2.39592468e-05, 4.23759082e-05, 6.34643667e-05,
         5.59620139e-06],
        [1.56247524e-05, 1.95019108e-05, 4.51774067e-05, 6.71940104e-05,
         5.82988326e-06],
        ...,
        [1.99387698e-05, 6.12662730e-05, 2.10310636e-05, 2.21983171e-05,
         3.32625936e-06],
        [1.93326950e-05, 5.53723656e-05, 2.43027393e-05, 2.94428221e-05,
         3.65941868e-06],
        [1.80255062e-05, 4.23215918e-05, 2.44325660e-05, 2.69831543e-05,
         2.44243502e-06]],

       [[1.53347274e-05, 5.53614948e-06, 2.94942088e-06, 4.21368025e-05,
         5.86538067e-06],
        [1.48573194e-05, 4.12590486e-06, 2.52294822e-06, 6.35032436e-05,
         1.00602758e-05],
        [1.42827737e-05, 3.35697473e-06, 2.01695298e-06, 6.72129312e-05,
         1.07363573e-05],
        ...,
        [1.81524255e-05, 1.33536014e-05, 7.32388637e-06, 2.24132701e-05,
         4.47947583e-06],
        [1.76075068e-05, 1.18692118e-05, 6.62870317e-06, 2.96653456e-05,
         5.29136979e-06],
        [1.64350072e-05, 8.84381868e-06, 4.74683387e-06, 2.71518251e-05,
         3.69509142e-06]]]), 'feature_info': ['Resampled from 250.0 Hz to 250 Hz', 'Cropped from 0.0s to 1469.924s', 'Reset time: 0.0s to 1469.924s', '5 low rank factorisation through SSD from 0.5 to 40 Hz', 'Envelope extracted'], 'mask': array([ True,  True,  True, ...,  True,  True,  True])}
No EOG channel found.
Fp1 and Fp2 will be used for EOG signal detection

saving into /data2/Projects/eeg_fmri_natview/chang_data/derivatives/sub-0016/ses-01/eeg/sub-0016_ses-01_task-MeRest_acq-mr0006_desc-SSDbandsEnv_eeg.pkl
{'time': array([0.000000e+00, 4.000000e-03, 8.000000e-03, ..., 1.470988e+03,
       1.470992e+03, 1.470996e+03]), 'labels': {'channels_info': {'index': [0, 1, 2, 3, 4, 5, 6, 7, 8, 9, 10, 11, 12, 13, 14, 15, 16, 17, 18, 19, 20, 21, 22, 23, 24, 25, 26, 27, 28], 'channel_name': ['Fp1', 'Fp2', 'F3', 'F4', 'C3', 'C4', 'P3', 'P4', 'O1', 'O2', 'F7', 'F8', 'T7', 'T8', 'Fz', 'Cz', 'Pz', 'Oz', 'FC1', 'FC2', 'CP1', 'CP2', 'FC5', 'FC6', 'CP5', 'CP6', 'TP9', 'TP10', 'POz'], 'anatomy': ['frontopolar', 'frontopolar', 'frontal', 'frontal', 'central', 'central', 'parietal', 'parietal', 'occipital', 'occipital', 'frontal', 'frontal', 'temporal', 'temporal', 'frontal', 'central', 'parietal', 'occipital', 'fronto-central', 'fronto-central', 'centro-parietal', 'centro-parietal', 'fronto-central', 'fronto-central', 'centro-parietal', 'centro-parietal', 'temporo-parietal', 'temporo-parietal', 'parieto-occipital'], 'laterality': ['left', 'right', 'left', 'right', 'left', 'right', 'left', 'right', 'left', 'right', 'left', 'right', 'left', 'right', 'midline', 'midline', 'midline', 'midline', 'left', 'right', 'left', 'right', 'left', 'right', 'left', 'right', 'left', 'right', 'midline']}, 'frequencies': [(0.5, 4), (4, 8), (8, 13), (13, 30), (30, 40)]}, 'feature': array([[[1.23035512e-05, 2.21199778e-06, 3.34779093e-06, 2.25251870e-05,
         4.56055141e-07],
        [1.31068373e-05, 2.84249597e-06, 4.70170845e-06, 3.58063869e-05,
         7.83892260e-07],
        [1.34708895e-05, 3.09262114e-06, 5.16129896e-06, 3.91756396e-05,
         8.41959411e-07],
        ...,
        [1.06760215e-05, 1.23023567e-06, 1.48923512e-06, 6.50256396e-06,
         2.70362294e-07],
        [1.10305222e-05, 1.45060100e-06, 1.88907838e-06, 9.94302923e-06,
         3.53619881e-07],
        [1.14428347e-05, 1.62178015e-06, 2.11784665e-06, 1.06897910e-05,
         2.62339884e-07]],

       [[1.46841685e-05, 1.87056972e-07, 3.56715909e-06, 2.60005532e-05,
         1.66013419e-06],
        [1.55769728e-05, 2.99346308e-07, 5.03166141e-06, 4.14971373e-05,
         3.06167504e-06],
        [1.60125690e-05, 3.60639537e-07, 5.56444458e-06, 4.54017724e-05,
         3.46586300e-06],
        ...,
        [1.28653050e-05, 1.47623139e-07, 1.45950691e-06, 7.34467140e-06,
         3.98187386e-07],
        [1.32963124e-05, 1.51438638e-07, 1.86799803e-06, 1.12821061e-05,
         4.77000568e-07],
        [1.37582037e-05, 1.24605404e-07, 2.18369748e-06, 1.21407412e-05,
         3.58075022e-07]],

       [[6.48216672e-06, 2.26400195e-06, 3.31138162e-06, 2.12248665e-05,
         3.67855973e-07],
        [6.92697432e-06, 2.91174333e-06, 4.52099387e-06, 3.37293538e-05,
         7.66993368e-07],
        [7.11994095e-06, 3.19682504e-06, 4.94473893e-06, 3.69109752e-05,
         9.25123185e-07],
        ...,
        [5.63328203e-06, 1.15265944e-06, 1.63276358e-06, 6.09729598e-06,
         3.34959380e-07],
        [5.82901817e-06, 1.37669668e-06, 2.02276834e-06, 9.28908332e-06,
         2.43101914e-07],
        [6.02863947e-06, 1.61447685e-06, 2.23358963e-06, 1.00345480e-05,
         7.36441111e-08]],

       ...,

       [[7.33975130e-07, 1.10949069e-05, 4.61305062e-06, 1.79591619e-05,
         4.62968069e-06],
        [7.61282345e-07, 1.43273156e-05, 6.43664585e-06, 2.85363202e-05,
         8.63752060e-06],
        [7.85186323e-07, 1.57906972e-05, 7.05435080e-06, 3.12633185e-05,
         9.79807250e-06],
        ...,
        [6.32387594e-07, 5.39941198e-06, 2.13159472e-06, 5.31754308e-06,
         1.05233114e-06],
        [6.44655436e-07, 6.52608665e-06, 2.69127713e-06, 8.15434437e-06,
         1.29737163e-06],
        [6.85148278e-07, 7.80052759e-06, 2.98253455e-06, 8.66243448e-06,
         9.17905913e-07]],

       [[9.08456839e-06, 6.25931621e-06, 5.57897930e-06, 2.97996514e-05,
         1.05180665e-06],
        [9.64575886e-06, 8.04603591e-06, 7.80158646e-06, 4.75056593e-05,
         1.94842828e-06],
        [9.90006066e-06, 8.80808188e-06, 8.64540106e-06, 5.20032794e-05,
         2.19720217e-06],
        ...,
        [7.95383185e-06, 3.24896433e-06, 2.31264253e-06, 8.57600554e-06,
         1.78717928e-07],
        [8.20384146e-06, 3.89233972e-06, 2.93012737e-06, 1.32163990e-05,
         4.28190639e-07],
        [8.48822756e-06, 4.50568312e-06, 3.45638050e-06, 1.41107133e-05,
         3.27185036e-07]],

       [[3.12874987e-06, 4.35930337e-06, 2.38980288e-06, 2.33879804e-05,
         4.46334942e-07],
        [3.32003383e-06, 5.57262256e-06, 3.32845785e-06, 3.72289562e-05,
         7.43692880e-07],
        [3.41066540e-06, 6.12693706e-06, 3.70058784e-06, 4.07608434e-05,
         7.80198032e-07],
        ...,
        [2.71998240e-06, 2.19768723e-06, 9.75508671e-07, 6.84205774e-06,
         4.17504911e-07],
        [2.80537913e-06, 2.62953991e-06, 1.22776226e-06, 1.05258847e-05,
         4.76272781e-07],
        [2.91513498e-06, 3.11937388e-06, 1.47587362e-06, 1.11885947e-05,
         3.29909543e-07]]]), 'feature_info': ['Resampled from 250.0 Hz to 250 Hz', 'Cropped from 0.0s to 1469.928s', 'Reset time: 0.0s to 1469.928s', '5 low rank factorisation through SSD from 0.5 to 40 Hz', 'Envelope extracted'], 'mask': array([ True,  True,  True, ...,  True,  True,  True])}
No EOG channel found.
Fp1 and Fp2 will be used for EOG signal detection

saving into /data2/Projects/eeg_fmri_natview/chang_data/derivatives/sub-0021/ses-01/eeg/sub-0021_ses-01_task-MeRest_acq-mr0012_desc-SSDbandsEnv_eeg.pkl
{'time': array([0.000000e+00, 4.000000e-03, 8.000000e-03, ..., 1.470988e+03,
       1.470992e+03, 1.470996e+03]), 'labels': {'channels_info': {'index': [0, 1, 2, 3, 4, 5, 6, 7, 8, 9, 10, 11, 12, 13, 14, 15, 16, 17, 18, 19, 20, 21, 22, 23, 24, 25, 26, 27, 28], 'channel_name': ['Fp1', 'Fp2', 'F3', 'F4', 'C3', 'C4', 'P3', 'P4', 'O1', 'O2', 'F7', 'F8', 'T7', 'T8', 'Fz', 'Cz', 'Pz', 'Oz', 'FC1', 'FC2', 'CP1', 'CP2', 'FC5', 'FC6', 'CP5', 'CP6', 'TP9', 'TP10', 'POz'], 'anatomy': ['frontopolar', 'frontopolar', 'frontal', 'frontal', 'central', 'central', 'parietal', 'parietal', 'occipital', 'occipital', 'frontal', 'frontal', 'temporal', 'temporal', 'frontal', 'central', 'parietal', 'occipital', 'fronto-central', 'fronto-central', 'centro-parietal', 'centro-parietal', 'fronto-central', 'fronto-central', 'centro-parietal', 'centro-parietal', 'temporo-parietal', 'temporo-parietal', 'parieto-occipital'], 'laterality': ['left', 'right', 'left', 'right', 'left', 'right', 'left', 'right', 'left', 'right', 'left', 'right', 'left', 'right', 'midline', 'midline', 'midline', 'midline', 'left', 'right', 'left', 'right', 'left', 'right', 'left', 'right', 'left', 'right', 'midline']}, 'frequencies': [(0.5, 4), (4, 8), (8, 13), (13, 30), (30, 40)]}, 'feature': array([[[2.81418782e-05, 1.53323362e-06, 7.30773706e-06, 1.02154314e-05,
         1.59760719e-06],
        [3.09442189e-05, 1.90015940e-06, 1.01574101e-05, 1.63748654e-05,
         2.81214184e-06],
        [3.23725624e-05, 2.03916440e-06, 1.11554637e-05, 1.79305769e-05,
         3.11791440e-06],
        ...,
        [2.24647684e-05, 9.44148516e-07, 3.26662439e-06, 2.85525359e-06,
         4.99768575e-07],
        [2.39174265e-05, 1.08526673e-06, 4.16128876e-06, 4.44658577e-06,
         8.38840375e-07],
        [2.53348344e-05, 1.19009758e-06, 4.70683876e-06, 4.74524401e-06,
         6.82526417e-07]],

       [[2.05759461e-05, 4.50908353e-06, 1.74651029e-06, 8.79738126e-06,
         2.16281648e-06],
        [2.27250017e-05, 5.51964997e-06, 2.47144337e-06, 1.41465388e-05,
         3.91080404e-06],
        [2.38219970e-05, 5.90158711e-06, 2.73947489e-06, 1.55160307e-05,
         4.37254401e-06],
        ...,
        [1.62251513e-05, 2.97105143e-06, 6.39970824e-07, 2.40069885e-06,
         3.14123094e-07],
        [1.73393865e-05, 3.35295896e-06, 8.29760207e-07, 3.68295957e-06,
         8.26970313e-07],
        [1.84247221e-05, 3.60049907e-06, 1.02681078e-06, 3.98017652e-06,
         7.09727828e-07]],

       [[1.86852487e-05, 1.07892727e-06, 3.47505677e-06, 6.84456790e-06,
         2.21434973e-08],
        [2.04007754e-05, 1.32190996e-06, 4.81636462e-06, 1.09216443e-05,
         2.91561075e-08],
        [2.12657284e-05, 1.40939425e-06, 5.28156656e-06, 1.19500319e-05,
         2.87590412e-08],
        ...,
        [1.52287899e-05, 7.61225305e-07, 1.59805098e-06, 1.94077010e-06,
         6.80147748e-08],
        [1.61131996e-05, 8.44452871e-07, 2.02227285e-06, 2.96200065e-06,
         5.87820672e-08],
        [1.69707871e-05, 8.78357274e-07, 2.26397118e-06, 3.19029500e-06,
         3.52040777e-08]],

       ...,

       [[5.67648592e-05, 9.86857163e-06, 6.48550615e-06, 2.72013912e-05,
         2.10906439e-06],
        [6.22113485e-05, 1.22302742e-05, 9.24033907e-06, 4.31556089e-05,
         3.87690825e-06],
        [6.49756158e-05, 1.31128554e-05, 1.01802491e-05, 4.71741042e-05,
         4.35565312e-06],
        ...,
        [4.57812588e-05, 6.36940016e-06, 2.77736445e-06, 7.92554254e-06,
         2.59166629e-07],
        [4.86065128e-05, 7.23438986e-06, 3.60620395e-06, 1.21466137e-05,
         6.11846387e-07],
        [5.13331869e-05, 7.76606825e-06, 4.02617623e-06, 1.30292929e-05,
         5.47529941e-07]],

       [[5.28756026e-05, 4.79358588e-06, 8.69487853e-07, 2.93012917e-05,
         1.34985786e-06],
        [5.78374802e-05, 6.13530645e-06, 1.16407085e-06, 4.63811420e-05,
         2.42318510e-06],
        [6.03474892e-05, 6.68782906e-06, 1.31295055e-06, 5.06562721e-05,
         2.69282288e-06],
        ...,
        [4.28860389e-05, 2.55194133e-06, 3.77970438e-07, 8.62473948e-06,
         2.56923165e-07],
        [4.54542348e-05, 3.04874685e-06, 4.68387408e-07, 1.31749265e-05,
         5.71014453e-07],
        [4.79296760e-05, 3.49106527e-06, 5.76510226e-07, 1.41320802e-05,
         4.77830391e-07]],

       [[4.18844441e-05, 2.43231645e-06, 2.24623730e-06, 1.83101248e-05,
         9.34413017e-07],
        [4.57996869e-05, 3.10895630e-06, 3.17179062e-06, 2.90210242e-05,
         1.72370958e-06],
        [4.77773888e-05, 3.35795586e-06, 3.47908516e-06, 3.17092108e-05,
         1.93086276e-06],
        ...,
        [3.40060686e-05, 1.41856608e-06, 9.96088685e-07, 5.35948484e-06,
         9.09298214e-08],
        [3.60304940e-05, 1.65849026e-06, 1.27581376e-06, 8.20647102e-06,
         2.81030501e-07],
        [3.79815700e-05, 1.81607863e-06, 1.41750630e-06, 8.79963308e-06,
         2.44269509e-07]]]), 'feature_info': ['Resampled from 250.0 Hz to 250 Hz', 'Cropped from 0.0s to 1469.928s', 'Reset time: 0.0s to 1469.928s', '5 low rank factorisation through SSD from 0.5 to 40 Hz', 'Envelope extracted'], 'mask': array([ True,  True,  True, ...,  True,  True,  True])}
No EOG channel found.
Fp1 and Fp2 will be used for EOG signal detection

saving into /data2/Projects/eeg_fmri_natview/chang_data/derivatives/sub-0027/ses-01/eeg/sub-0027_ses-01_task-MeRest_acq-mr0009_desc-SSDbandsEnv_eeg.pkl
{'time': array([0.000000e+00, 4.000000e-03, 8.000000e-03, ..., 1.469988e+03,
       1.469992e+03, 1.469996e+03]), 'labels': {'channels_info': {'index': [0, 1, 2, 3, 4, 5, 6, 7, 8, 9, 10, 11, 12, 13, 14, 15, 16, 17, 18, 19, 20, 21, 22, 23, 24, 25, 26, 27, 28], 'channel_name': ['Fp1', 'Fp2', 'F3', 'F4', 'C3', 'C4', 'P3', 'P4', 'O1', 'O2', 'F7', 'F8', 'T7', 'T8', 'Fz', 'Cz', 'Pz', 'Oz', 'FC1', 'FC2', 'CP1', 'CP2', 'FC5', 'FC6', 'CP5', 'CP6', 'TP9', 'TP10', 'POz'], 'anatomy': ['frontopolar', 'frontopolar', 'frontal', 'frontal', 'central', 'central', 'parietal', 'parietal', 'occipital', 'occipital', 'frontal', 'frontal', 'temporal', 'temporal', 'frontal', 'central', 'parietal', 'occipital', 'fronto-central', 'fronto-central', 'centro-parietal', 'centro-parietal', 'fronto-central', 'fronto-central', 'centro-parietal', 'centro-parietal', 'temporo-parietal', 'temporo-parietal', 'parieto-occipital'], 'laterality': ['left', 'right', 'left', 'right', 'left', 'right', 'left', 'right', 'left', 'right', 'left', 'right', 'left', 'right', 'midline', 'midline', 'midline', 'midline', 'left', 'right', 'left', 'right', 'left', 'right', 'left', 'right', 'left', 'right', 'midline']}, 'frequencies': [(0.5, 4), (4, 8), (8, 13), (13, 30), (30, 40)]}, 'feature': array([[[2.13674350e-05, 1.16476232e-05, 9.77057077e-06, 6.56786199e-06,
         1.10681899e-06],
        [2.19739347e-05, 1.41143733e-05, 1.00103119e-05, 6.72302916e-05,
         9.00270730e-06],
        [2.20707845e-05, 1.49533788e-05, 8.75704950e-06, 1.04829599e-04,
         1.33275908e-05],
        ...,
        [2.11784313e-05, 8.35954286e-06, 1.72824562e-05, 2.29128571e-04,
         5.18819931e-05],
        [2.13515337e-05, 9.23461129e-06, 1.63239312e-05, 1.92123586e-04,
         4.49149836e-05],
        [2.11225442e-05, 9.59457025e-06, 1.24694935e-05, 1.01007474e-04,
         2.35097023e-05]],

       [[1.09468660e-04, 1.96087149e-06, 7.39526119e-06, 2.50060357e-06,
         3.23960416e-06],
        [1.12123647e-04, 1.45426671e-06, 5.92455246e-06, 2.86502049e-05,
         9.77178765e-06],
        [1.12099471e-04, 1.14674016e-06, 4.33820726e-06, 4.73734258e-05,
         1.36820340e-05],
        ...,
        [1.10789940e-04, 4.68199724e-06, 2.10008300e-05, 1.24892241e-04,
         6.71499959e-05],
        [1.11190696e-04, 4.15526988e-06, 1.87308217e-05, 1.06269911e-04,
         5.85019849e-05],
        [1.09094597e-04, 3.10340414e-06, 1.29627404e-05, 5.77794389e-05,
         3.09393503e-05]],

       [[7.79378765e-06, 6.28438684e-06, 1.34024927e-05, 1.09788074e-06,
         6.84654368e-06],
        [8.07288084e-06, 8.43752210e-06, 1.63713886e-05, 7.12693450e-05,
         1.77282713e-05],
        [8.16218146e-06, 9.48395398e-06, 1.65924014e-05, 1.15474164e-04,
         2.40701016e-05],
        ...,
        [7.46375452e-06, 2.41087632e-06, 1.31091848e-05, 2.87287189e-04,
         1.25045027e-04],
        [7.57597556e-06, 3.01066198e-06, 1.37595845e-05, 2.43307622e-04,
         1.09150981e-04],
        [7.59492439e-06, 3.97432786e-06, 1.22736905e-05, 1.30695671e-04,
         5.79081295e-05]],

       ...,

       [[5.46854609e-05, 9.43195099e-06, 5.98837459e-05, 5.05856038e-05,
         2.63551035e-06],
        [5.62108115e-05, 1.10454756e-05, 6.91961171e-05, 6.93312184e-05,
         1.26199053e-05],
        [5.63689605e-05, 1.15143548e-05, 6.73720595e-05, 6.74392700e-05,
         1.83853127e-05],
        ...,
        [5.45589102e-05, 7.69128619e-06, 7.31028470e-05, 6.08391406e-05,
         7.86835006e-05],
        [5.49235585e-05, 8.24263015e-06, 7.34074837e-05, 6.47393265e-05,
         6.83211761e-05],
        [5.41700969e-05, 8.26352500e-06, 6.16700801e-05, 4.87637149e-05,
         3.59457272e-05]],

       [[2.64238116e-07, 1.26490290e-05, 6.13991855e-05, 3.49343492e-05,
         5.97181615e-06],
        [4.80178908e-07, 1.31901221e-05, 7.28931284e-05, 6.40954125e-05,
         1.64900937e-05],
        [6.48140376e-07, 1.27140168e-05, 7.24269308e-05, 7.58717184e-05,
         2.27662839e-05],
        ...,
        [5.23787151e-07, 1.56652341e-05, 6.76031753e-05, 3.33062286e-05,
         1.15169917e-04],
        [3.21898412e-07, 1.53755176e-05, 6.92470077e-05, 2.08032935e-05,
         1.00434298e-04],
        [3.94638705e-08, 1.35700458e-05, 5.98109135e-05, 1.66241517e-07,
         5.32098111e-05]],

       [[1.52313591e-05, 8.80704260e-07, 5.34707848e-05, 4.53522040e-05,
         5.70909656e-06],
        [1.57509443e-05, 1.50430339e-06, 6.33975071e-05, 8.35500302e-05,
         1.84978054e-05],
        [1.58751152e-05, 1.88237101e-06, 6.28925781e-05, 9.94208959e-05,
         2.61311706e-05],
        ...,
        [1.48357717e-05, 1.08641746e-06, 5.93339438e-05, 4.99096435e-05,
         1.24733353e-04],
        [1.50133379e-05, 6.36606188e-07, 6.06888782e-05, 3.21605816e-05,
         1.08620517e-04],
        [1.49366606e-05, 4.58142204e-08, 5.22838238e-05, 2.16592986e-06,
         5.74151196e-05]]]), 'feature_info': ['Resampled from 250.0 Hz to 250 Hz', 'Cropped from 0.0s to 1469.924s', 'Reset time: 0.0s to 1469.924s', '5 low rank factorisation through SSD from 0.5 to 40 Hz', 'Envelope extracted'], 'mask': array([ True,  True,  True, ...,  True,  True,  True])}
No EOG channel found.
Fp1 and Fp2 will be used for EOG signal detection

saving into /data2/Projects/eeg_fmri_natview/chang_data/derivatives/sub-0028/ses-01/eeg/sub-0028_ses-01_task-MeRest_acq-mr0012_desc-SSDbandsEnv_eeg.pkl
{'time': array([0.000000e+00, 4.000000e-03, 8.000000e-03, ..., 1.469988e+03,
       1.469992e+03, 1.469996e+03]), 'labels': {'channels_info': {'index': [0, 1, 2, 3, 4, 5, 6, 7, 8, 9, 10, 11, 12, 13, 14, 15, 16, 17, 18, 19, 20, 21, 22, 23, 24, 25, 26, 27, 28], 'channel_name': ['Fp1', 'Fp2', 'F3', 'F4', 'C3', 'C4', 'P3', 'P4', 'O1', 'O2', 'F7', 'F8', 'T7', 'T8', 'Fz', 'Cz', 'Pz', 'Oz', 'FC1', 'FC2', 'CP1', 'CP2', 'FC5', 'FC6', 'CP5', 'CP6', 'TP9', 'TP10', 'POz'], 'anatomy': ['frontopolar', 'frontopolar', 'frontal', 'frontal', 'central', 'central', 'parietal', 'parietal', 'occipital', 'occipital', 'frontal', 'frontal', 'temporal', 'temporal', 'frontal', 'central', 'parietal', 'occipital', 'fronto-central', 'fronto-central', 'centro-parietal', 'centro-parietal', 'fronto-central', 'fronto-central', 'centro-parietal', 'centro-parietal', 'temporo-parietal', 'temporo-parietal', 'parieto-occipital'], 'laterality': ['left', 'right', 'left', 'right', 'left', 'right', 'left', 'right', 'left', 'right', 'left', 'right', 'left', 'right', 'midline', 'midline', 'midline', 'midline', 'left', 'right', 'left', 'right', 'left', 'right', 'left', 'right', 'left', 'right', 'midline']}, 'frequencies': [(0.5, 4), (4, 8), (8, 13), (13, 30), (30, 40)]}, 'feature': array([[[3.81772755e-06, 8.53056115e-06, 6.49094094e-06, 4.09648929e-06,
         8.64130783e-07],
        [3.84352887e-06, 1.87170220e-05, 7.63841548e-06, 1.34522499e-05,
         1.04199735e-05],
        [3.80368339e-06, 2.52814182e-05, 7.65412756e-06, 2.30628980e-05,
         1.55025748e-05],
        ...,
        [4.03963381e-06, 2.08888810e-05, 6.88668821e-06, 7.04918353e-05,
         5.81903925e-05],
        [4.01130415e-06, 1.43204430e-05, 7.08576002e-06, 6.06371910e-05,
         5.03196844e-05],
        [3.88485340e-06, 4.58778409e-06, 6.26170563e-06, 3.38960990e-05,
         2.62349499e-05]],

       [[8.60422245e-06, 2.71139102e-06, 9.47573660e-06, 2.58455962e-06,
         2.43774929e-06],
        [8.69916294e-06, 1.13656896e-05, 1.09138581e-05, 1.54070001e-05,
         9.85484590e-06],
        [8.63407360e-06, 1.71982640e-05, 1.07202292e-05, 2.58303763e-05,
         1.42233165e-05],
        ...,
        [8.99033684e-06, 2.22769016e-05, 1.11203395e-05, 7.10140513e-05,
         6.45985959e-05],
        [8.95394381e-06, 1.68800446e-05, 1.12268570e-05, 6.07097677e-05,
         5.61765479e-05],
        [8.70667430e-06, 8.46825688e-06, 9.61610684e-06, 3.35160807e-05,
         2.95467884e-05]],

       [[7.05189199e-07, 1.45919872e-05, 2.41950167e-06, 5.73961475e-06,
         9.83414165e-06],
        [8.25559426e-07, 2.00619417e-05, 3.23447836e-06, 9.56574935e-06,
         1.56358577e-05],
        [8.97321252e-07, 2.27903601e-05, 3.55312197e-06, 1.64212874e-05,
         1.67855972e-05],
        ...,
        [4.27806089e-07, 5.07743175e-06, 1.21282605e-06, 6.10726760e-05,
         1.19249006e-04],
        [4.95303781e-07, 5.95906855e-06, 1.40918007e-06, 5.30842078e-05,
         1.04812582e-04],
        [5.74417797e-07, 8.49974036e-06, 1.62000284e-06, 3.02826929e-05,
         5.61982778e-05]],

       ...,

       [[1.04671434e-05, 6.91166247e-05, 1.46799933e-05, 3.23851619e-06,
         1.02016004e-05],
        [1.09193555e-05, 7.67320169e-05, 1.67744263e-05, 2.24325650e-05,
         2.12635555e-05],
        [1.10531291e-05, 7.71469756e-05, 1.65892798e-05, 3.39202269e-05,
         2.58866181e-05],
        ...,
        [9.98459375e-06, 7.04784183e-05, 1.79938079e-05, 6.64423440e-05,
         1.95709190e-05],
        [1.01573000e-05, 7.19282186e-05, 1.82480490e-05, 5.54382190e-05,
         1.49473511e-05],
        [1.01612150e-05, 6.71421843e-05, 1.54787447e-05, 2.90854587e-05,
         5.53583336e-06]],

       [[6.74773532e-06, 3.42850762e-05, 1.23845231e-05, 8.38637007e-06,
         1.19670396e-06],
        [6.98898446e-06, 3.20295162e-05, 1.42880561e-05, 7.30007743e-06,
         1.87704517e-06],
        [7.05927375e-06, 2.85600776e-05, 1.38663307e-05, 6.65651196e-06,
         1.95580722e-06],
        ...,
        [6.50874263e-06, 5.58031161e-05, 1.47593508e-05, 4.26754793e-05,
         1.47363528e-05],
        [6.59965857e-06, 5.22374865e-05, 1.47375182e-05, 3.82257615e-05,
         1.29583060e-05],
        [6.59272370e-06, 4.27816833e-05, 1.24915313e-05, 2.31205208e-05,
         6.92343025e-06]],

       [[5.43052452e-06, 6.22966800e-05, 2.21156996e-05, 1.70269470e-06,
         1.73324217e-06],
        [6.19897273e-06, 6.72477277e-05, 2.63263153e-05, 1.75018316e-05,
         1.37984771e-05],
        [6.65112912e-06, 6.63156815e-05, 2.65742947e-05, 2.70591194e-05,
         2.02020308e-05],
        ...,
        [3.59101647e-06, 6.99206198e-05, 2.30209722e-05, 5.69779990e-05,
         5.71049799e-05],
        [4.00131372e-06, 6.99397405e-05, 2.39925751e-05, 4.77884611e-05,
         4.88392999e-05],
        [4.54607767e-06, 6.34394314e-05, 2.12375220e-05, 2.53253755e-05,
         2.49595092e-05]]]), 'feature_info': ['Resampled from 250.0 Hz to 250 Hz', 'Cropped from 0.0s to 1469.924s', 'Reset time: 0.0s to 1469.924s', '5 low rank factorisation through SSD from 0.5 to 40 Hz', 'Envelope extracted'], 'mask': array([ True,  True,  True, ...,  True,  True,  True])}
No EOG channel found.
Fp1 and Fp2 will be used for EOG signal detection

saving into /data2/Projects/eeg_fmri_natview/chang_data/derivatives/sub-0029/ses-01/eeg/sub-0029_ses-01_task-MeRest_acq-mr0012_desc-SSDbandsEnv_eeg.pkl
{'time': array([0.000000e+00, 4.000000e-03, 8.000000e-03, ..., 1.469988e+03,
       1.469992e+03, 1.469996e+03]), 'labels': {'channels_info': {'index': [0, 1, 2, 3, 4, 5, 6, 7, 8, 9, 10, 11, 12, 13, 14, 15, 16, 17, 18, 19, 20, 21, 22, 23, 24, 25, 26, 27, 28], 'channel_name': ['Fp1', 'Fp2', 'F3', 'F4', 'C3', 'C4', 'P3', 'P4', 'O1', 'O2', 'F7', 'F8', 'T7', 'T8', 'Fz', 'Cz', 'Pz', 'Oz', 'FC1', 'FC2', 'CP1', 'CP2', 'FC5', 'FC6', 'CP5', 'CP6', 'TP9', 'TP10', 'POz'], 'anatomy': ['frontopolar', 'frontopolar', 'frontal', 'frontal', 'central', 'central', 'parietal', 'parietal', 'occipital', 'occipital', 'frontal', 'frontal', 'temporal', 'temporal', 'frontal', 'central', 'parietal', 'occipital', 'fronto-central', 'fronto-central', 'centro-parietal', 'centro-parietal', 'fronto-central', 'fronto-central', 'centro-parietal', 'centro-parietal', 'temporo-parietal', 'temporo-parietal', 'parieto-occipital'], 'laterality': ['left', 'right', 'left', 'right', 'left', 'right', 'left', 'right', 'left', 'right', 'left', 'right', 'left', 'right', 'midline', 'midline', 'midline', 'midline', 'left', 'right', 'left', 'right', 'left', 'right', 'left', 'right', 'left', 'right', 'midline']}, 'frequencies': [(0.5, 4), (4, 8), (8, 13), (13, 30), (30, 40)]}, 'feature': array([[[1.34288103e-05, 7.48728837e-06, 8.78476048e-06, 1.92676320e-06,
         1.10756391e-06],
        [7.44220837e-06, 1.14149557e-05, 9.28033343e-06, 3.54811014e-06,
         5.65154191e-06],
        [6.48368813e-06, 1.36398262e-05, 8.37631083e-06, 6.14355886e-06,
         8.10362103e-06],
        ...,
        [3.65584966e-05, 3.85367757e-06, 1.42750182e-05, 1.52521921e-05,
         1.97328789e-05],
        [3.11600240e-05, 1.89854505e-06, 1.36421907e-05, 1.21118601e-05,
         1.67796309e-05],
        [2.31224429e-05, 2.76922059e-06, 1.06462763e-05, 7.52568158e-06,
         8.50254350e-06]],

       [[5.70542584e-06, 3.90137537e-06, 1.33648252e-05, 6.49716546e-06,
         3.20524031e-06],
        [2.61522216e-06, 5.95849047e-06, 1.41452721e-05, 6.52709613e-06,
         4.44623086e-06],
        [3.58106353e-06, 7.15810634e-06, 1.27988387e-05, 5.45443897e-06,
         3.85888338e-06],
        ...,
        [1.88539332e-05, 2.30888368e-06, 2.15698111e-05, 1.39367363e-05,
         3.30818445e-05],
        [1.57643494e-05, 1.11177304e-06, 2.06376959e-05, 1.15730642e-05,
         2.91904939e-05],
        [1.11959277e-05, 1.35314755e-06, 1.61379636e-05, 8.28941238e-06,
         1.57392254e-05]],

       [[3.08721334e-06, 6.61183129e-06, 4.20750890e-08, 5.76369560e-06,
         1.00752025e-06],
        [5.58876015e-06, 1.21656150e-05, 6.39973749e-07, 1.30968946e-05,
         5.11994133e-06],
        [7.40799131e-06, 1.56475887e-05, 1.04940978e-06, 1.66136586e-05,
         7.34059350e-06],
        ...,
        [4.60192708e-06, 9.64501229e-06, 2.07525736e-06, 1.22881563e-05,
         1.79233297e-05],
        [2.67865041e-06, 5.93219252e-06, 1.64783951e-06, 8.82993272e-06,
         1.52411791e-05],
        [6.11166885e-08, 5.06027790e-07, 8.75434400e-07, 3.38070374e-06,
         7.71848523e-06]],

       ...,

       [[3.66838442e-06, 2.75979743e-05, 3.60972791e-05, 2.14717993e-06,
         8.47686451e-06],
        [3.75088720e-06, 2.17189207e-05, 3.72968128e-05, 2.59241762e-06,
         1.01619765e-05],
        [3.65041035e-06, 1.70985776e-05, 3.31048087e-05, 2.66018109e-06,
         4.82731397e-06],
        ...,
        [4.26599759e-06, 6.20104114e-05, 6.16131432e-05, 3.11142165e-06,
         6.59963550e-05],
        [4.18442464e-06, 5.55316996e-05, 5.84390778e-05, 1.98268142e-06,
         5.86625410e-05],
        [3.84120400e-06, 4.18578767e-05, 4.51374194e-05, 1.51052369e-06,
         3.19866841e-05]],

       [[5.71580429e-05, 1.70910747e-05, 9.08949761e-06, 1.34481131e-05,
         5.07277785e-07],
        [5.46642379e-05, 2.03171767e-05, 5.97604216e-06, 2.47863087e-05,
         9.29496971e-06],
        [5.18254200e-05, 2.12142676e-05, 9.50241993e-06, 2.93402090e-05,
         1.38251649e-05],
        ...,
        [7.09829220e-05, 1.35665626e-05, 4.48727646e-05, 1.26389302e-05,
         4.98862587e-05],
        [6.83202048e-05, 1.46138601e-05, 3.82751434e-05, 7.84719797e-06,
         4.30916172e-05],
        [6.26400489e-05, 1.46730144e-05, 2.43174481e-05, 6.03406766e-08,
         2.24393456e-05]],

       [[2.85396617e-05, 3.17687463e-05, 1.65344290e-05, 1.35211134e-05,
         5.92579439e-06],
        [2.84427575e-05, 3.58910427e-05, 1.34676523e-05, 2.41117283e-05,
         7.52677786e-06],
        [2.78060084e-05, 3.63245469e-05, 1.01762440e-05, 2.82799628e-05,
         4.46867904e-06],
        ...,
        [3.18053328e-05, 3.09278486e-05, 4.47915901e-05, 1.38658580e-05,
         2.76731519e-05],
        [3.13195475e-05, 3.18401875e-05, 4.01046220e-05, 8.68964950e-06,
         2.51315626e-05],
        [2.97042350e-05, 3.00403386e-05, 2.81224303e-05, 2.14040063e-07,
         1.41137390e-05]]]), 'feature_info': ['Resampled from 250.0 Hz to 250 Hz', 'Cropped from 0.0s to 1469.924s', 'Reset time: 0.0s to 1469.924s', '5 low rank factorisation through SSD from 0.5 to 40 Hz', 'Envelope extracted'], 'mask': array([ True,  True,  True, ...,  True,  True,  True])}
No EOG channel found.
Fp1 and Fp2 will be used for EOG signal detection

saving into /data2/Projects/eeg_fmri_natview/chang_data/derivatives/sub-0030/ses-01/eeg/sub-0030_ses-01_task-MeRest_acq-mr0009_desc-SSDbandsEnv_eeg.pkl
{'time': array([0.000000e+00, 4.000000e-03, 8.000000e-03, ..., 1.469988e+03,
       1.469992e+03, 1.469996e+03]), 'labels': {'channels_info': {'index': [0, 1, 2, 3, 4, 5, 6, 7, 8, 9, 10, 11, 12, 13, 14, 15, 16, 17, 18, 19, 20, 21, 22, 23, 24, 25, 26, 27, 28], 'channel_name': ['Fp1', 'Fp2', 'F3', 'F4', 'C3', 'C4', 'P3', 'P4', 'O1', 'O2', 'F7', 'F8', 'T7', 'T8', 'Fz', 'Cz', 'Pz', 'Oz', 'FC1', 'FC2', 'CP1', 'CP2', 'FC5', 'FC6', 'CP5', 'CP6', 'TP9', 'TP10', 'POz'], 'anatomy': ['frontopolar', 'frontopolar', 'frontal', 'frontal', 'central', 'central', 'parietal', 'parietal', 'occipital', 'occipital', 'frontal', 'frontal', 'temporal', 'temporal', 'frontal', 'central', 'parietal', 'occipital', 'fronto-central', 'fronto-central', 'centro-parietal', 'centro-parietal', 'fronto-central', 'fronto-central', 'centro-parietal', 'centro-parietal', 'temporo-parietal', 'temporo-parietal', 'parieto-occipital'], 'laterality': ['left', 'right', 'left', 'right', 'left', 'right', 'left', 'right', 'left', 'right', 'left', 'right', 'left', 'right', 'midline', 'midline', 'midline', 'midline', 'left', 'right', 'left', 'right', 'left', 'right', 'left', 'right', 'left', 'right', 'midline']}, 'frequencies': [(0.5, 4), (4, 8), (8, 13), (13, 30), (30, 40)]}, 'feature': array([[[3.12731071e-06, 2.14162320e-05, 1.09915060e-05, 2.62113400e-06,
         2.99022282e-06],
        [3.10060766e-06, 2.35332466e-05, 1.55767674e-05, 3.34208911e-06,
         3.65933408e-06],
        [3.03650328e-06, 2.33435517e-05, 1.72922371e-05, 3.11276989e-06,
         1.82660152e-06],
        ...,
        [3.48542614e-06, 2.32507066e-05, 4.29023240e-06, 4.62850232e-06,
         1.51067423e-05],
        [3.42754868e-06, 2.33995997e-05, 5.68671951e-06, 4.60424428e-06,
         1.36557040e-05],
        [3.26096147e-06, 2.13356452e-05, 6.70663545e-06, 3.23554560e-06,
         7.59588394e-06]],

       [[4.21369607e-07, 1.57909570e-05, 1.04424065e-05, 1.09167509e-05,
         7.78756647e-07],
        [3.69423369e-07, 1.68341123e-05, 1.47395453e-05, 1.86807625e-05,
         1.18341555e-06],
        [3.57973554e-07, 1.64415924e-05, 1.63073156e-05, 2.17769482e-05,
         1.15740264e-06],
        ...,
        [5.61424616e-07, 1.84716365e-05, 4.23367215e-06, 1.15573888e-05,
         2.35444828e-06],
        [5.31401173e-07, 1.82997014e-05, 5.72893779e-06, 7.11305347e-06,
         2.21879071e-06],
        [4.90964648e-07, 1.63950788e-05, 6.58456630e-06, 6.84988629e-07,
         1.33253290e-06]],

       [[2.42217790e-06, 1.48566131e-05, 5.26973628e-06, 3.52826109e-06,
         3.26427991e-06],
        [1.98192959e-06, 1.75590703e-05, 7.71426037e-06, 3.37750996e-06,
         3.91307865e-06],
        [1.63543532e-06, 1.82555235e-05, 8.72111402e-06, 4.58148094e-06,
         1.56354807e-06],
        ...,
        [4.14262487e-06, 1.23156296e-05, 1.75583137e-06, 2.69737518e-05,
         2.27319358e-05],
        [3.75449025e-06, 1.31742209e-05, 2.09012655e-06, 2.37051287e-05,
         2.02937362e-05],
        [3.12568422e-06, 1.30116118e-05, 2.76710712e-06, 1.35629575e-05,
         1.11197974e-05]],

       ...,

       [[1.83389905e-05, 5.88008753e-07, 1.02818399e-05, 2.49047394e-05,
         1.24709669e-05],
        [1.85058630e-05, 6.81028747e-06, 1.01279098e-05, 4.43392984e-05,
         1.55040411e-05],
        [1.83113510e-05, 1.18347534e-05, 8.69114828e-06, 5.30395972e-05,
         7.99936187e-06],
        ...,
        [1.96830236e-05, 2.24329663e-05, 1.98482911e-05, 3.86198514e-05,
         6.83654435e-05],
        [1.95373351e-05, 1.77263955e-05, 1.85345577e-05, 2.56757280e-05,
         6.16766625e-05],
        [1.87725109e-05, 1.01583484e-05, 1.39221269e-05, 3.68267033e-06,
         3.43620339e-05]],

       [[2.00115012e-06, 1.37023248e-05, 2.13673192e-05, 1.39091634e-06,
         1.02577571e-05],
        [1.54762230e-06, 2.07287403e-05, 3.02379681e-05, 1.55043707e-05,
         1.43600710e-05],
        [1.28044529e-06, 2.46803468e-05, 3.35306699e-05, 2.47974225e-05,
         1.16022741e-05],
        ...,
        [3.78305051e-06, 6.26695690e-06, 8.42527514e-06, 6.68361871e-05,
         3.26896382e-05],
        [3.39776847e-06, 3.25657705e-06, 1.12959565e-05, 5.56682085e-05,
         3.04192172e-05],
        [2.75887792e-06, 5.40291425e-06, 1.32012226e-05, 2.83625113e-05,
         1.76063117e-05]],

       [[1.03596251e-06, 2.83499836e-05, 1.97954870e-05, 4.26881231e-06,
         3.54343523e-06],
        [1.53974612e-06, 2.69504330e-05, 2.45994927e-05, 6.83798795e-06,
         1.05682556e-05],
        [1.93429647e-06, 2.42008502e-05, 2.51687101e-05, 7.52396538e-06,
         1.41884598e-05],
        ...,
        [8.19837081e-07, 4.49437164e-05, 1.84179147e-05, 1.23428510e-06,
         2.38591366e-05],
        [3.67958041e-07, 4.22455723e-05, 1.95842897e-05, 1.62736702e-06,
         1.98780575e-05],
        [3.52387284e-07, 3.47574282e-05, 1.76450280e-05, 1.82941792e-06,
         9.67556726e-06]]]), 'feature_info': ['Resampled from 250.0 Hz to 250 Hz', 'Cropped from 0.0s to 1469.924s', 'Reset time: 0.0s to 1469.924s', '5 low rank factorisation through SSD from 0.5 to 40 Hz', 'Envelope extracted'], 'mask': array([ True,  True,  True, ...,  True,  True,  True])}
No EOG channel found.
Fp1 and Fp2 will be used for EOG signal detection

saving into /data2/Projects/eeg_fmri_natview/chang_data/derivatives/sub-0031/ses-01/eeg/sub-0031_ses-01_task-MeRest_acq-mr0015_desc-SSDbandsEnv_eeg.pkl
{'time': array([0.000000e+00, 4.000000e-03, 8.000000e-03, ..., 1.469988e+03,
       1.469992e+03, 1.469996e+03]), 'labels': {'channels_info': {'index': [0, 1, 2, 3, 4, 5, 6, 7, 8, 9, 10, 11, 12, 13, 14, 15, 16, 17, 18, 19, 20, 21, 22, 23, 24, 25, 26, 27, 28], 'channel_name': ['Fp1', 'Fp2', 'F3', 'F4', 'C3', 'C4', 'P3', 'P4', 'O1', 'O2', 'F7', 'F8', 'T7', 'T8', 'Fz', 'Cz', 'Pz', 'Oz', 'FC1', 'FC2', 'CP1', 'CP2', 'FC5', 'FC6', 'CP5', 'CP6', 'TP9', 'TP10', 'POz'], 'anatomy': ['frontopolar', 'frontopolar', 'frontal', 'frontal', 'central', 'central', 'parietal', 'parietal', 'occipital', 'occipital', 'frontal', 'frontal', 'temporal', 'temporal', 'frontal', 'central', 'parietal', 'occipital', 'fronto-central', 'fronto-central', 'centro-parietal', 'centro-parietal', 'fronto-central', 'fronto-central', 'centro-parietal', 'centro-parietal', 'temporo-parietal', 'temporo-parietal', 'parieto-occipital'], 'laterality': ['left', 'right', 'left', 'right', 'left', 'right', 'left', 'right', 'left', 'right', 'left', 'right', 'left', 'right', 'midline', 'midline', 'midline', 'midline', 'left', 'right', 'left', 'right', 'left', 'right', 'left', 'right', 'left', 'right', 'midline']}, 'frequencies': [(0.5, 4), (4, 8), (8, 13), (13, 30), (30, 40)]}, 'feature': array([[[4.37718746e-06, 4.63530633e-06, 2.05445127e-06, 3.02013141e-06,
         2.00212502e-07],
        [4.55023131e-06, 3.44865273e-06, 3.21414577e-06, 2.56531698e-05,
         6.68780116e-07],
        [4.60557678e-06, 3.47577528e-06, 3.73629734e-06, 3.96678290e-05,
         9.50533052e-07],
        ...,
        [4.17583089e-06, 1.11954693e-05, 5.97364404e-07, 8.24264400e-05,
         4.48507896e-06],
        [4.24490994e-06, 9.99996569e-06, 5.43487333e-07, 6.90420838e-05,
         3.90353630e-06],
        [4.25510818e-06, 7.58009012e-06, 8.53450057e-07, 3.62669249e-05,
         2.06293142e-06]],

       [[1.99523563e-06, 5.96255803e-07, 4.40288189e-06, 5.84599725e-06,
         3.18510510e-06],
        [2.12292323e-06, 2.78337213e-06, 6.75022246e-06, 2.37687562e-05,
         6.24083017e-06],
        [2.16026687e-06, 4.97265791e-06, 7.81119794e-06, 3.46565049e-05,
         7.32554236e-06],
        ...,
        [1.89717934e-06, 8.77757267e-06, 1.55631337e-06, 5.92488246e-05,
         3.03528628e-06],
        [1.94629250e-06, 7.10383637e-06, 1.25429369e-06, 4.87223949e-05,
         2.12030004e-06],
        [1.92810774e-06, 4.38537049e-06, 1.86899453e-06, 2.44514597e-05,
         3.89219733e-07]],

       [[4.37088670e-06, 6.24540318e-06, 3.77905443e-07, 4.61906558e-06,
         1.42710802e-06],
        [4.55832846e-06, 6.74389775e-06, 7.44955341e-07, 2.22965547e-05,
         4.17256627e-06],
        [4.61972802e-06, 6.72243388e-06, 9.42750837e-07, 3.32082762e-05,
         5.60705984e-06],
        ...,
        [4.15944766e-06, 6.88835486e-06, 3.68483371e-07, 6.11784519e-05,
         9.08152193e-06],
        [4.23763890e-06, 6.94430512e-06, 2.15492371e-07, 5.06671401e-05,
         7.52590175e-06],
        [4.24484903e-06, 6.35713558e-06, 1.08586845e-08, 2.58248245e-05,
         3.63889215e-06]],

       ...,

       [[2.09043583e-06, 2.43170089e-05, 3.76283308e-06, 7.74608444e-06,
         8.06109269e-06],
        [2.13259926e-06, 2.69335783e-05, 6.81247874e-06, 9.16475133e-06,
         1.77051659e-05],
        [2.14359351e-06, 2.71890154e-05, 8.44440725e-06, 7.68486194e-06,
         2.20578327e-05],
        ...,
        [2.05502920e-06, 2.46242737e-05, 3.81358133e-06, 1.64095905e-05,
         2.04546455e-05],
        [2.06637357e-06, 2.52155375e-05, 2.21586786e-06, 1.59369593e-05,
         1.60466501e-05],
        [2.06285356e-06, 2.36580771e-05, 1.59112928e-07, 1.08308252e-05,
         6.61956001e-06]],

       [[2.98607538e-07, 1.96454255e-05, 3.61053621e-06, 9.12573754e-06,
         3.20265368e-06],
        [2.86812448e-07, 2.18688197e-05, 6.05106803e-06, 2.18147436e-05,
         4.72794428e-06],
        [2.87052666e-07, 2.21127063e-05, 7.30182854e-06, 2.87923764e-05,
         4.31320388e-06],
        ...,
        [3.20873482e-07, 1.96903899e-05, 2.56402117e-06, 3.13374542e-05,
         7.43268913e-06],
        [3.15589241e-07, 2.02117022e-05, 1.32115711e-06, 2.42361250e-05,
         7.11719584e-06],
        [3.11588055e-07, 1.89962031e-05, 7.59836113e-07, 1.01771540e-05,
         4.29558026e-06]],

       [[5.75482416e-06, 9.88107020e-06, 1.34773318e-06, 9.67156280e-06,
         6.47996188e-06],
        [5.98494465e-06, 1.08194854e-05, 4.38664400e-06, 1.91814398e-05,
         1.15960454e-05],
        [6.05970921e-06, 1.08416984e-05, 6.38165878e-06, 2.37319182e-05,
         1.29011282e-05],
        ...,
        [5.48814158e-06, 1.03540571e-05, 8.69710325e-06, 1.69801802e-05,
         1.44671568e-06],
        [5.58169769e-06, 1.05122545e-05, 6.60887063e-06, 1.20366184e-05,
         2.69602020e-06],
        [5.59458289e-06, 9.77095940e-06, 3.09084366e-06, 3.31852055e-06,
         2.20615971e-06]]]), 'feature_info': ['Resampled from 250.0 Hz to 250 Hz', 'Cropped from 0.0s to 1469.924s', 'Reset time: 0.0s to 1469.924s', '5 low rank factorisation through SSD from 0.5 to 40 Hz', 'Envelope extracted'], 'mask': array([ True,  True,  True, ...,  True,  True,  True])}
No EOG channel found.
Fp1 and Fp2 will be used for EOG signal detection

saving into /data2/Projects/eeg_fmri_natview/chang_data/derivatives/sub-0032/ses-01/eeg/sub-0032_ses-01_task-MeRest_acq-mr0009_desc-SSDbandsEnv_eeg.pkl
{'time': array([0.000000e+00, 4.000000e-03, 8.000000e-03, ..., 1.470988e+03,
       1.470992e+03, 1.470996e+03]), 'labels': {'channels_info': {'index': [0, 1, 2, 3, 4, 5, 6, 7, 8, 9, 10, 11, 12, 13, 14, 15, 16, 17, 18, 19, 20, 21, 22, 23, 24, 25, 26, 27, 28], 'channel_name': ['Fp1', 'Fp2', 'F3', 'F4', 'C3', 'C4', 'P3', 'P4', 'O1', 'O2', 'F7', 'F8', 'T7', 'T8', 'Fz', 'Cz', 'Pz', 'Oz', 'FC1', 'FC2', 'CP1', 'CP2', 'FC5', 'FC6', 'CP5', 'CP6', 'TP9', 'TP10', 'POz'], 'anatomy': ['frontopolar', 'frontopolar', 'frontal', 'frontal', 'central', 'central', 'parietal', 'parietal', 'occipital', 'occipital', 'frontal', 'frontal', 'temporal', 'temporal', 'frontal', 'central', 'parietal', 'occipital', 'fronto-central', 'fronto-central', 'centro-parietal', 'centro-parietal', 'fronto-central', 'fronto-central', 'centro-parietal', 'centro-parietal', 'temporo-parietal', 'temporo-parietal', 'parieto-occipital'], 'laterality': ['left', 'right', 'left', 'right', 'left', 'right', 'left', 'right', 'left', 'right', 'left', 'right', 'left', 'right', 'midline', 'midline', 'midline', 'midline', 'left', 'right', 'left', 'right', 'left', 'right', 'left', 'right', 'left', 'right', 'midline']}, 'frequencies': [(0.5, 4), (4, 8), (8, 13), (13, 30), (30, 40)]}, 'feature': array([[[1.58259576e-05, 3.35176122e-05, 1.86778850e-05, 7.46315260e-05,
         3.28121778e-06],
        [1.67766836e-05, 4.24504363e-05, 2.50720774e-05, 1.19263543e-04,
         5.92617787e-06],
        [1.73164692e-05, 4.59346912e-05, 2.71753885e-05, 1.30587192e-04,
         6.59903261e-06],
        ...,
        [1.37883306e-05, 1.98670429e-05, 1.00379134e-05, 2.10316733e-05,
         5.70916679e-07],
        [1.43201351e-05, 2.30724549e-05, 1.21876887e-05, 3.21614159e-05,
         1.36083113e-06],
        [1.48632004e-05, 2.53353081e-05, 1.31347725e-05, 3.46384054e-05,
         1.13620674e-06]],

       [[7.54078261e-06, 2.75688068e-05, 2.59630193e-05, 7.64914493e-05,
         5.05438565e-06],
        [8.36882522e-06, 3.52159258e-05, 3.51985374e-05, 1.22053085e-04,
         9.18010561e-06],
        [8.77074954e-06, 3.82133269e-05, 3.82926952e-05, 1.33607347e-04,
         1.02723781e-05],
        ...,
        [5.91988458e-06, 1.59664197e-05, 1.32723948e-05, 2.16605790e-05,
         7.32492025e-07],
        [6.32432075e-06, 1.86757981e-05, 1.62968277e-05, 3.29679426e-05,
         1.89330490e-06],
        [6.71563928e-06, 2.05777804e-05, 1.78007284e-05, 3.55885580e-05,
         1.59827453e-06]],

       [[1.52692450e-05, 1.21593508e-05, 5.01910818e-06, 1.71905364e-05,
         1.81018676e-06],
        [1.63870220e-05, 1.51731508e-05, 7.06901570e-06, 2.74570854e-05,
         3.28448566e-06],
        [1.69645609e-05, 1.64046221e-05, 7.80034037e-06, 3.00784616e-05,
         3.66988775e-06],
        ...,
        [1.29540560e-05, 7.29033817e-06, 2.17307145e-06, 4.84510191e-06,
         2.62777829e-07],
        [1.35530678e-05, 8.41760813e-06, 2.78555896e-06, 7.64363981e-06,
         6.76633522e-07],
        [1.41426424e-05, 9.32254755e-06, 3.15523337e-06, 8.15277186e-06,
         5.71685500e-07]],

       ...,

       [[2.27375670e-05, 6.43255988e-05, 2.58574813e-05, 7.38832828e-05,
         1.62735915e-05],
        [2.42961498e-05, 8.16934521e-05, 3.54321519e-05, 1.17864597e-04,
         2.96890478e-05],
        [2.51370606e-05, 8.85917459e-05, 3.86333413e-05, 1.28949303e-04,
         3.33052633e-05],
        ...,
        [1.94548348e-05, 3.74460857e-05, 1.27436540e-05, 2.09471983e-05,
         2.33590412e-06],
        [2.03122172e-05, 4.37030910e-05, 1.57958413e-05, 3.15162181e-05,
         5.56586292e-06],
        [2.11653949e-05, 4.82996323e-05, 1.73434355e-05, 3.41471619e-05,
         4.68065275e-06]],

       [[2.54741686e-05, 4.38016671e-05, 1.13179406e-05, 3.19350244e-05,
         8.87624855e-06],
        [2.72001919e-05, 5.53889234e-05, 1.53618403e-05, 5.08997946e-05,
         1.62069459e-05],
        [2.80673677e-05, 6.00072654e-05, 1.66328728e-05, 5.56888970e-05,
         1.81870261e-05],
        ...,
        [2.18930368e-05, 2.57063844e-05, 6.04288686e-06, 9.17514760e-06,
         1.32176612e-06],
        [2.28178526e-05, 2.99272011e-05, 7.37690387e-06, 1.36539941e-05,
         2.95821593e-06],
        [2.37258638e-05, 3.30732393e-05, 7.86567365e-06, 1.47778312e-05,
         2.48012629e-06]],

       [[8.72625799e-06, 3.99615604e-05, 1.70977142e-05, 4.83754407e-05,
         4.88821144e-06],
        [9.29048290e-06, 5.08046841e-05, 2.33771812e-05, 7.71229259e-05,
         8.95384005e-06],
        [9.60901860e-06, 5.51234530e-05, 2.54203110e-05, 8.43093031e-05,
         1.00769938e-05],
        ...,
        [7.52118188e-06, 2.31219065e-05, 8.71578430e-06, 1.37262379e-05,
         7.07540942e-07],
        [7.83830893e-06, 2.70267862e-05, 1.07445846e-05, 2.08423792e-05,
         1.61674795e-06],
        [8.15744125e-06, 2.99292946e-05, 1.16255257e-05, 2.25105890e-05,
         1.34996916e-06]]]), 'feature_info': ['Resampled from 250.0 Hz to 250 Hz', 'Cropped from 0.0s to 1469.928s', 'Reset time: 0.0s to 1469.928s', '5 low rank factorisation through SSD from 0.5 to 40 Hz', 'Envelope extracted'], 'mask': array([ True,  True,  True, ...,  True,  True,  True])}
