Extracting EDF parameters from /data2/Projects/eeg_fmri_natview/chang_data/raw/sub-0010/ses-01/eeg/sub-0010_ses-01_task-MeRest_acq-mr0009_eeg.edf...
EDF file detected
Setting channel info structure...
Creating raw.info structure...
Reading 0 ... 367499  =      0.000 ...  1469.996 secs...
Sampling frequency of the instance is already 250.0, returning unmodified.
Filtering raw data in 1 contiguous segment
Setting up band-pass filter from 1 - 30 Hz

FIR filter parameters
---------------------
Designing a one-pass, zero-phase, non-causal bandpass filter:
- Windowed time-domain design (firwin) method
- Hamming window with 0.0194 passband ripple and 53 dB stopband attenuation
- Lower passband edge: 1.00
- Lower transition bandwidth: 1.00 Hz (-6 dB cutoff frequency: 0.50 Hz)
- Upper passband edge: 30.00 Hz
- Upper transition bandwidth: 7.50 Hz (-6 dB cutoff frequency: 33.75 Hz)
- Filter length: 825 samples (3.300 s)

[Parallel(n_jobs=1)]: Done  17 tasks      | elapsed:    0.1s
NOTE: pick_channels() is a legacy function. New code should use inst.pick(...).
Not setting metadata
700 matching events found
Setting baseline interval to [-10.0, 0.0] s
Applying baseline correction (mode: mean)
0 projection items activated
Using data from preloaded Raw for 700 events and 2501 original time points ...
5 bad epochs dropped
Extracting EDF parameters from /data2/Projects/eeg_fmri_natview/chang_data/raw/sub-0010/ses-01/eeg/sub-0010_ses-01_task-MeRest_acq-mr0015_eeg.edf...
EDF file detected
Setting channel info structure...
Creating raw.info structure...
Reading 0 ... 367499  =      0.000 ...  1469.996 secs...
Sampling frequency of the instance is already 250.0, returning unmodified.
Filtering raw data in 1 contiguous segment
Setting up band-pass filter from 1 - 30 Hz

FIR filter parameters
---------------------
Designing a one-pass, zero-phase, non-causal bandpass filter:
- Windowed time-domain design (firwin) method
- Hamming window with 0.0194 passband ripple and 53 dB stopband attenuation
- Lower passband edge: 1.00
- Lower transition bandwidth: 1.00 Hz (-6 dB cutoff frequency: 0.50 Hz)
- Upper passband edge: 30.00 Hz
- Upper transition bandwidth: 7.50 Hz (-6 dB cutoff frequency: 33.75 Hz)
- Filter length: 825 samples (3.300 s)

[Parallel(n_jobs=1)]: Done  17 tasks      | elapsed:    0.1s
NOTE: pick_channels() is a legacy function. New code should use inst.pick(...).
Not setting metadata
700 matching events found
Setting baseline interval to [-10.0, 0.0] s
Applying baseline correction (mode: mean)
0 projection items activated
Using data from preloaded Raw for 700 events and 2501 original time points ...
5 bad epochs dropped
Extracting EDF parameters from /data2/Projects/eeg_fmri_natview/chang_data/raw/sub-0012/ses-01/eeg/sub-0012_ses-01_task-MeRest_acq-mr0012_eeg.edf...
EDF file detected
Setting channel info structure...
Creating raw.info structure...
Reading 0 ... 367749  =      0.000 ...  1470.996 secs...
Sampling frequency of the instance is already 250.0, returning unmodified.
Filtering raw data in 1 contiguous segment
Setting up band-pass filter from 1 - 30 Hz

FIR filter parameters
---------------------
Designing a one-pass, zero-phase, non-causal bandpass filter:
- Windowed time-domain design (firwin) method
- Hamming window with 0.0194 passband ripple and 53 dB stopband attenuation
- Lower passband edge: 1.00
- Lower transition bandwidth: 1.00 Hz (-6 dB cutoff frequency: 0.50 Hz)
- Upper passband edge: 30.00 Hz
- Upper transition bandwidth: 7.50 Hz (-6 dB cutoff frequency: 33.75 Hz)
- Filter length: 825 samples (3.300 s)

[Parallel(n_jobs=1)]: Done  17 tasks      | elapsed:    0.1s
NOTE: pick_channels() is a legacy function. New code should use inst.pick(...).
Not setting metadata
700 matching events found
Setting baseline interval to [-10.0, 0.0] s
Applying baseline correction (mode: mean)
0 projection items activated
Using data from preloaded Raw for 700 events and 2501 original time points ...
5 bad epochs dropped
Extracting EDF parameters from /data2/Projects/eeg_fmri_natview/chang_data/raw/sub-0012/ses-01/eeg/sub-0012_ses-01_task-MeRest_acq-mr0018_eeg.edf...
EDF file detected
Setting channel info structure...
Creating raw.info structure...
Reading 0 ... 367749  =      0.000 ...  1470.996 secs...
Sampling frequency of the instance is already 250.0, returning unmodified.
Filtering raw data in 1 contiguous segment
Setting up band-pass filter from 1 - 30 Hz

FIR filter parameters
---------------------
Designing a one-pass, zero-phase, non-causal bandpass filter:
- Windowed time-domain design (firwin) method
- Hamming window with 0.0194 passband ripple and 53 dB stopband attenuation
- Lower passband edge: 1.00
- Lower transition bandwidth: 1.00 Hz (-6 dB cutoff frequency: 0.50 Hz)
- Upper passband edge: 30.00 Hz
- Upper transition bandwidth: 7.50 Hz (-6 dB cutoff frequency: 33.75 Hz)
- Filter length: 825 samples (3.300 s)

[Parallel(n_jobs=1)]: Done  17 tasks      | elapsed:    0.1s
NOTE: pick_channels() is a legacy function. New code should use inst.pick(...).
Not setting metadata
700 matching events found
Setting baseline interval to [-10.0, 0.0] s
Applying baseline correction (mode: mean)
0 projection items activated
Using data from preloaded Raw for 700 events and 2501 original time points ...
5 bad epochs dropped
Extracting EDF parameters from /data2/Projects/eeg_fmri_natview/chang_data/raw/sub-0014/ses-01/eeg/sub-0014_ses-01_task-MeRest_acq-mr0012_eeg.edf...
EDF file detected
Setting channel info structure...
Creating raw.info structure...
Reading 0 ... 367749  =      0.000 ...  1470.996 secs...
Sampling frequency of the instance is already 250.0, returning unmodified.
Filtering raw data in 1 contiguous segment
Setting up band-pass filter from 1 - 30 Hz

FIR filter parameters
---------------------
Designing a one-pass, zero-phase, non-causal bandpass filter:
- Windowed time-domain design (firwin) method
- Hamming window with 0.0194 passband ripple and 53 dB stopband attenuation
- Lower passband edge: 1.00
- Lower transition bandwidth: 1.00 Hz (-6 dB cutoff frequency: 0.50 Hz)
- Upper passband edge: 30.00 Hz
- Upper transition bandwidth: 7.50 Hz (-6 dB cutoff frequency: 33.75 Hz)
- Filter length: 825 samples (3.300 s)

[Parallel(n_jobs=1)]: Done  17 tasks      | elapsed:    0.1s
NOTE: pick_channels() is a legacy function. New code should use inst.pick(...).
Not setting metadata
700 matching events found
Setting baseline interval to [-10.0, 0.0] s
Applying baseline correction (mode: mean)
0 projection items activated
Using data from preloaded Raw for 700 events and 2501 original time points ...
5 bad epochs dropped
Extracting EDF parameters from /data2/Projects/eeg_fmri_natview/chang_data/raw/sub-0014/ses-01/eeg/sub-0014_ses-01_task-MeRest_acq-mr0018_eeg.edf...
EDF file detected
Setting channel info structure...
Creating raw.info structure...
Reading 0 ... 367749  =      0.000 ...  1470.996 secs...
Sampling frequency of the instance is already 250.0, returning unmodified.
Filtering raw data in 1 contiguous segment
Setting up band-pass filter from 1 - 30 Hz

FIR filter parameters
---------------------
Designing a one-pass, zero-phase, non-causal bandpass filter:
- Windowed time-domain design (firwin) method
- Hamming window with 0.0194 passband ripple and 53 dB stopband attenuation
- Lower passband edge: 1.00
- Lower transition bandwidth: 1.00 Hz (-6 dB cutoff frequency: 0.50 Hz)
- Upper passband edge: 30.00 Hz
- Upper transition bandwidth: 7.50 Hz (-6 dB cutoff frequency: 33.75 Hz)
- Filter length: 825 samples (3.300 s)

[Parallel(n_jobs=1)]: Done  17 tasks      | elapsed:    0.1s
NOTE: pick_channels() is a legacy function. New code should use inst.pick(...).
Not setting metadata
700 matching events found
Setting baseline interval to [-10.0, 0.0] s
Applying baseline correction (mode: mean)
0 projection items activated
Using data from preloaded Raw for 700 events and 2501 original time points ...
5 bad epochs dropped
Extracting EDF parameters from /data2/Projects/eeg_fmri_natview/chang_data/raw/sub-0016/ses-01/eeg/sub-0016_ses-01_task-MeRest_acq-mr0015_eeg.edf...
EDF file detected
Setting channel info structure...
Creating raw.info structure...
Reading 0 ... 367499  =      0.000 ...  1469.996 secs...
Sampling frequency of the instance is already 250.0, returning unmodified.
Filtering raw data in 1 contiguous segment
Setting up band-pass filter from 1 - 30 Hz

FIR filter parameters
---------------------
Designing a one-pass, zero-phase, non-causal bandpass filter:
- Windowed time-domain design (firwin) method
- Hamming window with 0.0194 passband ripple and 53 dB stopband attenuation
- Lower passband edge: 1.00
- Lower transition bandwidth: 1.00 Hz (-6 dB cutoff frequency: 0.50 Hz)
- Upper passband edge: 30.00 Hz
- Upper transition bandwidth: 7.50 Hz (-6 dB cutoff frequency: 33.75 Hz)
- Filter length: 825 samples (3.300 s)

[Parallel(n_jobs=1)]: Done  17 tasks      | elapsed:    0.1s
NOTE: pick_channels() is a legacy function. New code should use inst.pick(...).
Not setting metadata
700 matching events found
Setting baseline interval to [-10.0, 0.0] s
Applying baseline correction (mode: mean)
0 projection items activated
Using data from preloaded Raw for 700 events and 2501 original time points ...
5 bad epochs dropped
Extracting EDF parameters from /data2/Projects/eeg_fmri_natview/chang_data/raw/sub-0016/ses-01/eeg/sub-0016_ses-01_task-MeRest_acq-mr0006_eeg.edf...
EDF file detected
Setting channel info structure...
Creating raw.info structure...
Reading 0 ... 367749  =      0.000 ...  1470.996 secs...
Sampling frequency of the instance is already 250.0, returning unmodified.
Filtering raw data in 1 contiguous segment
Setting up band-pass filter from 1 - 30 Hz

FIR filter parameters
---------------------
Designing a one-pass, zero-phase, non-causal bandpass filter:
- Windowed time-domain design (firwin) method
- Hamming window with 0.0194 passband ripple and 53 dB stopband attenuation
- Lower passband edge: 1.00
- Lower transition bandwidth: 1.00 Hz (-6 dB cutoff frequency: 0.50 Hz)
- Upper passband edge: 30.00 Hz
- Upper transition bandwidth: 7.50 Hz (-6 dB cutoff frequency: 33.75 Hz)
- Filter length: 825 samples (3.300 s)

[Parallel(n_jobs=1)]: Done  17 tasks      | elapsed:    0.1s
NOTE: pick_channels() is a legacy function. New code should use inst.pick(...).
Not setting metadata
700 matching events found
Setting baseline interval to [-10.0, 0.0] s
Applying baseline correction (mode: mean)
0 projection items activated
Using data from preloaded Raw for 700 events and 2501 original time points ...
5 bad epochs dropped
Extracting EDF parameters from /data2/Projects/eeg_fmri_natview/chang_data/raw/sub-0021/ses-01/eeg/sub-0021_ses-01_task-MeRest_acq-mr0012_eeg.edf...
EDF file detected
Setting channel info structure...
Creating raw.info structure...
Reading 0 ... 367749  =      0.000 ...  1470.996 secs...
Sampling frequency of the instance is already 250.0, returning unmodified.
Filtering raw data in 1 contiguous segment
Setting up band-pass filter from 1 - 30 Hz

FIR filter parameters
---------------------
Designing a one-pass, zero-phase, non-causal bandpass filter:
- Windowed time-domain design (firwin) method
- Hamming window with 0.0194 passband ripple and 53 dB stopband attenuation
- Lower passband edge: 1.00
- Lower transition bandwidth: 1.00 Hz (-6 dB cutoff frequency: 0.50 Hz)
- Upper passband edge: 30.00 Hz
- Upper transition bandwidth: 7.50 Hz (-6 dB cutoff frequency: 33.75 Hz)
- Filter length: 825 samples (3.300 s)

[Parallel(n_jobs=1)]: Done  17 tasks      | elapsed:    0.1s
NOTE: pick_channels() is a legacy function. New code should use inst.pick(...).
Not setting metadata
700 matching events found
Setting baseline interval to [-10.0, 0.0] s
Applying baseline correction (mode: mean)
0 projection items activated
Using data from preloaded Raw for 700 events and 2501 original time points ...
5 bad epochs dropped
Extracting EDF parameters from /data2/Projects/eeg_fmri_natview/chang_data/raw/sub-0027/ses-01/eeg/sub-0027_ses-01_task-MeRest_acq-mr0009_eeg.edf...
EDF file detected
Setting channel info structure...
Creating raw.info structure...
Reading 0 ... 367499  =      0.000 ...  1469.996 secs...
Sampling frequency of the instance is already 250.0, returning unmodified.
Filtering raw data in 1 contiguous segment
Setting up band-pass filter from 1 - 30 Hz

FIR filter parameters
---------------------
Designing a one-pass, zero-phase, non-causal bandpass filter:
- Windowed time-domain design (firwin) method
- Hamming window with 0.0194 passband ripple and 53 dB stopband attenuation
- Lower passband edge: 1.00
- Lower transition bandwidth: 1.00 Hz (-6 dB cutoff frequency: 0.50 Hz)
- Upper passband edge: 30.00 Hz
- Upper transition bandwidth: 7.50 Hz (-6 dB cutoff frequency: 33.75 Hz)
- Filter length: 825 samples (3.300 s)

[Parallel(n_jobs=1)]: Done  17 tasks      | elapsed:    0.1s
NOTE: pick_channels() is a legacy function. New code should use inst.pick(...).
Not setting metadata
700 matching events found
Setting baseline interval to [-10.0, 0.0] s
Applying baseline correction (mode: mean)
0 projection items activated
Using data from preloaded Raw for 700 events and 2501 original time points ...
5 bad epochs dropped
Extracting EDF parameters from /data2/Projects/eeg_fmri_natview/chang_data/raw/sub-0028/ses-01/eeg/sub-0028_ses-01_task-MeRest_acq-mr0012_eeg.edf...
EDF file detected
Setting channel info structure...
Creating raw.info structure...
Reading 0 ... 367499  =      0.000 ...  1469.996 secs...
Sampling frequency of the instance is already 250.0, returning unmodified.
Filtering raw data in 1 contiguous segment
Setting up band-pass filter from 1 - 30 Hz

FIR filter parameters
---------------------
Designing a one-pass, zero-phase, non-causal bandpass filter:
- Windowed time-domain design (firwin) method
- Hamming window with 0.0194 passband ripple and 53 dB stopband attenuation
- Lower passband edge: 1.00
- Lower transition bandwidth: 1.00 Hz (-6 dB cutoff frequency: 0.50 Hz)
- Upper passband edge: 30.00 Hz
- Upper transition bandwidth: 7.50 Hz (-6 dB cutoff frequency: 33.75 Hz)
- Filter length: 825 samples (3.300 s)

[Parallel(n_jobs=1)]: Done  17 tasks      | elapsed:    0.1s
NOTE: pick_channels() is a legacy function. New code should use inst.pick(...).
Not setting metadata
700 matching events found
Setting baseline interval to [-10.0, 0.0] s
Applying baseline correction (mode: mean)
0 projection items activated
Using data from preloaded Raw for 700 events and 2501 original time points ...
5 bad epochs dropped
Extracting EDF parameters from /data2/Projects/eeg_fmri_natview/chang_data/raw/sub-0029/ses-01/eeg/sub-0029_ses-01_task-MeRest_acq-mr0012_eeg.edf...
EDF file detected
Setting channel info structure...
Creating raw.info structure...
Reading 0 ... 367499  =      0.000 ...  1469.996 secs...
Sampling frequency of the instance is already 250.0, returning unmodified.
Filtering raw data in 1 contiguous segment
Setting up band-pass filter from 1 - 30 Hz

FIR filter parameters
---------------------
Designing a one-pass, zero-phase, non-causal bandpass filter:
- Windowed time-domain design (firwin) method
- Hamming window with 0.0194 passband ripple and 53 dB stopband attenuation
- Lower passband edge: 1.00
- Lower transition bandwidth: 1.00 Hz (-6 dB cutoff frequency: 0.50 Hz)
- Upper passband edge: 30.00 Hz
- Upper transition bandwidth: 7.50 Hz (-6 dB cutoff frequency: 33.75 Hz)
- Filter length: 825 samples (3.300 s)

[Parallel(n_jobs=1)]: Done  17 tasks      | elapsed:    0.1s
NOTE: pick_channels() is a legacy function. New code should use inst.pick(...).
Not setting metadata
700 matching events found
Setting baseline interval to [-10.0, 0.0] s
Applying baseline correction (mode: mean)
0 projection items activated
Using data from preloaded Raw for 700 events and 2501 original time points ...
5 bad epochs dropped
Extracting EDF parameters from /data2/Projects/eeg_fmri_natview/chang_data/raw/sub-0030/ses-01/eeg/sub-0030_ses-01_task-MeRest_acq-mr0009_eeg.edf...
EDF file detected
Setting channel info structure...
Creating raw.info structure...
Reading 0 ... 367499  =      0.000 ...  1469.996 secs...
Sampling frequency of the instance is already 250.0, returning unmodified.
Filtering raw data in 1 contiguous segment
Setting up band-pass filter from 1 - 30 Hz

FIR filter parameters
---------------------
Designing a one-pass, zero-phase, non-causal bandpass filter:
- Windowed time-domain design (firwin) method
- Hamming window with 0.0194 passband ripple and 53 dB stopband attenuation
- Lower passband edge: 1.00
- Lower transition bandwidth: 1.00 Hz (-6 dB cutoff frequency: 0.50 Hz)
- Upper passband edge: 30.00 Hz
- Upper transition bandwidth: 7.50 Hz (-6 dB cutoff frequency: 33.75 Hz)
- Filter length: 825 samples (3.300 s)

[Parallel(n_jobs=1)]: Done  17 tasks      | elapsed:    0.1s
NOTE: pick_channels() is a legacy function. New code should use inst.pick(...).
Not setting metadata
700 matching events found
Setting baseline interval to [-10.0, 0.0] s
Applying baseline correction (mode: mean)
0 projection items activated
Using data from preloaded Raw for 700 events and 2501 original time points ...
5 bad epochs dropped
Extracting EDF parameters from /data2/Projects/eeg_fmri_natview/chang_data/raw/sub-0031/ses-01/eeg/sub-0031_ses-01_task-MeRest_acq-mr0015_eeg.edf...
EDF file detected
Setting channel info structure...
Creating raw.info structure...
Reading 0 ... 367499  =      0.000 ...  1469.996 secs...
Sampling frequency of the instance is already 250.0, returning unmodified.
Filtering raw data in 1 contiguous segment
Setting up band-pass filter from 1 - 30 Hz

FIR filter parameters
---------------------
Designing a one-pass, zero-phase, non-causal bandpass filter:
- Windowed time-domain design (firwin) method
- Hamming window with 0.0194 passband ripple and 53 dB stopband attenuation
- Lower passband edge: 1.00
- Lower transition bandwidth: 1.00 Hz (-6 dB cutoff frequency: 0.50 Hz)
- Upper passband edge: 30.00 Hz
- Upper transition bandwidth: 7.50 Hz (-6 dB cutoff frequency: 33.75 Hz)
- Filter length: 825 samples (3.300 s)

[Parallel(n_jobs=1)]: Done  17 tasks      | elapsed:    0.1s
NOTE: pick_channels() is a legacy function. New code should use inst.pick(...).
Not setting metadata
700 matching events found
Setting baseline interval to [-10.0, 0.0] s
Applying baseline correction (mode: mean)
0 projection items activated
Using data from preloaded Raw for 700 events and 2501 original time points ...
5 bad epochs dropped
Extracting EDF parameters from /data2/Projects/eeg_fmri_natview/chang_data/raw/sub-0032/ses-01/eeg/sub-0032_ses-01_task-MeRest_acq-mr0009_eeg.edf...
EDF file detected
Setting channel info structure...
Creating raw.info structure...
Reading 0 ... 367749  =      0.000 ...  1470.996 secs...
Sampling frequency of the instance is already 250.0, returning unmodified.
Filtering raw data in 1 contiguous segment
Setting up band-pass filter from 1 - 30 Hz

FIR filter parameters
---------------------
Designing a one-pass, zero-phase, non-causal bandpass filter:
- Windowed time-domain design (firwin) method
- Hamming window with 0.0194 passband ripple and 53 dB stopband attenuation
- Lower passband edge: 1.00
- Lower transition bandwidth: 1.00 Hz (-6 dB cutoff frequency: 0.50 Hz)
- Upper passband edge: 30.00 Hz
- Upper transition bandwidth: 7.50 Hz (-6 dB cutoff frequency: 33.75 Hz)
- Filter length: 825 samples (3.300 s)

[Parallel(n_jobs=1)]: Done  17 tasks      | elapsed:    0.1s
NOTE: pick_channels() is a legacy function. New code should use inst.pick(...).
Not setting metadata
700 matching events found
Setting baseline interval to [-10.0, 0.0] s
Applying baseline correction (mode: mean)
0 projection items activated
Using data from preloaded Raw for 700 events and 2501 original time points ...
5 bad epochs dropped
[Parallel(n_jobs=-1)]: Using backend LokyBackend with 128 concurrent workers.
dict_keys(['Covariances', 'SVC'])
[Parallel(n_jobs=-1)]: Done   2 out of  11 | elapsed:   55.9s remaining:  4.2min
[Parallel(n_jobs=-1)]: Done   5 out of  11 | elapsed:  1.3min remaining:  1.5min
[Parallel(n_jobs=-1)]: Done   8 out of  11 | elapsed:  1.8min remaining:   39.8s
[Parallel(n_jobs=-1)]: Done  11 out of  11 | elapsed:  2.3min finished
[Parallel(n_jobs=-1)]: Using backend LokyBackend with 128 concurrent workers.
/home/slouviot/miniconda3/envs/mne/lib/python3.12/site-packages/sklearn/linear_model/_logistic.py:465: ConvergenceWarning: lbfgs failed to converge (status=1):
STOP: TOTAL NO. of ITERATIONS REACHED LIMIT.

Increase the number of iterations (max_iter) or scale the data as shown in:
    https://scikit-learn.org/stable/modules/preprocessing.html
Please also refer to the documentation for alternative solver options:
    https://scikit-learn.org/stable/modules/linear_model.html#logistic-regression
  n_iter_i = _check_optimize_result(
/home/slouviot/miniconda3/envs/mne/lib/python3.12/site-packages/sklearn/linear_model/_logistic.py:465: ConvergenceWarning: lbfgs failed to converge (status=1):
STOP: TOTAL NO. of ITERATIONS REACHED LIMIT.

Increase the number of iterations (max_iter) or scale the data as shown in:
    https://scikit-learn.org/stable/modules/preprocessing.html
Please also refer to the documentation for alternative solver options:
    https://scikit-learn.org/stable/modules/linear_model.html#logistic-regression
  n_iter_i = _check_optimize_result(
[Parallel(n_jobs=-1)]: Done   2 out of  11 | elapsed:   45.2s remaining:  3.4min
/home/slouviot/miniconda3/envs/mne/lib/python3.12/site-packages/sklearn/linear_model/_logistic.py:465: ConvergenceWarning: lbfgs failed to converge (status=1):
STOP: TOTAL NO. of ITERATIONS REACHED LIMIT.

Increase the number of iterations (max_iter) or scale the data as shown in:
    https://scikit-learn.org/stable/modules/preprocessing.html
Please also refer to the documentation for alternative solver options:
    https://scikit-learn.org/stable/modules/linear_model.html#logistic-regression
  n_iter_i = _check_optimize_result(
/home/slouviot/miniconda3/envs/mne/lib/python3.12/site-packages/sklearn/linear_model/_logistic.py:465: ConvergenceWarning: lbfgs failed to converge (status=1):
STOP: TOTAL NO. of ITERATIONS REACHED LIMIT.

Increase the number of iterations (max_iter) or scale the data as shown in:
    https://scikit-learn.org/stable/modules/preprocessing.html
Please also refer to the documentation for alternative solver options:
    https://scikit-learn.org/stable/modules/linear_model.html#logistic-regression
  n_iter_i = _check_optimize_result(
/home/slouviot/miniconda3/envs/mne/lib/python3.12/site-packages/sklearn/linear_model/_logistic.py:465: ConvergenceWarning: lbfgs failed to converge (status=1):
STOP: TOTAL NO. of ITERATIONS REACHED LIMIT.

Increase the number of iterations (max_iter) or scale the data as shown in:
    https://scikit-learn.org/stable/modules/preprocessing.html
Please also refer to the documentation for alternative solver options:
    https://scikit-learn.org/stable/modules/linear_model.html#logistic-regression
  n_iter_i = _check_optimize_result(
[Parallel(n_jobs=-1)]: Done   5 out of  11 | elapsed:  1.2min remaining:  1.5min
/home/slouviot/miniconda3/envs/mne/lib/python3.12/site-packages/sklearn/linear_model/_logistic.py:465: ConvergenceWarning: lbfgs failed to converge (status=1):
STOP: TOTAL NO. of ITERATIONS REACHED LIMIT.

Increase the number of iterations (max_iter) or scale the data as shown in:
    https://scikit-learn.org/stable/modules/preprocessing.html
Please also refer to the documentation for alternative solver options:
    https://scikit-learn.org/stable/modules/linear_model.html#logistic-regression
  n_iter_i = _check_optimize_result(
/home/slouviot/miniconda3/envs/mne/lib/python3.12/site-packages/sklearn/linear_model/_logistic.py:465: ConvergenceWarning: lbfgs failed to converge (status=1):
STOP: TOTAL NO. of ITERATIONS REACHED LIMIT.

Increase the number of iterations (max_iter) or scale the data as shown in:
    https://scikit-learn.org/stable/modules/preprocessing.html
Please also refer to the documentation for alternative solver options:
    https://scikit-learn.org/stable/modules/linear_model.html#logistic-regression
  n_iter_i = _check_optimize_result(
/home/slouviot/miniconda3/envs/mne/lib/python3.12/site-packages/sklearn/linear_model/_logistic.py:465: ConvergenceWarning: lbfgs failed to converge (status=1):
STOP: TOTAL NO. of ITERATIONS REACHED LIMIT.

Increase the number of iterations (max_iter) or scale the data as shown in:
    https://scikit-learn.org/stable/modules/preprocessing.html
Please also refer to the documentation for alternative solver options:
    https://scikit-learn.org/stable/modules/linear_model.html#logistic-regression
  n_iter_i = _check_optimize_result(
[Parallel(n_jobs=-1)]: Done   8 out of  11 | elapsed:  1.7min remaining:   38.2s
/home/slouviot/miniconda3/envs/mne/lib/python3.12/site-packages/sklearn/linear_model/_logistic.py:465: ConvergenceWarning: lbfgs failed to converge (status=1):
STOP: TOTAL NO. of ITERATIONS REACHED LIMIT.

Increase the number of iterations (max_iter) or scale the data as shown in:
    https://scikit-learn.org/stable/modules/preprocessing.html
Please also refer to the documentation for alternative solver options:
    https://scikit-learn.org/stable/modules/linear_model.html#logistic-regression
  n_iter_i = _check_optimize_result(
/home/slouviot/miniconda3/envs/mne/lib/python3.12/site-packages/sklearn/linear_model/_logistic.py:465: ConvergenceWarning: lbfgs failed to converge (status=1):
STOP: TOTAL NO. of ITERATIONS REACHED LIMIT.

Increase the number of iterations (max_iter) or scale the data as shown in:
    https://scikit-learn.org/stable/modules/preprocessing.html
Please also refer to the documentation for alternative solver options:
    https://scikit-learn.org/stable/modules/linear_model.html#logistic-regression
  n_iter_i = _check_optimize_result(
/home/slouviot/miniconda3/envs/mne/lib/python3.12/site-packages/sklearn/linear_model/_logistic.py:465: ConvergenceWarning: lbfgs failed to converge (status=1):
STOP: TOTAL NO. of ITERATIONS REACHED LIMIT.

Increase the number of iterations (max_iter) or scale the data as shown in:
    https://scikit-learn.org/stable/modules/preprocessing.html
Please also refer to the documentation for alternative solver options:
    https://scikit-learn.org/stable/modules/linear_model.html#logistic-regression
  n_iter_i = _check_optimize_result(
[Parallel(n_jobs=-1)]: Done  11 out of  11 | elapsed:  2.2min finished
[Parallel(n_jobs=-1)]: Using backend LokyBackend with 128 concurrent workers.
[Parallel(n_jobs=-1)]: Done   2 out of  11 | elapsed:   46.0s remaining:  3.5min
[Parallel(n_jobs=-1)]: Done   5 out of  11 | elapsed:  1.3min remaining:  1.6min
[Parallel(n_jobs=-1)]: Done   8 out of  11 | elapsed:  1.7min remaining:   38.5s
[Parallel(n_jobs=-1)]: Done  11 out of  11 | elapsed:  2.3min finished
[Parallel(n_jobs=-1)]: Using backend LokyBackend with 128 concurrent workers.
dict_keys(['Covariances', 'TSclassifier'])
dict_keys(['Covariances', 'CSP', 'SVC'])
dict_keys(['Covariances', 'CSP', 'TSclassifier'])
[Parallel(n_jobs=-1)]: Done   2 out of  11 | elapsed:   40.4s remaining:  3.0min
[Parallel(n_jobs=-1)]: Done   5 out of  11 | elapsed:  1.3min remaining:  1.6min
[Parallel(n_jobs=-1)]: Done   8 out of  11 | elapsed:  1.7min remaining:   38.5s
[Parallel(n_jobs=-1)]: Done  11 out of  11 | elapsed:  2.2min finished
[Parallel(n_jobs=-1)]: Using backend LokyBackend with 128 concurrent workers.
/home/slouviot/miniconda3/envs/mne/lib/python3.12/site-packages/pyriemann/utils/base.py:18: RuntimeWarning: invalid value encountered in sqrt
  eigvals = operator(eigvals)
/home/slouviot/miniconda3/envs/mne/lib/python3.12/site-packages/pyriemann/utils/base.py:73: RuntimeWarning: invalid value encountered in sqrt
  def isqrt(x): return 1. / np.sqrt(x)
dict_keys(['Covariances', 'Zscore_scale', 'SVC'])
joblib.externals.loky.process_executor._RemoteTraceback: 
"""
Traceback (most recent call last):
  File "/home/slouviot/miniconda3/envs/mne/lib/python3.12/site-packages/joblib/externals/loky/process_executor.py", line 463, in _process_worker
    r = call_item()
        ^^^^^^^^^^^
  File "/home/slouviot/miniconda3/envs/mne/lib/python3.12/site-packages/joblib/externals/loky/process_executor.py", line 291, in __call__
    return self.fn(*self.args, **self.kwargs)
           ^^^^^^^^^^^^^^^^^^^^^^^^^^^^^^^^^^
  File "/home/slouviot/miniconda3/envs/mne/lib/python3.12/site-packages/joblib/parallel.py", line 598, in __call__
    return [func(*args, **kwargs)
            ^^^^^^^^^^^^^^^^^^^^^
  File "/home/slouviot/miniconda3/envs/mne/lib/python3.12/site-packages/mne/parallel.py", line 127, in run_verbose
    return func(*args, **kwargs)
           ^^^^^^^^^^^^^^^^^^^^^
  File "<decorator-gen-6>", line 12, in _fit_and_score
  File "/home/slouviot/miniconda3/envs/mne/lib/python3.12/site-packages/mne/decoding/base.py", line 471, in _fit_and_score
    estimator.fit(X_train, y_train, **fit_params)
  File "/home/slouviot/miniconda3/envs/mne/lib/python3.12/site-packages/sklearn/base.py", line 1389, in wrapper
    return fit_method(estimator, *args, **kwargs)
           ^^^^^^^^^^^^^^^^^^^^^^^^^^^^^^^^^^^^^^
  File "/home/slouviot/miniconda3/envs/mne/lib/python3.12/site-packages/sklearn/pipeline.py", line 660, in fit
    self._final_estimator.fit(Xt, y, **last_step_params["fit"])
  File "/home/slouviot/miniconda3/envs/mne/lib/python3.12/site-packages/pyriemann/classification.py", line 793, in fit
    self._set_cref(X)
  File "/home/slouviot/miniconda3/envs/mne/lib/python3.12/site-packages/pyriemann/classification.py", line 800, in _set_cref
    self.Cref_ = mean_covariance(X, metric=self.metric)
                 ^^^^^^^^^^^^^^^^^^^^^^^^^^^^^^^^^^^^^^
  File "/home/slouviot/miniconda3/envs/mne/lib/python3.12/site-packages/pyriemann/utils/mean.py", line 773, in mean_covariance
    M = mean_function(
        ^^^^^^^^^^^^^^
  File "/home/slouviot/miniconda3/envs/mne/lib/python3.12/site-packages/pyriemann/utils/mean.py", line 628, in mean_riemann
    J = np.einsum("a,abc->bc", sample_weight, logm(Mm12 @ X @ Mm12))
                                              ^^^^^^^^^^^^^^^^^^^^^
  File "/home/slouviot/miniconda3/envs/mne/lib/python3.12/site-packages/pyriemann/utils/base.py", line 99, in logm
    return _matrix_operator(C, np.log)
           ^^^^^^^^^^^^^^^^^^^^^^^^^^^
  File "/home/slouviot/miniconda3/envs/mne/lib/python3.12/site-packages/pyriemann/utils/base.py", line 14, in _matrix_operator
    raise ValueError(
ValueError: Matrices must be positive definite. Add regularization to avoid this error.
"""

The above exception was the direct cause of the following exception:

Traceback (most recent call last):
  File "/home/slouviot/01_projects/eeg_brain_state_prediction/labs/svm_csp_classifier.py", line 442, in <module>
    classification(eeg_architecture,bs_architecture)
  File "/home/slouviot/01_projects/eeg_brain_state_prediction/labs/svm_csp_classifier.py", line 384, in classification
    scores = cross_val_multiscore(
             ^^^^^^^^^^^^^^^^^^^^^
  File "<decorator-gen-275>", line 12, in cross_val_multiscore
  File "/home/slouviot/miniconda3/envs/mne/lib/python3.12/site-packages/mne/decoding/base.py", line 412, in cross_val_multiscore
    scores = parallel(
             ^^^^^^^^^
  File "/home/slouviot/miniconda3/envs/mne/lib/python3.12/site-packages/joblib/parallel.py", line 2007, in __call__
    return output if self.return_generator else list(output)
                                                ^^^^^^^^^^^^
  File "/home/slouviot/miniconda3/envs/mne/lib/python3.12/site-packages/joblib/parallel.py", line 1650, in _get_outputs
    yield from self._retrieve()
  File "/home/slouviot/miniconda3/envs/mne/lib/python3.12/site-packages/joblib/parallel.py", line 1754, in _retrieve
    self._raise_error_fast()
  File "/home/slouviot/miniconda3/envs/mne/lib/python3.12/site-packages/joblib/parallel.py", line 1789, in _raise_error_fast
    error_job.get_result(self.timeout)
  File "/home/slouviot/miniconda3/envs/mne/lib/python3.12/site-packages/joblib/parallel.py", line 745, in get_result
    return self._return_or_raise()
           ^^^^^^^^^^^^^^^^^^^^^^^
  File "/home/slouviot/miniconda3/envs/mne/lib/python3.12/site-packages/joblib/parallel.py", line 763, in _return_or_raise
    raise self._result
ValueError: Matrices must be positive definite. Add regularization to avoid this error.
